Last login: Fri Dec 30 05:18:04 on ttys000
(base) wanzi@WanziMacBook ~ % ls
Applications	Google Drive	Pictures	go		test
CSB		IdeaProjects	Public		igv
Desktop		Library		R		opt
Documents	Movies		Zotero		perl5
Downloads	Music		demo		python
(base) wanzi@WanziMacBook ~ % cd R
(base) wanzi@WanziMacBook R % ls
ProgrammingForScientists2022	SVMmodel
(base) wanzi@WanziMacBook R % mkdir Transcript_workflow      
(base) wanzi@WanziMacBook R % cd Transcript_workflow 
(base) wanzi@WanziMacBook Transcript_workflow % wget https://repo.continuum.io/miniconda/Miniconda3-latest-MacOSX-x86_64.sh -O ~/miniconda.sh
--2023-01-11 19:20:19--  https://repo.continuum.io/miniconda/Miniconda3-latest-MacOSX-x86_64.sh
Resolving repo.continuum.io (repo.continuum.io)... 2606:4700::6812:c94f, 2606:4700::6812:c84f, 104.18.201.79, ...
Connecting to repo.continuum.io (repo.continuum.io)|2606:4700::6812:c94f|:443... connected.
HTTP request sent, awaiting response... 301 Moved Permanently
Location: https://repo.anaconda.com/miniconda/Miniconda3-latest-MacOSX-x86_64.sh [following]
--2023-01-11 19:20:19--  https://repo.anaconda.com/miniconda/Miniconda3-latest-MacOSX-x86_64.sh
Resolving repo.anaconda.com (repo.anaconda.com)... 2606:4700::6810:8303, 2606:4700::6810:8203, 104.16.131.3, ...
Connecting to repo.anaconda.com (repo.anaconda.com)|2606:4700::6810:8303|:443... connected.
HTTP request sent, awaiting response... 200 OK
Length: 46574107 (44M) [application/x-sh]
Saving to: '/Users/wanzi/miniconda.sh'

/Users/wanzi/miniconda.sh             100%[=======================================================================>]  44.42M  2.36MB/s    in 48s     

2023-01-11 19:21:07 (943 KB/s) - '/Users/wanzi/miniconda.sh' saved [46574107/46574107]

(base) wanzi@WanziMacBook Transcript_workflow % bash miniconda.sh -b -f -p ~/miniconda
bash: miniconda.sh: No such file or directory
(base) wanzi@WanziMacBook Transcript_workflow % bash miniconda.sh -b -f -p ~/miniconda.sh
bash: miniconda.sh: No such file or directory
(base) wanzi@WanziMacBook Transcript_workflow % bash miniconda.sh -b -f -p ~             
bash: miniconda.sh: No such file or directory
(base) wanzi@WanziMacBook Transcript_workflow % bash ~/miniconda.sh -b -f -p ~/miniconda
PREFIX=/Users/wanzi/miniconda
Unpacking payload ...
                                                                                                                                                      
Installing base environment...


Downloading and Extracting Packages


Downloading and Extracting Packages

Preparing transaction: done
Executing transaction: \ 
done
installation finished.
(base) wanzi@WanziMacBook Transcript_workflow % echo 'PATH="$HOME/miniconda/bin:$PATH' >> ~/.bash_profile
(base) wanzi@WanziMacBook Transcript_workflow % source ~/.bash_profile
/Users/wanzi/.bash_profile:19: unmatched "
(base) wanzi@WanziMacBook Transcript_workflow % source ~/.bash_profile
/Users/wanzi/.bash_profile:19: unmatched "
(base) wanzi@WanziMacBook Transcript_workflow % echo 'PATH="$HOME/miniconda/bin:$PATH"' >> ~/.bash_profile
(base) wanzi@WanziMacBook Transcript_workflow % source ~/.bash_profile                                    
/Users/wanzi/.bash_profile:20: unmatched "
(base) wanzi@WanziMacBook Transcript_workflow % echo 'PATH="$HOME/miniconda/bin:$"PATH' >> ~/.bash_profile
(base) wanzi@WanziMacBook Transcript_workflow % source ~/.bash_profile                                    
/Users/wanzi/.bash_profile:21: unmatched "
(base) wanzi@WanziMacBook Transcript_workflow % echo 'PATH=$HOME/miniconda/bin:$PATH' >> ~/.bash_profile 
(base) wanzi@WanziMacBook Transcript_workflow % source ~/.bash_profile                                  
/Users/wanzi/.bash_profile:22: unmatched "
(base) wanzi@WanziMacBook Transcript_workflow % echo PATH="$HOME/miniconda/bin:$PATH" >> ~/.bash_profile 
(base) wanzi@WanziMacBook Transcript_workflow % source ~/.bash_profile                                  
/Users/wanzi/.bash_profile:23: unmatched "
(base) wanzi@WanziMacBook Transcript_workflow % export PATH="/home/user/miniconda3/bin:$PATH"
(base) wanzi@WanziMacBook Transcript_workflow % echo "PATH="$HOME/miniconda/bin:$PATH"" >> ~/.bash_profile 
(base) wanzi@WanziMacBook Transcript_workflow % source ~/.bash_profile                                    
/Users/wanzi/.bash_profile:24: unmatched "
(base) wanzi@WanziMacBook Transcript_workflow % export PATH="$HOME/miniconda3/bin:$PATH"
(base) wanzi@WanziMacBook Transcript_workflow % source ~/.bash_profile
/Users/wanzi/.bash_profile:24: unmatched "
(base) wanzi@WanziMacBook Transcript_workflow % export PATH="$HOME/miniconda3/bin:$PATH" >> ~//bash_profile
(base) wanzi@WanziMacBook Transcript_workflow % source ~/.bash_profile                                     
/Users/wanzi/.bash_profile:24: unmatched "
(base) wanzi@WanziMacBook Transcript_workflow % echo 'PATH="$HOME/miniconda/bin:$PATH' >> ~/.bash_profile 
(base) wanzi@WanziMacBook Transcript_workflow % source ~/.bash_profile
(base) wanzi@WanziMacBook Transcript_workflow % conda config --add channels conda-forge
Warning: 'conda-forge' already in 'channels' list, moving to the top
(base) wanzi@WanziMacBook Transcript_workflow % conda config --add channels defaults
Warning: 'defaults' already in 'channels' list, moving to the top
(base) wanzi@WanziMacBook Transcript_workflow % conda config --add channels r
conda config --add channels bioconda
Warning: 'bioconda' already in 'channels' list, moving to the top
(base) wanzi@WanziMacBook Transcript_workflow % conda config --add channels r
Warning: 'r' already in 'channels' list, moving to the top
(base) wanzi@WanziMacBook Transcript_workflow % conda install -c anaconda git wget --yes
Collecting package metadata (current_repodata.json): done
Solving environment: done


==> WARNING: A newer version of conda exists. <==
  current version: 22.9.0
  latest version: 22.11.1

Please update conda by running

    $ conda update -n base -c conda-forge conda



## Package Plan ##

  environment location: /Users/wanzi/opt/anaconda3

  added / updated specs:
    - git
    - wget


The following packages will be downloaded:

    package                    |            build
    ---------------------------|-----------------
    conda-22.11.1              |   py39hecd8cb5_4         941 KB
    expat-2.4.4                |       he9d5cce_0         145 KB  anaconda
    gettext-0.21.0             |       h7535e17_0         3.4 MB  anaconda
    git-2.34.1                 | pl5262h74264fa_0        13.8 MB  anaconda
    pcre2-10.37                |       he7042d7_1         1.1 MB  anaconda
    perl-5.26.2                |       h4e221da_0        14.8 MB  anaconda
    ruamel.yaml-0.16.12        |   py39h9ed2024_1         180 KB  anaconda
    ruamel.yaml.clib-0.2.6     |   py39hca72f7f_0         138 KB  anaconda
    wget-1.21.3                |       h6dfd666_0         366 KB  anaconda
    ------------------------------------------------------------
                                           Total:        34.9 MB

The following NEW packages will be INSTALLED:

  expat              anaconda/osx-64::expat-2.4.4-he9d5cce_0 None
  gettext            anaconda/osx-64::gettext-0.21.0-h7535e17_0 None
  git                anaconda/osx-64::git-2.34.1-pl5262h74264fa_0 None
  pcre2              anaconda/osx-64::pcre2-10.37-he7042d7_1 None
  perl               anaconda/osx-64::perl-5.26.2-h4e221da_0 None
  ruamel.yaml        anaconda/osx-64::ruamel.yaml-0.16.12-py39h9ed2024_1 None
  ruamel.yaml.clib   anaconda/osx-64::ruamel.yaml.clib-0.2.6-py39hca72f7f_0 None

The following packages will be UPDATED:

  conda              conda-forge::conda-22.9.0-py39h6e9494~ --> pkgs/main::conda-22.11.1-py39hecd8cb5_4 None

The following packages will be SUPERSEDED by a higher-priority channel:

  wget                                            pkgs/main --> anaconda None



Downloading and Extracting Packages
gettext-0.21.0       | 3.4 MB    | ########################################################################################################### | 100% 
perl-5.26.2          | 14.8 MB   | ########################################################################################################### | 100% 
wget-1.21.3          | 366 KB    | ########################################################################################################### | 100% 
git-2.34.1           | 13.8 MB   | ########################################################################################################### | 100% 
pcre2-10.37          | 1.1 MB    | ########################################################################################################### | 100% 
expat-2.4.4          | 145 KB    | ########################################################################################################### | 100% 
conda-22.11.1        | 941 KB    | ########################################################################################################### | 100% 
ruamel.yaml.clib-0.2 | 138 KB    | ########################################################################################################### | 100% 
ruamel.yaml-0.16.12  | 180 KB    | ########################################################################################################### | 100% 
Preparing transaction: done
Verifying transaction: done
Executing transaction: done
Retrieving notices: ...working... done
(base) wanzi@WanziMacBook Transcript_workflow % git clone https://github.com/twbattaglia/RNAseq-workflow new_workflow
Cloning into 'new_workflow'...
remote: Enumerating objects: 119, done.
remote: Total 119 (delta 0), reused 0 (delta 0), pack-reused 119
Receiving objects: 100% (119/119), 3.72 MiB | 630.00 KiB/s, done.
Resolving deltas: 100% (51/51), done.
(base) wanzi@WanziMacBook Transcript_workflow % git clone https://github.com/twbattaglia/RNAseq-workflow /Users/wanzi/R/Transcript_workflow
fatal: destination path '/Users/wanzi/R/Transcript_workflow' already exists and is not an empty directory.
(base) wanzi@WanziMacBook Transcript_workflow % git clone https://github.com/twbattaglia/RNAseq-workflow workflow                          
Cloning into 'workflow'...
remote: Enumerating objects: 119, done.
remote: Total 119 (delta 0), reused 0 (delta 0), pack-reused 119
Receiving objects: 100% (119/119), 3.72 MiB | 2.21 MiB/s, done.
Resolving deltas: 100% (51/51), done.
(base) wanzi@WanziMacBook Transcript_workflow % cd workflow
(base) wanzi@WanziMacBook workflow % nohup wget https://ftp.ensembl.org/pub/release-108/fasta/marmota_marmota_marmota/dna/Marmota_marmota_marmota.marMar2.1.dna.nonchromosomal.fa.gz
appending output to nohup.out
/
^C
(base) wanzi@WanziMacBook workflow % wget -P https://ftp.ensembl.org/pub/release-108/fasta/marmota_marmota_marmota/dna/Marmota_marmota_marmota.marMar2.1.dna.nonchromosomal.fa.gz
wget: missing URL
Usage: wget [OPTION]... [URL]...

Try `wget --help' for more options.
(base) wanzi@WanziMacBook workflow % wget --help
GNU Wget 1.21.3, a non-interactive network retriever.
Usage: wget [OPTION]... [URL]...

Mandatory arguments to long options are mandatory for short options too.

Startup:
  -V,  --version                   display the version of Wget and exit
  -h,  --help                      print this help
  -b,  --background                go to background after startup
  -e,  --execute=COMMAND           execute a `.wgetrc'-style command

Logging and input file:
  -o,  --output-file=FILE          log messages to FILE
  -a,  --append-output=FILE        append messages to FILE
  -d,  --debug                     print lots of debugging information
  -q,  --quiet                     quiet (no output)
  -v,  --verbose                   be verbose (this is the default)
  -nv, --no-verbose                turn off verboseness, without being quiet
       --report-speed=TYPE         output bandwidth as TYPE.  TYPE can be bits
  -i,  --input-file=FILE           download URLs found in local or external FILE
  -F,  --force-html                treat input file as HTML
  -B,  --base=URL                  resolves HTML input-file links (-i -F)
                                     relative to URL
       --config=FILE               specify config file to use
       --no-config                 do not read any config file
       --rejected-log=FILE         log reasons for URL rejection to FILE

Download:
  -t,  --tries=NUMBER              set number of retries to NUMBER (0 unlimits)
       --retry-connrefused         retry even if connection is refused
       --retry-on-http-error=ERRORS    comma-separated list of HTTP errors to retry
  -O,  --output-document=FILE      write documents to FILE
  -nc, --no-clobber                skip downloads that would download to
                                     existing files (overwriting them)
       --no-netrc                  don't try to obtain credentials from .netrc
  -c,  --continue                  resume getting a partially-downloaded file
       --start-pos=OFFSET          start downloading from zero-based position OFFSET
       --progress=TYPE             select progress gauge type
       --show-progress             display the progress bar in any verbosity mode
  -N,  --timestamping              don't re-retrieve files unless newer than
                                     local
       --no-if-modified-since      don't use conditional if-modified-since get
                                     requests in timestamping mode
       --no-use-server-timestamps  don't set the local file's timestamp by
                                     the one on the server
  -S,  --server-response           print server response
       --spider                    don't download anything
  -T,  --timeout=SECONDS           set all timeout values to SECONDS
       --dns-timeout=SECS          set the DNS lookup timeout to SECS
       --connect-timeout=SECS      set the connect timeout to SECS
       --read-timeout=SECS         set the read timeout to SECS
  -w,  --wait=SECONDS              wait SECONDS between retrievals
                                     (applies if more then 1 URL is to be retrieved)
       --waitretry=SECONDS         wait 1..SECONDS between retries of a retrieval
                                     (applies if more then 1 URL is to be retrieved)
       --random-wait               wait from 0.5*WAIT...1.5*WAIT secs between retrievals
                                     (applies if more then 1 URL is to be retrieved)
       --no-proxy                  explicitly turn off proxy
  -Q,  --quota=NUMBER              set retrieval quota to NUMBER
       --bind-address=ADDRESS      bind to ADDRESS (hostname or IP) on local host
       --limit-rate=RATE           limit download rate to RATE
       --no-dns-cache              disable caching DNS lookups
       --restrict-file-names=OS    restrict chars in file names to ones OS allows
       --ignore-case               ignore case when matching files/directories
  -4,  --inet4-only                connect only to IPv4 addresses
  -6,  --inet6-only                connect only to IPv6 addresses
       --prefer-family=FAMILY      connect first to addresses of specified family,
                                     one of IPv6, IPv4, or none
       --user=USER                 set both ftp and http user to USER
       --password=PASS             set both ftp and http password to PASS
       --ask-password              prompt for passwords
       --use-askpass=COMMAND       specify credential handler for requesting 
                                     username and password.  If no COMMAND is 
                                     specified the WGET_ASKPASS or the SSH_ASKPASS 
                                     environment variable is used.
       --no-iri                    turn off IRI support
       --local-encoding=ENC        use ENC as the local encoding for IRIs
       --remote-encoding=ENC       use ENC as the default remote encoding
       --unlink                    remove file before clobber
       --xattr                     turn on storage of metadata in extended file attributes

Directories:
  -nd, --no-directories            don't create directories
  -x,  --force-directories         force creation of directories
  -nH, --no-host-directories       don't create host directories
       --protocol-directories      use protocol name in directories
  -P,  --directory-prefix=PREFIX   save files to PREFIX/..
       --cut-dirs=NUMBER           ignore NUMBER remote directory components

HTTP options:
       --http-user=USER            set http user to USER
       --http-password=PASS        set http password to PASS
       --no-cache                  disallow server-cached data
       --default-page=NAME         change the default page name (normally
                                     this is 'index.html'.)
  -E,  --adjust-extension          save HTML/CSS documents with proper extensions
       --ignore-length             ignore 'Content-Length' header field
       --header=STRING             insert STRING among the headers
       --compression=TYPE          choose compression, one of auto, gzip and none. (default: none)
       --max-redirect              maximum redirections allowed per page
       --proxy-user=USER           set USER as proxy username
       --proxy-password=PASS       set PASS as proxy password
       --referer=URL               include 'Referer: URL' header in HTTP request
       --save-headers              save the HTTP headers to file
  -U,  --user-agent=AGENT          identify as AGENT instead of Wget/VERSION
       --no-http-keep-alive        disable HTTP keep-alive (persistent connections)
       --no-cookies                don't use cookies
       --load-cookies=FILE         load cookies from FILE before session
       --save-cookies=FILE         save cookies to FILE after session
       --keep-session-cookies      load and save session (non-permanent) cookies
       --post-data=STRING          use the POST method; send STRING as the data
       --post-file=FILE            use the POST method; send contents of FILE
       --method=HTTPMethod         use method "HTTPMethod" in the request
       --body-data=STRING          send STRING as data. --method MUST be set
       --body-file=FILE            send contents of FILE. --method MUST be set
       --content-disposition       honor the Content-Disposition header when
                                     choosing local file names (EXPERIMENTAL)
       --content-on-error          output the received content on server errors
       --auth-no-challenge         send Basic HTTP authentication information
                                     without first waiting for the server's
                                     challenge

HTTPS (SSL/TLS) options:
       --secure-protocol=PR        choose secure protocol, one of auto, SSLv2,
                                     SSLv3, TLSv1, TLSv1_1, TLSv1_2, TLSv1_3 and PFS
       --https-only                only follow secure HTTPS links
       --no-check-certificate      don't validate the server's certificate
       --certificate=FILE          client certificate file
       --certificate-type=TYPE     client certificate type, PEM or DER
       --private-key=FILE          private key file
       --private-key-type=TYPE     private key type, PEM or DER
       --ca-certificate=FILE       file with the bundle of CAs
       --ca-directory=DIR          directory where hash list of CAs is stored
       --crl-file=FILE             file with bundle of CRLs
       --pinnedpubkey=FILE/HASHES  Public key (PEM/DER) file, or any number
                                   of base64 encoded sha256 hashes preceded by
                                   'sha256//' and separated by ';', to verify
                                   peer against
       --random-file=FILE          file with random data for seeding the SSL PRNG

       --ciphers=STR           Set the priority string (GnuTLS) or cipher list string (OpenSSL) directly.
                                   Use with care. This option overrides --secure-protocol.
                                   The format and syntax of this string depend on the specific SSL/TLS engine.
HSTS options:
       --no-hsts                   disable HSTS
       --hsts-file                 path of HSTS database (will override default)

FTP options:
       --ftp-user=USER             set ftp user to USER
       --ftp-password=PASS         set ftp password to PASS
       --no-remove-listing         don't remove '.listing' files
       --no-glob                   turn off FTP file name globbing
       --no-passive-ftp            disable the "passive" transfer mode
       --preserve-permissions      preserve remote file permissions
       --retr-symlinks             when recursing, get linked-to files (not dir)

FTPS options:
       --ftps-implicit                 use implicit FTPS (default port is 990)
       --ftps-resume-ssl               resume the SSL/TLS session started in the control connection when
                                         opening a data connection
       --ftps-clear-data-connection    cipher the control channel only; all the data will be in plaintext
       --ftps-fallback-to-ftp          fall back to FTP if FTPS is not supported in the target server
WARC options:
       --warc-file=FILENAME        save request/response data to a .warc.gz file
       --warc-header=STRING        insert STRING into the warcinfo record
       --warc-max-size=NUMBER      set maximum size of WARC files to NUMBER
       --warc-cdx                  write CDX index files
       --warc-dedup=FILENAME       do not store records listed in this CDX file
       --no-warc-compression       do not compress WARC files with GZIP
       --no-warc-digests           do not calculate SHA1 digests
       --no-warc-keep-log          do not store the log file in a WARC record
       --warc-tempdir=DIRECTORY    location for temporary files created by the
                                     WARC writer

Recursive download:
  -r,  --recursive                 specify recursive download
  -l,  --level=NUMBER              maximum recursion depth (inf or 0 for infinite)
       --delete-after              delete files locally after downloading them
  -k,  --convert-links             make links in downloaded HTML or CSS point to
                                     local files
       --convert-file-only         convert the file part of the URLs only (usually known as the basename)
       --backups=N                 before writing file X, rotate up to N backup files
  -K,  --backup-converted          before converting file X, back up as X.orig
  -m,  --mirror                    shortcut for -N -r -l inf --no-remove-listing
  -p,  --page-requisites           get all images, etc. needed to display HTML page
       --strict-comments           turn on strict (SGML) handling of HTML comments

Recursive accept/reject:
  -A,  --accept=LIST               comma-separated list of accepted extensions
  -R,  --reject=LIST               comma-separated list of rejected extensions
       --accept-regex=REGEX        regex matching accepted URLs
       --reject-regex=REGEX        regex matching rejected URLs
       --regex-type=TYPE           regex type (posix)
  -D,  --domains=LIST              comma-separated list of accepted domains
       --exclude-domains=LIST      comma-separated list of rejected domains
       --follow-ftp                follow FTP links from HTML documents
       --follow-tags=LIST          comma-separated list of followed HTML tags
       --ignore-tags=LIST          comma-separated list of ignored HTML tags
  -H,  --span-hosts                go to foreign hosts when recursive
  -L,  --relative                  follow relative links only
  -I,  --include-directories=LIST  list of allowed directories
       --trust-server-names        use the name specified by the redirection
                                     URL's last component
  -X,  --exclude-directories=LIST  list of excluded directories
  -np, --no-parent                 don't ascend to the parent directory

Email bug reports, questions, discussions to <bug-wget@gnu.org>
and/or open issues at https://savannah.gnu.org/bugs/?func=additem&group=wget.
(base) wanzi@WanziMacBook workflow % wget -P ftp://ftp.ensembl.org/pub/release-108/fasta/marmota_marmota_marmota/dna/Marmota_marmota_marmota.marMar2.1.dna.nonchromosomal.fa.gz 
wget: missing URL
Usage: wget [OPTION]... [URL]...

Try `wget --help' for more options.
(base) wanzi@WanziMacBook workflow % wget -P genome/ ftp://ftp.ensembl.org/pub/release-108/fasta/marmota_marmota_marmota/dna/Marmota_marmota_marmota.marMar2.1.dna.nonchromosomal.fa.gz
--2023-01-11 20:05:27--  ftp://ftp.ensembl.org/pub/release-108/fasta/marmota_marmota_marmota/dna/Marmota_marmota_marmota.marMar2.1.dna.nonchromosomal.fa.gz
           => 'genome/Marmota_marmota_marmota.marMar2.1.dna.nonchromosomal.fa.gz'
Resolving ftp.ensembl.org (ftp.ensembl.org)... 193.62.193.139
Connecting to ftp.ensembl.org (ftp.ensembl.org)|193.62.193.139|:21... connected.
Logging in as anonymous ... Logged in!
==> SYST ... done.    ==> PWD ... done.
==> TYPE I ... done.  ==> CWD (1) /pub/release-108/fasta/marmota_marmota_marmota/dna ... done.
==> SIZE Marmota_marmota_marmota.marMar2.1.dna.nonchromosomal.fa.gz ... 738252394
==> PASV ... done.    ==> RETR Marmota_marmota_marmota.marMar2.1.dna.nonchromosomal.fa.gz ... done.
Length: 738252394 (704M) (unauthoritative)

Marmota_marmota_marmota.marMar2.1.dna 100%[======================================================================>] 704.05M  1.16MB/s    in 13m 14s 

2023-01-11 20:18:43 (908 KB/s) - 'genome/Marmota_marmota_marmota.marMar2.1.dna.nonchromosomal.fa.gz' saved [738252394]

(base) wanzi@WanziMacBook workflow % wget -P annotation/ ftp://ftp.ensembl.org/pub/release-108/gtf/marmota_marmota_marmota/Marmota_marmota_marmota.marMar2.1.108.abinitio.gtf.gz
--2023-01-11 20:24:00--  ftp://ftp.ensembl.org/pub/release-108/gtf/marmota_marmota_marmota/Marmota_marmota_marmota.marMar2.1.108.abinitio.gtf.gz
           => 'annotation/Marmota_marmota_marmota.marMar2.1.108.abinitio.gtf.gz'
Resolving ftp.ensembl.org (ftp.ensembl.org)... 193.62.193.139
Connecting to ftp.ensembl.org (ftp.ensembl.org)|193.62.193.139|:21... connected.
Logging in as anonymous ... Logged in!
==> SYST ... done.    ==> PWD ... done.
==> TYPE I ... done.  ==> CWD (1) /pub/release-108/gtf/marmota_marmota_marmota ... done.
==> SIZE Marmota_marmota_marmota.marMar2.1.108.abinitio.gtf.gz ... 3349814
==> PASV ... done.    ==> RETR Marmota_marmota_marmota.marMar2.1.108.abinitio.gtf.gz ... done.
Length: 3349814 (3.2M) (unauthoritative)

Marmota_marmota_marmota.marMar2.1.108 100%[======================================================================>]   3.19M   111KB/s    in 17s     

2023-01-11 20:24:23 (195 KB/s) - 'annotation/Marmota_marmota_marmota.marMar2.1.108.abinitio.gtf.gz' saved [3349814]

(base) wanzi@WanziMacBook workflow % gunzip genome/Marmota_marmota_marmota.marMar2.1.dna.nonchromosomal.fa.gz
(base) wanzi@WanziMacBook workflow % gunzip annotation/Marmota_marmota_marmota.marMar2.1.108.abinitio.gtf.gz
(base) wanzi@WanziMacBook workflow % conda install -c bioconda fastqc --yes
Retrieving notices: ...working... done
Collecting package metadata (current_repodata.json): done
Solving environment: done

## Package Plan ##

  environment location: /Users/wanzi/opt/anaconda3

  added / updated specs:
    - fastqc


The following packages will be downloaded:

    package                    |            build
    ---------------------------|-----------------
    fastqc-0.11.9              |       hdfd78af_1         9.7 MB  bioconda
    font-ttf-dejavu-sans-mono-2.37|       hd3eb1b0_0         335 KB
    fontconfig-2.13.94         |       h10f422b_0         285 KB  conda-forge
    openjdk-11.0.13            |       h8346a28_0       166.6 MB
    ------------------------------------------------------------
                                           Total:       176.9 MB

The following NEW packages will be INSTALLED:

  fastqc             bioconda/noarch::fastqc-0.11.9-hdfd78af_1 
  font-ttf-dejavu-s~ pkgs/main/noarch::font-ttf-dejavu-sans-mono-2.37-hd3eb1b0_0 
  fontconfig         conda-forge/osx-64::fontconfig-2.13.94-h10f422b_0 
  openjdk            pkgs/main/osx-64::openjdk-11.0.13-h8346a28_0 



Downloading and Extracting Packages
                                                                                                                                                                                      
Preparing transaction: done                                                                                                                                                           
Verifying transaction: done                                                                                                                                                           
Executing transaction: done                                                                                                                                                           
(base) wanzi@WanziMacBook workflow % fastqc -h

            FastQC - A high throughput sequence QC analysis tool

SYNOPSIS

	fastqc seqfile1 seqfile2 .. seqfileN

    fastqc [-o output dir] [--(no)extract] [-f fastq|bam|sam] 
           [-c contaminant file] seqfile1 .. seqfileN

DESCRIPTION

    FastQC reads a set of sequence files and produces from each one a quality
    control report consisting of a number of different modules, each one of 
    which will help to identify a different potential type of problem in your
    data.
    
    If no files to process are specified on the command line then the program
    will start as an interactive graphical application.  If files are provided
    on the command line then the program will run with no user interaction
    required.  In this mode it is suitable for inclusion into a standardised
    analysis pipeline.
    
    The options for the program as as follows:
    
    -h --help       Print this help file and exit
    
    -v --version    Print the version of the program and exit
    
    -o --outdir     Create all output files in the specified output directory.
                    Please note that this directory must exist as the program
                    will not create it.  If this option is not set then the 
                    output file for each sequence file is created in the same
                    directory as the sequence file which was processed.
                    
    --casava        Files come from raw casava output. Files in the same sample
                    group (differing only by the group number) will be analysed
                    as a set rather than individually. Sequences with the filter
                    flag set in the header will be excluded from the analysis.
                    Files must have the same names given to them by casava
                    (including being gzipped and ending with .gz) otherwise they
                    won't be grouped together correctly.
                    
    --nano          Files come from nanopore sequences and are in fast5 format. In
                    this mode you can pass in directories to process and the program
                    will take in all fast5 files within those directories and produce
                    a single output file from the sequences found in all files.                    
                    
    --nofilter      If running with --casava then don't remove read flagged by
                    casava as poor quality when performing the QC analysis.
                   
    --extract       If set then the zipped output file will be uncompressed in
                    the same directory after it has been created.  By default
                    this option will be set if fastqc is run in non-interactive
                    mode.
                    
    -j --java       Provides the full path to the java binary you want to use to
                    launch fastqc. If not supplied then java is assumed to be in
                    your path.
                   
    --noextract     Do not uncompress the output file after creating it.  You
                    should set this option if you do not wish to uncompress
                    the output when running in non-interactive mode.
                    
    --nogroup       Disable grouping of bases for reads >50bp. All reports will
                    show data for every base in the read.  WARNING: Using this
                    option will cause fastqc to crash and burn if you use it on
                    really long reads, and your plots may end up a ridiculous size.
                    You have been warned!
                    
    --min_length    Sets an artificial lower limit on the length of the sequence
                    to be shown in the report.  As long as you set this to a value
                    greater or equal to your longest read length then this will be
                    the sequence length used to create your read groups.  This can
                    be useful for making directly comaparable statistics from 
                    datasets with somewhat variable read lengths.
                    
    -f --format     Bypasses the normal sequence file format detection and
                    forces the program to use the specified format.  Valid
                    formats are bam,sam,bam_mapped,sam_mapped and fastq
                    
    -t --threads    Specifies the number of files which can be processed
                    simultaneously.  Each thread will be allocated 250MB of
                    memory so you shouldn't run more threads than your
                    available memory will cope with, and not more than
                    6 threads on a 32 bit machine
                  
    -c              Specifies a non-default file which contains the list of
    --contaminants  contaminants to screen overrepresented sequences against.
                    The file must contain sets of named contaminants in the
                    form name[tab]sequence.  Lines prefixed with a hash will
                    be ignored.

    -a              Specifies a non-default file which contains the list of
    --adapters      adapter sequences which will be explicity searched against
                    the library. The file must contain sets of named adapters
                    in the form name[tab]sequence.  Lines prefixed with a hash
                    will be ignored.
                    
    -l              Specifies a non-default file which contains a set of criteria
    --limits        which will be used to determine the warn/error limits for the
                    various modules.  This file can also be used to selectively 
                    remove some modules from the output all together.  The format
                    needs to mirror the default limits.txt file found in the
                    Configuration folder.
                    
   -k --kmers       Specifies the length of Kmer to look for in the Kmer content
                    module. Specified Kmer length must be between 2 and 10. Default
                    length is 7 if not specified.
                    
   -q --quiet       Supress all progress messages on stdout and only report errors.
   
   -d --dir         Selects a directory to be used for temporary files written when
                    generating report images. Defaults to system temp directory if
                    not specified.
                    
BUGS

    Any bugs in fastqc should be reported either to simon.andrews@babraham.ac.uk
    or in www.bioinformatics.babraham.ac.uk/bugzilla/
                   
    
(base) wanzi@WanziMacBook workflow % wget -p genome/ ftp://ftp.sanger.ac.uk/pub/gencode/Gencode_human/release_25/GRCh38.p7.genome.fa.gz

--2023-01-11 20:31:55--  http://genome/
Resolving genome (genome)... failed: nodename nor servname provided, or not known.
wget: unable to resolve host address 'genome'
--2023-01-11 20:31:55--  ftp://ftp.sanger.ac.uk/pub/gencode/Gencode_human/release_25/GRCh38.p7.genome.fa.gz
           => 'ftp.sanger.ac.uk/pub/gencode/Gencode_human/release_25/GRCh38.p7.genome.fa.gz'
Resolving ftp.sanger.ac.uk (ftp.sanger.ac.uk)... 193.62.203.115
Connecting to ftp.sanger.ac.uk (ftp.sanger.ac.uk)|193.62.203.115|:21... connected.
Logging in as anonymous ... Logged in!
==> SYST ... done.    ==> PWD ... done.
==> TYPE I ... done.  ==> CWD (1) /pub/gencode/Gencode_human/release_25 ... 
No such directory 'pub/gencode/Gencode_human/release_25'.

(base) wanzi@WanziMacBook workflow % wget -P annotation/ ftp://ftp.sanger.ac.uk/pub/gencode/Gencode_human/release_25/gencode.v25.annotation.gtf.gz
--2023-01-11 20:32:03--  ftp://ftp.sanger.ac.uk/pub/gencode/Gencode_human/release_25/gencode.v25.annotation.gtf.gz
           => 'annotation/gencode.v25.annotation.gtf.gz'
Resolving ftp.sanger.ac.uk (ftp.sanger.ac.uk)... 193.62.203.115
Connecting to ftp.sanger.ac.uk (ftp.sanger.ac.uk)|193.62.203.115|:21... connected.
Logging in as anonymous ... Logged in!
==> SYST ... done.    ==> PWD ... done.
==> TYPE I ... done.  ==> CWD (1) /pub/gencode/Gencode_human/release_25 ... 
No such directory 'pub/gencode/Gencode_human/release_25'.

(base) wanzi@WanziMacBook workflow % gunzip genome/GRCh38.p7.genome.fa.gz 
gunzip: can't stat: genome/GRCh38.p7.genome.fa.gz (genome/GRCh38.p7.genome.fa.gz.gz): No such file or directory
(base) wanzi@WanziMacBook workflow % gunzip annotation/gencode.v25.annotation.gtf.gz
gunzip: can't stat: annotation/gencode.v25.annotation.gtf.gz (annotation/gencode.v25.annotation.gtf.gz.gz): No such file or directory
(base) wanzi@WanziMacBook workflow % wget -p genome/ ftp://ftp.ensembl.org/pub/release-108/fasta/homo_sapiens/dna/                         

--2023-01-11 20:34:25--  http://genome/
Resolving genome (genome)... failed: nodename nor servname provided, or not known.
wget: unable to resolve host address 'genome'
--2023-01-11 20:34:25--  ftp://ftp.ensembl.org/pub/release-108/fasta/homo_sapiens/dna/
           => 'ftp.ensembl.org/pub/release-108/fasta/homo_sapiens/dna/.listing'
Resolving ftp.ensembl.org (ftp.ensembl.org)... 193.62.193.139
Connecting to ftp.ensembl.org (ftp.ensembl.org)|193.62.193.139|:21... connected.
Logging in as anonymous ... Logged in!
==> SYST ... done.    ==> PWD ... done.
==> TYPE I ... done.  ==> CWD (1) /pub/release-108/fasta/homo_sapiens/dna ... done.
==> PASV ... done.    ==> LIST ... done.

ftp.ensembl.org/pub/release-108/fasta/homo_sa     [ <=>                                                                                            ]   8.94K  54.3KB/s    in 0.2s    

2023-01-11 20:34:27 (54.3 KB/s) - 'ftp.ensembl.org/pub/release-108/fasta/homo_sapiens/dna/.listing' saved [9156]

Removed 'ftp.ensembl.org/pub/release-108/fasta/homo_sapiens/dna/.listing'.
Wrote HTML-ized index to 'ftp.ensembl.org/pub/release-108/fasta/homo_sapiens/dna/index.html' [19649].
(base) wanzi@WanziMacBook workflow % wget -p annotation/ ftp://ftp.ensembl.org/pub/release-108/gtf/homo_sapiens/Homo_sapiens.GRCh38.108.abinitio.gtf.gz
--2023-01-11 20:35:58--  http://annotation/
Resolving annotation (annotation)... failed: nodename nor servname provided, or not known.
wget: unable to resolve host address 'annotation'
--2023-01-11 20:35:59--  ftp://ftp.ensembl.org/pub/release-108/gtf/homo_sapiens/Homo_sapiens.GRCh38.108.abinitio.gtf.gz
           => 'ftp.ensembl.org/pub/release-108/gtf/homo_sapiens/Homo_sapiens.GRCh38.108.abinitio.gtf.gz'
Resolving ftp.ensembl.org (ftp.ensembl.org)... 193.62.193.139
Connecting to ftp.ensembl.org (ftp.ensembl.org)|193.62.193.139|:21... connected.
Logging in as anonymous ... Logged in!
==> SYST ... done.    ==> PWD ... done.
==> TYPE I ... done.  ==> CWD (1) /pub/release-108/gtf/homo_sapiens ... done.
==> SIZE Homo_sapiens.GRCh38.108.abinitio.gtf.gz ... 3430411
==> PASV ... done.    ==> RETR Homo_sapiens.GRCh38.108.abinitio.gtf.gz ... done.
Length: 3430411 (3.3M) (unauthoritative)

ftp.ensembl.org/pub/release-108/gtf/homo_sapi 100%[===============================================================================================>]   3.27M  1.49MB/s    in 2.2s    

2023-01-11 20:36:03 (1.49 MB/s) - 'ftp.ensembl.org/pub/release-108/gtf/homo_sapiens/Homo_sapiens.GRCh38.108.abinitio.gtf.gz' saved [3430411]

FINISHED --2023-01-11 20:36:03--
Total wall clock time: 4.1s
Downloaded: 1 files, 3.3M in 2.2s (1.49 MB/s)
(base) wanzi@WanziMacBook workflow % gunzip genome/Homo_sapiens.GRCh38.dna.alt.fa.gz
gunzip: can't stat: genome/Homo_sapiens.GRCh38.dna.alt.fa.gz (genome/Homo_sapiens.GRCh38.dna.alt.fa.gz.gz): No such file or directory
(base) wanzi@WanziMacBook workflow % wget -p genome/ ftp://ftp.ensembl.org/pub/release-108/fasta/homo_sapiens/dna/Homo_sapiens.GRCh38.dna.alt.fa.gz    
--2023-01-11 20:37:44--  http://genome/
Resolving genome (genome)... failed: nodename nor servname provided, or not known.
wget: unable to resolve host address 'genome'
--2023-01-11 20:37:44--  ftp://ftp.ensembl.org/pub/release-108/fasta/homo_sapiens/dna/Homo_sapiens.GRCh38.dna.alt.fa.gz
           => 'ftp.ensembl.org/pub/release-108/fasta/homo_sapiens/dna/Homo_sapiens.GRCh38.dna.alt.fa.gz'
Resolving ftp.ensembl.org (ftp.ensembl.org)... 193.62.193.139
Connecting to ftp.ensembl.org (ftp.ensembl.org)|193.62.193.139|:21... connected.
Logging in as anonymous ... Logged in!
==> SYST ... done.    ==> PWD ... done.
==> TYPE I ... done.  ==> CWD (1) /pub/release-108/fasta/homo_sapiens/dna ... done.
==> SIZE Homo_sapiens.GRCh38.dna.alt.fa.gz ... 226443084
==> PASV ... done.    ==> RETR Homo_sapiens.GRCh38.dna.alt.fa.gz ... done.
Length: 226443084 (216M) (unauthoritative)

ftp.ensembl.org/pub/release-108/fasta/homo_sa 100%[===============================================================================================>] 215.95M  1.06MB/s    in 4m 38s  

2023-01-11 20:42:25 (796 KB/s) - 'ftp.ensembl.org/pub/release-108/fasta/homo_sapiens/dna/Homo_sapiens.GRCh38.dna.alt.fa.gz' saved [226443084]

FINISHED --2023-01-11 20:42:25--
Total wall clock time: 4m 41s
Downloaded: 1 files, 216M in 4m 38s (796 KB/s)
(base) wanzi@WanziMacBook workflow % wget -p genome/ ftp://ftp.ensembl.org/pub/release-108/fasta/mus_musculus/dna/Mus_musculus.GRCm39.dna.chromosome.1.fa.gz
--2023-01-11 21:23:28--  http://genome/
Resolving genome (genome)... failed: nodename nor servname provided, or not known.
wget: unable to resolve host address 'genome'
--2023-01-11 21:23:28--  ftp://ftp.ensembl.org/pub/release-108/fasta/mus_musculus/dna/Mus_musculus.GRCm39.dna.chromosome.1.fa.gz
           => 'ftp.ensembl.org/pub/release-108/fasta/mus_musculus/dna/Mus_musculus.GRCm39.dna.chromosome.1.fa.gz'
Resolving ftp.ensembl.org (ftp.ensembl.org)... 193.62.193.139
Connecting to ftp.ensembl.org (ftp.ensembl.org)|193.62.193.139|:21... connected.
Logging in as anonymous ... Logged in!
==> SYST ... done.    ==> PWD ... done.
==> TYPE I ... done.  ==> CWD (1) /pub/release-108/fasta/mus_musculus/dna ... done.
==> SIZE Mus_musculus.GRCm39.dna.chromosome.1.fa.gz ... 58349084
==> PASV ... done.    ==> RETR Mus_musculus.GRCm39.dna.chromosome.1.fa.gz ... done.
Length: 58349084 (56M) (unauthoritative)

ftp.ensembl.org/pub/release-108/fasta/mus_mus 100%[===============================================================================================>]  55.65M   665KB/s    in 55s     

2023-01-11 21:24:25 (1.02 MB/s) - 'ftp.ensembl.org/pub/release-108/fasta/mus_musculus/dna/Mus_musculus.GRCm39.dna.chromosome.1.fa.gz' saved [58349084]

FINISHED --2023-01-11 21:24:25--
Total wall clock time: 57s
Downloaded: 1 files, 56M in 55s (1.02 MB/s)
(base) wanzi@WanziMacBook workflow % wget -p genome/ ftp://ftp.ensembl.org/pub/release-108/gtf/mus_musculus/Mus_musculus.GRCm39.108.abinitio.gtf.gz         
--2023-01-11 21:27:37--  http://genome/
Resolving genome (genome)... failed: nodename nor servname provided, or not known.
wget: unable to resolve host address 'genome'
--2023-01-11 21:27:37--  ftp://ftp.ensembl.org/pub/release-108/gtf/mus_musculus/Mus_musculus.GRCm39.108.abinitio.gtf.gz
           => 'ftp.ensembl.org/pub/release-108/gtf/mus_musculus/Mus_musculus.GRCm39.108.abinitio.gtf.gz'
Resolving ftp.ensembl.org (ftp.ensembl.org)... 193.62.193.139
Connecting to ftp.ensembl.org (ftp.ensembl.org)|193.62.193.139|:21... connected.
Logging in as anonymous ... Logged in!
==> SYST ... done.    ==> PWD ... done.
==> TYPE I ... done.  ==> CWD (1) /pub/release-108/gtf/mus_musculus ... done.
==> SIZE Mus_musculus.GRCm39.108.abinitio.gtf.gz ... 110
==> PASV ... done.    ==> RETR Mus_musculus.GRCm39.108.abinitio.gtf.gz ... done.
Length: 110 (unauthoritative)

ftp.ensembl.org/pub/release-108/gtf/mus_muscu 100%[===============================================================================================>]     110  --.-KB/s    in 0.02s   

2023-01-11 21:27:38 (6.65 KB/s) - 'ftp.ensembl.org/pub/release-108/gtf/mus_musculus/Mus_musculus.GRCm39.108.abinitio.gtf.gz' saved [110]

FINISHED --2023-01-11 21:27:38--
Total wall clock time: 1.3s
Downloaded: 1 files, 110 in 0.02s (6.65 KB/s)
(base) wanzi@WanziMacBook workflow % gunzip Mus_musculus.GRCm39.108.abinitio.gtf.gz
gunzip: can't stat: Mus_musculus.GRCm39.108.abinitio.gtf.gz (Mus_musculus.GRCm39.108.abinitio.gtf.gz.gz): No such file or directory
(base) wanzi@WanziMacBook workflow % gunzip genome/Mus_musculus.GRCm39.108.abinitio.gtf.gz   
gunzip: can't stat: genome/Mus_musculus.GRCm39.108.abinitio.gtf.gz (genome/Mus_musculus.GRCm39.108.abinitio.gtf.gz.gz): No such file or directory
(base) wanzi@WanziMacBook workflow % gunzip genome/Mus_musculus.GRCm39.dna.chromosome.1.fa.gz
gunzip: can't stat: genome/Mus_musculus.GRCm39.dna.chromosome.1.fa.gz (genome/Mus_musculus.GRCm39.dna.chromosome.1.fa.gz.gz): No such file or directory
(base) wanzi@WanziMacBook workflow % gunzip genome/Mus_musculus.GRCm39.dna.chromosome.1.fa.gz
gunzip: can't stat: genome/Mus_musculus.GRCm39.dna.chromosome.1.fa.gz (genome/Mus_musculus.GRCm39.dna.chromosome.1.fa.gz.gz): No such file or directory
(base) wanzi@WanziMacBook workflow % ls ../genome
ls: ../genome: No such file or directory
(base) wanzi@WanziMacBook workflow % ls ./genome
Marmota_marmota_marmota.marMar2.1.dna.nonchromosomal.fa
(base) wanzi@WanziMacBook workflow % gunzip genome/Mus_musculus.GRCm39.dna.chromosome.1.fa.gz
gunzip: can't stat: genome/Mus_musculus.GRCm39.dna.chromosome.1.fa.gz (genome/Mus_musculus.GRCm39.dna.chromosome.1.fa.gz.gz): No such file or directory
(base) wanzi@WanziMacBook workflow % wget -P genome/ ftp://ftp.sanger.ac.uk/pub/gencode/Gencode_mouse/release_M12/GRCm38.p5.genome.fa.gz
--2023-01-11 21:33:40--  ftp://ftp.sanger.ac.uk/pub/gencode/Gencode_mouse/release_M12/GRCm38.p5.genome.fa.gz
           => 'genome/GRCm38.p5.genome.fa.gz'
Resolving ftp.sanger.ac.uk (ftp.sanger.ac.uk)... 193.62.203.115
Connecting to ftp.sanger.ac.uk (ftp.sanger.ac.uk)|193.62.203.115|:21... connected.
Logging in as anonymous ... Logged in!
==> SYST ... done.    ==> PWD ... done.
==> TYPE I ... done.  ==> CWD (1) /pub/gencode/Gencode_mouse/release_M12 ... 
No such directory 'pub/gencode/Gencode_mouse/release_M12'.

(base) wanzi@WanziMacBook workflow % wget -P annotation/ ftp://ftp.sanger.ac.uk/pub/gencode/Gencode_mouse/release_M12/gencode.vM12.annotation.gtf.gz
--2023-01-11 21:33:51--  ftp://ftp.sanger.ac.uk/pub/gencode/Gencode_mouse/release_M12/gencode.vM12.annotation.gtf.gz
           => 'annotation/gencode.vM12.annotation.gtf.gz'
Resolving ftp.sanger.ac.uk (ftp.sanger.ac.uk)... 193.62.203.115
Connecting to ftp.sanger.ac.uk (ftp.sanger.ac.uk)|193.62.203.115|:21... connected.
Logging in as anonymous ... Logged in!
==> SYST ... done.    ==> PWD ... done.
==> TYPE I ... done.  ==> CWD (1) /pub/gencode/Gencode_mouse/release_M12 ... 
No such directory 'pub/gencode/Gencode_mouse/release_M12'.

(base) wanzi@WanziMacBook workflow % wget -P genome/ ftp://ftp.ensembl.org/pub/release-108/fasta/homo_sapiens/dna/Homo_sapiens.GRCh38.dna.chromosome.1.fa.gz
--2023-01-11 21:36:59--  ftp://ftp.ensembl.org/pub/release-108/fasta/homo_sapiens/dna/Homo_sapiens.GRCh38.dna.chromosome.1.fa.gz
           => 'genome/Homo_sapiens.GRCh38.dna.chromosome.1.fa.gz'
Resolving ftp.ensembl.org (ftp.ensembl.org)... 193.62.193.139
Connecting to ftp.ensembl.org (ftp.ensembl.org)|193.62.193.139|:21... connected.
Logging in as anonymous ... Logged in!
==> SYST ... done.    ==> PWD ... done.
==> TYPE I ... done.  ==> CWD (1) /pub/release-108/fasta/homo_sapiens/dna ... done.
==> SIZE Homo_sapiens.GRCh38.dna.chromosome.1.fa.gz ... 69273468
==> PASV ... done.    ==> RETR Homo_sapiens.GRCh38.dna.chromosome.1.fa.gz ... done.
Length: 69273468 (66M) (unauthoritative)

Homo_sapiens.GRCh38.dna.chromosome.1.fa.gz    100%[===============================================================================================>]  66.06M   572KB/s    in 79s     

2023-01-11 21:38:20 (854 KB/s) - 'genome/Homo_sapiens.GRCh38.dna.chromosome.1.fa.gz' saved [69273468]

(base) wanzi@WanziMacBook workflow % gunzip genome/Homo_sapiens.GRCh38.dna.chromosome.1.fa.gz
(base) wanzi@WanziMacBook workflow % wget -P annotation/ ftp://ftp.ensembl.org/pub/release-108/fasta/mus_musculus/dna/Mus_musculus.GRCm39.dna.chromosome.1.fa.gz
--2023-01-11 21:40:54--  ftp://ftp.ensembl.org/pub/release-108/fasta/mus_musculus/dna/Mus_musculus.GRCm39.dna.chromosome.1.fa.gz
           => 'annotation/Mus_musculus.GRCm39.dna.chromosome.1.fa.gz'
Resolving ftp.ensembl.org (ftp.ensembl.org)... 193.62.193.139
Connecting to ftp.ensembl.org (ftp.ensembl.org)|193.62.193.139|:21... connected.
Logging in as anonymous ... Logged in!
==> SYST ... done.    ==> PWD ... done.
==> TYPE I ... done.  ==> CWD (1) /pub/release-108/fasta/mus_musculus/dna ... done.
==> SIZE Mus_musculus.GRCm39.dna.chromosome.1.fa.gz ... 58349084
==> PASV ... done.    ==> RETR Mus_musculus.GRCm39.dna.chromosome.1.fa.gz ... done.
Length: 58349084 (56M) (unauthoritative)

Mus_musculus.GRCm39.dna.chromosome.1.fa.gz    100%[===============================================================================================>]  55.65M  1.87MB/s    in 37s     

2023-01-11 21:41:32 (1.52 MB/s) - 'annotation/Mus_musculus.GRCm39.dna.chromosome.1.fa.gz' saved [58349084]

(base) wanzi@WanziMacBook workflow % gunzip annotation/Mus_musculus.GRCm39.dna.chromosome.1.fa.gz
(base) wanzi@WanziMacBook workflow % gunzip genome/Mus_musculus.GRCm39.dna.chromosome.1.fa.gz
gunzip: can't stat: genome/Mus_musculus.GRCm39.dna.chromosome.1.fa.gz (genome/Mus_musculus.GRCm39.dna.chromosome.1.fa.gz.gz): No such file or directory
(base) wanzi@WanziMacBook workflow % mv ../annotation/Mus_musculus.GRCm39.dna.chromosome.1.fa.gz
usage: mv [-f | -i | -n] [-hv] source target
       mv [-f | -i | -n] [-v] source ... directory
(base) wanzi@WanziMacBook workflow % mv -f ./annotation/Mus_musculus.GRCm39.dna.chromosome.1.fa.gz
usage: mv [-f | -i | -n] [-hv] source target
       mv [-f | -i | -n] [-v] source ... directory
(base) wanzi@WanziMacBook workflow % rm ./annotation/Mus_musculus.GRCm39.dna.chromosome.1.fa.gz
rm: ./annotation/Mus_musculus.GRCm39.dna.chromosome.1.fa.gz: No such file or directory
(base) wanzi@WanziMacBook workflow % rm ./annotation/Mus_musculus.GRCm39.dna.chromosome.1.fa   
(base) wanzi@WanziMacBook workflow % wget -P genome/ ftp://ftp.ensembl.org/pub/release-108/fasta/mus_musculus/dna/Mus_musculus.GRCm39.dna.chromosome.1.fa.gz
--2023-01-11 21:46:16--  ftp://ftp.ensembl.org/pub/release-108/fasta/mus_musculus/dna/Mus_musculus.GRCm39.dna.chromosome.1.fa.gz
           => 'genome/Mus_musculus.GRCm39.dna.chromosome.1.fa.gz'
Resolving ftp.ensembl.org (ftp.ensembl.org)... 193.62.193.139
Connecting to ftp.ensembl.org (ftp.ensembl.org)|193.62.193.139|:21... connected.
Logging in as anonymous ... Logged in!
==> SYST ... done.    ==> PWD ... done.
==> TYPE I ... done.  ==> CWD (1) /pub/release-108/fasta/mus_musculus/dna ... done.
==> SIZE Mus_musculus.GRCm39.dna.chromosome.1.fa.gz ... 58349084
==> PASV ... done.    ==> RETR Mus_musculus.GRCm39.dna.chromosome.1.fa.gz ... done.
Length: 58349084 (56M) (unauthoritative)

Mus_musculus.GRCm39.dna.chromosome.1.fa.gz    100%[===============================================================================================>]  55.65M   670KB/s    in 56s     

2023-01-11 21:47:14 (1011 KB/s) - 'genome/Mus_musculus.GRCm39.dna.chromosome.1.fa.gz' saved [58349084]

(base) wanzi@WanziMacBook workflow % gunzip genome/Mus_musculus.GRCm39.dna.chromosome.1.fa.gz
(base) wanzi@WanziMacBook workflow % wget -P annotation/ ftp://ftp.ensembl.org/pub/release-108/gtf/mus_musculus/Mus_musculus.GRCm39.108.abinitio.gtf.gz 
--2023-01-11 21:48:27--  ftp://ftp.ensembl.org/pub/release-108/gtf/mus_musculus/Mus_musculus.GRCm39.108.abinitio.gtf.gz
           => 'annotation/Mus_musculus.GRCm39.108.abinitio.gtf.gz'
Resolving ftp.ensembl.org (ftp.ensembl.org)... 193.62.193.139
Connecting to ftp.ensembl.org (ftp.ensembl.org)|193.62.193.139|:21... connected.
Logging in as anonymous ... Logged in!
==> SYST ... done.    ==> PWD ... done.
==> TYPE I ... done.  ==> CWD (1) /pub/release-108/gtf/mus_musculus ... done.
==> SIZE Mus_musculus.GRCm39.108.abinitio.gtf.gz ... 110
==> PASV ... done.    ==> RETR Mus_musculus.GRCm39.108.abinitio.gtf.gz ... done.
Length: 110 (unauthoritative)

Mus_musculus.GRCm39.108.abinitio.gtf.gz       100%[===============================================================================================>]     110  --.-KB/s    in 0s      

2023-01-11 21:48:29 (4.37 MB/s) - 'annotation/Mus_musculus.GRCm39.108.abinitio.gtf.gz' saved [110]

(base) wanzi@WanziMacBook workflow % gunzip annotation/Mus_musculus.GRCm39.108.abinitio.gtf.gz
(base) wanzi@WanziMacBook workflow % wget -P annotation/ ftp://ftp.ensembl.org/pub/release-108/gtf/homo_sapiens/Homo_sapiens.GRCh38.108.abinitio.gtf.gz 
--2023-01-11 21:49:36--  ftp://ftp.ensembl.org/pub/release-108/gtf/homo_sapiens/Homo_sapiens.GRCh38.108.abinitio.gtf.gz
           => 'annotation/Homo_sapiens.GRCh38.108.abinitio.gtf.gz'
Resolving ftp.ensembl.org (ftp.ensembl.org)... 193.62.193.139
Connecting to ftp.ensembl.org (ftp.ensembl.org)|193.62.193.139|:21... connected.
Logging in as anonymous ... Logged in!
==> SYST ... done.    ==> PWD ... done.
==> TYPE I ... done.  ==> CWD (1) /pub/release-108/gtf/homo_sapiens ... done.
==> SIZE Homo_sapiens.GRCh38.108.abinitio.gtf.gz ... 3430411
==> PASV ... done.    ==> RETR Homo_sapiens.GRCh38.108.abinitio.gtf.gz ... done.
Length: 3430411 (3.3M) (unauthoritative)

Homo_sapiens.GRCh38.108.abinitio.gtf.gz       100%[===============================================================================================>]   3.27M  1.34MB/s    in 2.4s    

2023-01-11 21:49:40 (1.34 MB/s) - 'annotation/Homo_sapiens.GRCh38.108.abinitio.gtf.gz' saved [3430411]

(base) wanzi@WanziMacBook workflow % gunzip annotation/Homo_sapiens.GRCh38.108.abinitio.gtf.gz                                                         
(base) wanzi@WanziMacBook workflow % wget -P input/ ftp://ftp.sra.ebi.ac.uk/vol1/fastq/SRR137/001/SRR1374921/SRR1374921.fastq.gz
--2023-01-11 21:50:11--  ftp://ftp.sra.ebi.ac.uk/vol1/fastq/SRR137/001/SRR1374921/SRR1374921.fastq.gz
           => 'input/SRR1374921.fastq.gz'
Resolving ftp.sra.ebi.ac.uk (ftp.sra.ebi.ac.uk)... 193.62.193.138
Connecting to ftp.sra.ebi.ac.uk (ftp.sra.ebi.ac.uk)|193.62.193.138|:21... connected.
Logging in as anonymous ... Logged in!
==> SYST ... done.    ==> PWD ... done.
==> TYPE I ... done.  ==> CWD (1) /vol1/fastq/SRR137/001/SRR1374921 ... done.
==> SIZE SRR1374921.fastq.gz ... 1839863850
==> PASV ... done.    ==> RETR SRR1374921.fastq.gz ... done.
Length: 1839863850 (1.7G) (unauthoritative)

SRR1374921.fastq.gz                           100%[===============================================================================================>]   1.71G  2.53MB/s    in 21m 44s 

2023-01-11 22:11:58 (1.35 MB/s) - 'input/SRR1374921.fastq.gz' saved [1839863850]

(base) wanzi@WanziMacBook workflow % input/ ftp://ftp.sra.ebi.ac.uk/vol1/fastq/SRR137/002/SRR1374922/SRR1374922.fastq.gz
zsh: permission denied: input/
(base) wanzi@WanziMacBook workflow % wget -P input/ ftp://ftp.sra.ebi.ac.uk/vol1/fastq/SRR137/002/SRR1374922/SRR1374922.fastq.gz
--2023-01-11 22:12:41--  ftp://ftp.sra.ebi.ac.uk/vol1/fastq/SRR137/002/SRR1374922/SRR1374922.fastq.gz
           => 'input/SRR1374922.fastq.gz'
Resolving ftp.sra.ebi.ac.uk (ftp.sra.ebi.ac.uk)... 193.62.193.138
Connecting to ftp.sra.ebi.ac.uk (ftp.sra.ebi.ac.uk)|193.62.193.138|:21... connected.
Logging in as anonymous ... Logged in!
==> SYST ... done.    ==> PWD ... done.
==> TYPE I ... done.  ==> CWD (1) /vol1/fastq/SRR137/002/SRR1374922 ... done.
==> SIZE SRR1374922.fastq.gz ... 1657905026
==> PASV ... done.    ==> RETR SRR1374922.fastq.gz ... done.
Length: 1657905026 (1.5G) (unauthoritative)

SRR1374922.fastq.gz                           100%[===============================================================================================>]   1.54G  1.34MB/s    in 56m 35s 

2023-01-11 23:09:18 (477 KB/s) - 'input/SRR1374922.fastq.gz' saved [1657905026]

(base) wanzi@WanziMacBook workflow % wget -P input/ ftp://ftp.sra.ebi.ac.uk/vol1/fastq/SRR137/003/SRR1374923/SRR1374923.fastq.gz
--2023-01-11 23:09:37--  ftp://ftp.sra.ebi.ac.uk/vol1/fastq/SRR137/003/SRR1374923/SRR1374923.fastq.gz
           => 'input/SRR1374923.fastq.gz'
Resolving ftp.sra.ebi.ac.uk (ftp.sra.ebi.ac.uk)... 193.62.193.138
Connecting to ftp.sra.ebi.ac.uk (ftp.sra.ebi.ac.uk)|193.62.193.138|:21... connected.
Logging in as anonymous ... Logged in!
==> SYST ... done.    ==> PWD ... done.
==> TYPE I ... done.  ==> CWD (1) /vol1/fastq/SRR137/003/SRR1374923 ... done.
==> SIZE SRR1374923.fastq.gz ... 1888001032
==> PASV ... done.    ==> RETR SRR1374923.fastq.gz ... done.
Length: 1888001032 (1.8G) (unauthoritative)

SRR1374923.fastq.gz                           100%[===============================================================================================>]   1.76G   773KB/s    in 38m 26s 

2023-01-11 23:48:09 (799 KB/s) - 'input/SRR1374923.fastq.gz' saved [1888001032]

(base) wanzi@WanziMacBook workflow % wget -P input/ ftp://ftp.sra.ebi.ac.uk/vol1/fastq/SRR137/004/SRR1374924/SRR1374924.fastq.gz
--2023-01-11 23:48:23--  ftp://ftp.sra.ebi.ac.uk/vol1/fastq/SRR137/004/SRR1374924/SRR1374924.fastq.gz
           => 'input/SRR1374924.fastq.gz'
Resolving ftp.sra.ebi.ac.uk (ftp.sra.ebi.ac.uk)... 193.62.193.138
Connecting to ftp.sra.ebi.ac.uk (ftp.sra.ebi.ac.uk)|193.62.193.138|:21... connected.
Logging in as anonymous ... Logged in!
==> SYST ... done.    ==> PWD ... done.
==> TYPE I ... done.  ==> CWD (1) /vol1/fastq/SRR137/004/SRR1374924 ... done.
==> SIZE SRR1374924.fastq.gz ... 1617737533
==> PASV ... done.    ==> RETR SRR1374924.fastq.gz ... done.
Length: 1617737533 (1.5G) (unauthoritative)

SRR1374924.fastq.gz                           100%[===============================================================================================>]   1.51G  1.54MB/s    in 32m 13s 

2023-01-12 00:20:38 (817 KB/s) - 'input/SRR1374924.fastq.gz' saved [1617737533]

(base) wanzi@WanziMacBook workflow % conda install -c bioconda fastqc --yes
Collecting package metadata (current_repodata.json): failed

CondaHTTPError: HTTP 000 CONNECTION FAILED for url <https://conda.anaconda.org/conda-forge/osx-64/current_repodata.json>
Elapsed: -

An HTTP error occurred when trying to retrieve this URL.
HTTP errors are often intermittent, and a simple retry will get you on your way.
'https//conda.anaconda.org/conda-forge/osx-64'


(base) wanzi@WanziMacBook workflow % fastqc \
-o results/1_initial_qc/ \
--noextract \
input/sample.fastq
Skipping 'input/sample.fastq' which didn't exist, or couldn't be read
(base) wanzi@WanziMacBook workflow % fastqc \
-o results/1_initial_qc/ \
--noextract \
input/SRR1374921.fastq 
Skipping 'input/SRR1374921.fastq' which didn't exist, or couldn't be read
(base) wanzi@WanziMacBook workflow % fastqc \
-o results/1_initial_qc/ \
--noextract \
input/SRR1374921.fastq.gz
Started analysis of SRR1374921.fastq.gz
Approx 5% complete for SRR1374921.fastq.gz
Approx 10% complete for SRR1374921.fastq.gz
Approx 15% complete for SRR1374921.fastq.gz
Approx 20% complete for SRR1374921.fastq.gz
Approx 25% complete for SRR1374921.fastq.gz
Approx 30% complete for SRR1374921.fastq.gz
Approx 35% complete for SRR1374921.fastq.gz
Approx 40% complete for SRR1374921.fastq.gz
Approx 45% complete for SRR1374921.fastq.gz
Approx 50% complete for SRR1374921.fastq.gz
Approx 55% complete for SRR1374921.fastq.gz
Approx 60% complete for SRR1374921.fastq.gz
Approx 65% complete for SRR1374921.fastq.gz
Approx 70% complete for SRR1374921.fastq.gz
Approx 75% complete for SRR1374921.fastq.gz
Approx 80% complete for SRR1374921.fastq.gz
Approx 85% complete for SRR1374921.fastq.gz
Approx 90% complete for SRR1374921.fastq.gz
Approx 95% complete for SRR1374921.fastq.gz
Analysis complete for SRR1374921.fastq.gz
2023-01-12 00:38:23.944 java[91598:10275599] CoreText note: Client requested name ".NewYork-BoldG1", it will get Times-Roman rather than the intended font. All system UI font access should be through proper APIs such as CTFontCreateUIFontForLanguage() or +[NSFont systemFontOfSize:].
2023-01-12 00:38:23.944 java[91598:10275599] CoreText note: Set a breakpoint on CTFontLogSystemFontNameRequest to debug.
2023-01-12 00:38:23.958 java[91598:10275599] CoreText note: Client requested name ".NewYork-BoldG2", it will get Times-Roman rather than the intended font. All system UI font access should be through proper APIs such as CTFontCreateUIFontForLanguage() or +[NSFont systemFontOfSize:].
2023-01-12 00:38:23.963 java[91598:10275599] CoreText note: Client requested name ".NewYork-BoldG3", it will get Times-Roman rather than the intended font. All system UI font access should be through proper APIs such as CTFontCreateUIFontForLanguage() or +[NSFont systemFontOfSize:].
2023-01-12 00:38:23.968 java[91598:10275599] CoreText note: Client requested name ".NewYork-BoldG4", it will get Times-Roman rather than the intended font. All system UI font access should be through proper APIs such as CTFontCreateUIFontForLanguage() or +[NSFont systemFontOfSize:].
2023-01-12 00:38:23.972 java[91598:10275599] CoreText note: Client requested name ".NewYork-BoldItalicG1", it will get Times-Roman rather than the intended font. All system UI font access should be through proper APIs such as CTFontCreateUIFontForLanguage() or +[NSFont systemFontOfSize:].
2023-01-12 00:38:23.976 java[91598:10275599] CoreText note: Client requested name ".NewYork-BoldItalicG2", it will get Times-Roman rather than the intended font. All system UI font access should be through proper APIs such as CTFontCreateUIFontForLanguage() or +[NSFont systemFontOfSize:].
2023-01-12 00:38:23.981 java[91598:10275599] CoreText note: Client requested name ".NewYork-BoldItalicG3", it will get Times-Roman rather than the intended font. All system UI font access should be through proper APIs such as CTFontCreateUIFontForLanguage() or +[NSFont systemFontOfSize:].
2023-01-12 00:38:23.987 java[91598:10275599] CoreText note: Client requested name ".NewYork-BoldItalicG4", it will get Times-Roman rather than the intended font. All system UI font access should be through proper APIs such as CTFontCreateUIFontForLanguage() or +[NSFont systemFontOfSize:].
2023-01-12 00:38:23.992 java[91598:10275599] CoreText note: Client requested name ".NewYork-RegularG1", it will get Times-Roman rather than the intended font. All system UI font access should be through proper APIs such as CTFontCreateUIFontForLanguage() or +[NSFont systemFontOfSize:].
2023-01-12 00:38:23.996 java[91598:10275599] CoreText note: Client requested name ".NewYork-RegularG2", it will get Times-Roman rather than the intended font. All system UI font access should be through proper APIs such as CTFontCreateUIFontForLanguage() or +[NSFont systemFontOfSize:].
2023-01-12 00:38:24.000 java[91598:10275599] CoreText note: Client requested name ".NewYork-RegularG3", it will get Times-Roman rather than the intended font. All system UI font access should be through proper APIs such as CTFontCreateUIFontForLanguage() or +[NSFont systemFontOfSize:].
2023-01-12 00:38:24.005 java[91598:10275599] CoreText note: Client requested name ".NewYork-RegularG4", it will get Times-Roman rather than the intended font. All system UI font access should be through proper APIs such as CTFontCreateUIFontForLanguage() or +[NSFont systemFontOfSize:].
2023-01-12 00:38:24.009 java[91598:10275599] CoreText note: Client requested name ".NewYork-RegularItalicG1", it will get Times-Roman rather than the intended font. All system UI font access should be through proper APIs such as CTFontCreateUIFontForLanguage() or +[NSFont systemFontOfSize:].
2023-01-12 00:38:24.013 java[91598:10275599] CoreText note: Client requested name ".NewYork-RegularItalicG2", it will get Times-Roman rather than the intended font. All system UI font access should be through proper APIs such as CTFontCreateUIFontForLanguage() or +[NSFont systemFontOfSize:].
2023-01-12 00:38:24.018 java[91598:10275599] CoreText note: Client requested name ".NewYork-RegularItalicG3", it will get Times-Roman rather than the intended font. All system UI font access should be through proper APIs such as CTFontCreateUIFontForLanguage() or +[NSFont systemFontOfSize:].
2023-01-12 00:38:24.022 java[91598:10275599] CoreText note: Client requested name ".NewYork-RegularItalicG4", it will get Times-Roman rather than the intended font. All system UI font access should be through proper APIs such as CTFontCreateUIFontForLanguage() or +[NSFont systemFontOfSize:].
2023-01-12 00:38:24.027 java[91598:10275599] CoreText note: Client requested name ".SFArabic-Black", it will get Times-Roman rather than the intended font. All system UI font access should be through proper APIs such as CTFontCreateUIFontForLanguage() or +[NSFont systemFontOfSize:].
2023-01-12 00:38:24.032 java[91598:10275599] CoreText note: Client requested name ".SFArabic-Bold", it will get Times-Roman rather than the intended font. All system UI font access should be through proper APIs such as CTFontCreateUIFontForLanguage() or +[NSFont systemFontOfSize:].
2023-01-12 00:38:24.036 java[91598:10275599] CoreText note: Client requested name ".SFArabic-Heavy", it will get Times-Roman rather than the intended font. All system UI font access should be through proper APIs such as CTFontCreateUIFontForLanguage() or +[NSFont systemFontOfSize:].
2023-01-12 00:38:24.040 java[91598:10275599] CoreText note: Client requested name ".SFArabic-Light", it will get Times-Roman rather than the intended font. All system UI font access should be through proper APIs such as CTFontCreateUIFontForLanguage() or +[NSFont systemFontOfSize:].
2023-01-12 00:38:24.044 java[91598:10275599] CoreText note: Client requested name ".SFArabic-Medium", it will get Times-Roman rather than the intended font. All system UI font access should be through proper APIs such as CTFontCreateUIFontForLanguage() or +[NSFont systemFontOfSize:].
2023-01-12 00:38:24.049 java[91598:10275599] CoreText note: Client requested name ".SFArabic-Regular", it will get Times-Roman rather than the intended font. All system UI font access should be through proper APIs such as CTFontCreateUIFontForLanguage() or +[NSFont systemFontOfSize:].
2023-01-12 00:38:24.054 java[91598:10275599] CoreText note: Client requested name ".SFArabic-Semibold", it will get Times-Roman rather than the intended font. All system UI font access should be through proper APIs such as CTFontCreateUIFontForLanguage() or +[NSFont systemFontOfSize:].
2023-01-12 00:38:24.058 java[91598:10275599] CoreText note: Client requested name ".SFArabic-Thin", it will get Times-Roman rather than the intended font. All system UI font access should be through proper APIs such as CTFontCreateUIFontForLanguage() or +[NSFont systemFontOfSize:].
2023-01-12 00:38:24.062 java[91598:10275599] CoreText note: Client requested name ".SFArabic-Ultralight", it will get Times-Roman rather than the intended font. All system UI font access should be through proper APIs such as CTFontCreateUIFontForLanguage() or +[NSFont systemFontOfSize:].
(base) wanzi@WanziMacBook workflow % conda install -c bioconda trim-galore --yes
Collecting package metadata (current_repodata.json): done
Solving environment: done

## Package Plan ##

  environment location: /Users/wanzi/opt/anaconda3

  added / updated specs:
    - trim-galore


The following packages will be downloaded:

    package                    |            build
    ---------------------------|-----------------
    cutadapt-4.2               |   py39h2c9d64e_0         215 KB  bioconda
    dnaio-0.10.0               |   py39h2c9d64e_0          85 KB  bioconda
    isa-l-2.30.0               |       h0d85af4_4         174 KB  conda-forge
    pbzip2-1.1.13              |       h9d27c22_1          49 KB  conda-forge
    pigz-2.6                   |       h9ed2024_0          64 KB
    python-isal-1.1.0          |   py39ha30fb19_1          44 KB  conda-forge
    trim-galore-0.6.7          |       hdfd78af_0          42 KB  bioconda
    xopen-1.7.0                |   py39h6e9494a_0          29 KB  conda-forge
    zstandard-0.18.0           |   py39hca72f7f_0         438 KB
    ------------------------------------------------------------
                                           Total:         1.1 MB

The following NEW packages will be INSTALLED:

  cutadapt           bioconda/osx-64::cutadapt-4.2-py39h2c9d64e_0 
  dnaio              bioconda/osx-64::dnaio-0.10.0-py39h2c9d64e_0 
  isa-l              conda-forge/osx-64::isa-l-2.30.0-h0d85af4_4 
  pbzip2             conda-forge/osx-64::pbzip2-1.1.13-h9d27c22_1 
  pigz               pkgs/main/osx-64::pigz-2.6-h9ed2024_0 
  python-isal        conda-forge/osx-64::python-isal-1.1.0-py39ha30fb19_1 
  trim-galore        bioconda/noarch::trim-galore-0.6.7-hdfd78af_0 
  xopen              conda-forge/osx-64::xopen-1.7.0-py39h6e9494a_0 
  zstandard          pkgs/main/osx-64::zstandard-0.18.0-py39hca72f7f_0 



Downloading and Extracting Packages
                                                                                                                                                                                      
Preparing transaction: done                                                                                                                                                           
Verifying transaction: done                                                                                                                                                           
Executing transaction: done                                                                                                                                                           
(base) wanzi@WanziMacBook workflow % trim_galore \
--quality 20 \
--fastqc \
--length 25 \
--output_dir results/2_trimmed_output/ \
input/sample.fastq
Multicore support not enabled. Proceeding with single-core trimming.
Path to Cutadapt set as: 'cutadapt' (default)
Cutadapt seems to be working fine (tested command 'cutadapt --version')
Cutadapt version: 4.2
single-core operation.
No quality encoding type selected. Assuming that the data provided uses Sanger encoded Phred scores (default)

Output will be written into the directory: /Users/wanzi/R/Transcript_workflow/workflow/results/2_trimmed_output/
Failed to read from file 'input/sample.fastq' to perform sanity check: No such file or directory
(base) wanzi@WanziMacBook workflow % trim_galore -h
Option h is ambiguous (hardtrim3, hardtrim5, help)
Please respecify command line options
(base) wanzi@WanziMacBook workflow % trim_galore -help

 USAGE:

trim_galore [options] <filename(s)>


-h/--help               Print this help message and exits.

-v/--version            Print the version information and exits.

-q/--quality <INT>      Trim low-quality ends from reads in addition to adapter removal. For
                        RRBS samples, quality trimming will be performed first, and adapter
                        trimming is carried in a second round. Other files are quality and adapter
                        trimmed in a single pass. The algorithm is the same as the one used by BWA
                        (Subtract INT from all qualities; compute partial sums from all indices
                        to the end of the sequence; cut sequence at the index at which the sum is
                        minimal). Default Phred score: 20.

--phred33               Instructs Cutadapt to use ASCII+33 quality scores as Phred scores
                        (Sanger/Illumina 1.9+ encoding) for quality trimming. Default: ON.

--phred64               Instructs Cutadapt to use ASCII+64 quality scores as Phred scores
                        (Illumina 1.5 encoding) for quality trimming.

--fastqc                Run FastQC in the default mode on the FastQ file once trimming is complete.

--fastqc_args "<ARGS>"  Passes extra arguments to FastQC. If more than one argument is to be passed
                        to FastQC they must be in the form "arg1 arg2 etc.". An example would be:
                        --fastqc_args "--nogroup --outdir /home/". Passing extra arguments will
                        automatically invoke FastQC, so --fastqc does not have to be specified
                        separately.

-a/--adapter <STRING>   Adapter sequence to be trimmed. If not specified explicitly, Trim Galore will
                        try to auto-detect whether the Illumina universal, Nextera transposase or Illumina
                        small RNA adapter sequence was used. Also see '--illumina', '--nextera' and
                        '--small_rna'. If no adapter can be detected within the first 1 million sequences
                        of the first file specified or if there is a tie between several adapter sequences,
                        Trim Galore defaults to '--illumina' (as long as the Illumina adapter was one of the
                        options, else '--nextera' is the default). A single base
                        may also be given as e.g. -a A{10}, to be expanded to -a AAAAAAAAAA.

-a2/--adapter2 <STRING> Optional adapter sequence to be trimmed off read 2 of paired-end files. This
                        option requires '--paired' to be specified as well. If the libraries to be trimmed
                        are smallRNA then a2 will be set to the Illumina small RNA 5' adapter automatically
                        (GATCGTCGGACT). A single base may also be given as e.g. -a2 A{10}, to be expanded
                        to -a2 AAAAAAAAAA.

--illumina              Adapter sequence to be trimmed is the first 13bp of the Illumina universal adapter
                        'AGATCGGAAGAGC' instead of the default auto-detection of adapter sequence.

--nextera               Adapter sequence to be trimmed is the first 12bp of the Nextera adapter
                        'CTGTCTCTTATA' instead of the default auto-detection of adapter sequence.

--small_rna             Adapter sequence to be trimmed is the first 12bp of the Illumina Small RNA 3' Adapter
                        'TGGAATTCTCGG' instead of the default auto-detection of adapter sequence. Selecting
                        to trim smallRNA adapters will also lower the --length value to 18bp. If the smallRNA
                        libraries are paired-end then a2 will be set to the Illumina small RNA 5' adapter
                        automatically (GATCGTCGGACT) unless -a 2 had been defined explicitly.

--consider_already_trimmed <INT>     During adapter auto-detection, the limit set by <INT> allows the user to 
                        set a threshold up to which the file is considered already adapter-trimmed. If no adapter
                        sequence exceeds this threshold, no additional adapter trimming will be performed (technically,
                        the adapter is set to '-a X'). Quality trimming is still performed as usual.
                        Default: NOT SELECTED (i.e. normal auto-detection precedence rules apply).                     

--max_length <INT>      Discard reads that are longer than <INT> bp after trimming. This is only advised for
                        smallRNA sequencing to remove non-small RNA sequences.


--stringency <INT>      Overlap with adapter sequence required to trim a sequence. Defaults to a
                        very stringent setting of 1, i.e. even a single bp of overlapping sequence
                        will be trimmed off from the 3' end of any read.

-e <ERROR RATE>         Maximum allowed error rate (no. of errors divided by the length of the matching
                        region) (default: 0.1)

--gzip                  Compress the output file with GZIP. If the input files are GZIP-compressed
                        the output files will automatically be GZIP compressed as well. As of v0.2.8 the
                        compression will take place on the fly.

--dont_gzip             Output files won't be compressed with GZIP. This option overrides --gzip.

--length <INT>          Discard reads that became shorter than length INT because of either
                        quality or adapter trimming. A value of '0' effectively disables
                        this behaviour. Default: 20 bp.

                        For paired-end files, both reads of a read-pair need to be longer than
                        <INT> bp to be printed out to validated paired-end files (see option --paired).
                        If only one read became too short there is the possibility of keeping such
                        unpaired single-end reads (see --retain_unpaired). Default pair-cutoff: 20 bp.

--max_n COUNT           The total number of Ns (as integer) a read may contain before it will be removed altogether.
                        In a paired-end setting, either read exceeding this limit will result in the entire
                        pair being removed from the trimmed output files.

--trim-n                Removes Ns from either side of the read. This option does currently not work in RRBS mode.

-o/--output_dir <DIR>   If specified all output will be written to this directory instead of the current
                        directory. If the directory doesn't exist it will be created for you.

--no_report_file        If specified no report file will be generated.

--suppress_warn         If specified any output to STDOUT or STDERR will be suppressed.

--clip_R1 <int>         Instructs Trim Galore to remove <int> bp from the 5' end of read 1 (or single-end
                        reads). This may be useful if the qualities were very poor, or if there is some
                        sort of unwanted bias at the 5' end. Default: OFF.

--clip_R2 <int>         Instructs Trim Galore to remove <int> bp from the 5' end of read 2 (paired-end reads
                        only). This may be useful if the qualities were very poor, or if there is some sort
                        of unwanted bias at the 5' end. For paired-end BS-Seq, it is recommended to remove
                        the first few bp because the end-repair reaction may introduce a bias towards low
                        methylation. Please refer to the M-bias plot section in the Bismark User Guide for
                        some examples. Default: OFF.

--three_prime_clip_R1 <int>     Instructs Trim Galore to remove <int> bp from the 3' end of read 1 (or single-end
                        reads) AFTER adapter/quality trimming has been performed. This may remove some unwanted
                        bias from the 3' end that is not directly related to adapter sequence or basecall quality.
                        Default: OFF.

--three_prime_clip_R2 <int>     Instructs Trim Galore to remove <int> bp from the 3' end of read 2 AFTER
                        adapter/quality trimming has been performed. This may remove some unwanted bias from
                        the 3' end that is not directly related to adapter sequence or basecall quality.
                        Default: OFF.

--2colour/--nextseq INT This enables the option '--nextseq-trim=3'CUTOFF' within Cutadapt, which will set a quality
                        cutoff (that is normally given with -q instead), but qualities of G bases are ignored.
                        This trimming is in common for the NextSeq- and NovaSeq-platforms, where basecalls without
                        any signal are called as high-quality G bases. This is mutually exlusive with '-q INT'.


--path_to_cutadapt </path/to/cutadapt>     You may use this option to specify a path to the Cutadapt executable,
                        e.g. /my/home/cutadapt-1.7.1/bin/cutadapt. Else it is assumed that Cutadapt is in
                        the PATH.

--basename <PREFERRED_NAME>	Use PREFERRED_NAME as the basename for output files, instead of deriving the filenames from
                        the input files. Single-end data would be called PREFERRED_NAME_trimmed.fq(.gz), or
                        PREFERRED_NAME_val_1.fq(.gz) and PREFERRED_NAME_val_2.fq(.gz) for paired-end data. --basename
                        only works when 1 file (single-end) or 2 files (paired-end) are specified, but not for longer lists.

-j/--cores INT          Number of cores to be used for trimming [default: 1]. For Cutadapt to work with multiple cores, it
                        requires Python 3 as well as parallel gzip (pigz) installed on the system. The version of Python used 
                        is detected from the shebang line of the Cutadapt executable (either 'cutadapt', or a specified path).
                        If Python 2 is detected, --cores is set to 1.
                        If pigz cannot be detected on your system, Trim Galore reverts to using gzip compression. Please note
                        that gzip compression will slow down multi-core processes so much that it is hardly worthwhile, please 
                        see: https://github.com/FelixKrueger/TrimGalore/issues/16#issuecomment-458557103 for more info).
						
                        Actual core usage: It should be mentioned that the actual number of cores used is a little convoluted.
                        Assuming that Python 3 is used and pigz is installed, --cores 2 would use 2 cores to read the input
                        (probably not at a high usage though), 2 cores to write to the output (at moderately high usage), and 
                        2 cores for Cutadapt itself + 2 additional cores for Cutadapt (not sure what they are used for) + 1 core
                        for Trim Galore itself. So this can be up to 9 cores, even though most of them won't be used at 100% for
                        most of the time. Paired-end processing uses twice as many cores for the validation (= writing out) step.
                        --cores 4 would then be: 4 (read) + 4 (write) + 4 (Cutadapt) + 2 (extra Cutadapt) +	1 (Trim Galore) = 15.

                        It seems that --cores 4 could be a sweet spot, anything above has diminishing returns.
			


SPECIFIC TRIMMING - without adapter/quality trimming

--hardtrim5 <int>       Instead of performing adapter-/quality trimming, this option will simply hard-trim sequences
                        to <int> bp at the 5'-end. Once hard-trimming of files is complete, Trim Galore will exit.
                        Hard-trimmed output files will end in .<int>_5prime.fq(.gz). Here is an example:

                        before:         CCTAAGGAAACAAGTACACTCCACACATGCATAAAGGAAATCAAATGTTATTTTTAAGAAAATGGAAAAT
                        --hardtrim5 20: CCTAAGGAAACAAGTACACT

--hardtrim3 <int>       Instead of performing adapter-/quality trimming, this option will simply hard-trim sequences
                        to <int> bp at the 3'-end. Once hard-trimming of files is complete, Trim Galore will exit.
                        Hard-trimmed output files will end in .<int>_3prime.fq(.gz). Here is an example:

                        before:         CCTAAGGAAACAAGTACACTCCACACATGCATAAAGGAAATCAAATGTTATTTTTAAGAAAATGGAAAAT
                        --hardtrim3 20:                                                   TTTTTAAGAAAATGGAAAAT

--clock                 In this mode, reads are trimmed in a specific way that is currently used for the Mouse
                        Epigenetic Clock (see here: Multi-tissue DNA methylation age predictor in mouse, Stubbs et al.,
                        Genome Biology, 2017 18:68 https://doi.org/10.1186/s13059-017-1203-5). Following this, Trim Galore
                        will exit.

                        In it's current implementation, the dual-UMI RRBS reads come in the following format:

                        Read 1  5' UUUUUUUU CAGTA FFFFFFFFFFFFFFFFFFFFFFFFFFFFFFFFFFFF TACTG UUUUUUUU 3'
                        Read 2  3' UUUUUUUU GTCAT FFFFFFFFFFFFFFFFFFFFFFFFFFFFFFFFFFFF ATGAC UUUUUUUU 5'

                        Where UUUUUUUU is a random 8-mer unique molecular identifier (UMI), CAGTA is a constant region,
                        and FFFFFFF... is the actual RRBS-Fragment to be sequenced. The UMIs for Read 1 (R1) and
                        Read 2 (R2), as well as the fixed sequences (F1 or F2), are written into the read ID and
                        removed from the actual sequence. Here is an example:

                        R1: @HWI-D00436:407:CCAETANXX:1:1101:4105:1905 1:N:0: CGATGTTT
                            ATCTAGTTCAGTACGGTGTTTTCGAATTAGAAAAATATGTATAGAGGAAATAGATATAAAGGCGTATTCGTTATTG
                        R2: @HWI-D00436:407:CCAETANXX:1:1101:4105:1905 3:N:0: CGATGTTT
                            CAATTTTGCAGTACAAAAATAATACCTCCTCTATTTATCCAAAATCACAAAAAACCACCCACTTAACTTTCCCTAA

                        R1: @HWI-D00436:407:CCAETANXX:1:1101:4105:1905 1:N:0: CGATGTTT:R1:ATCTAGTT:R2:CAATTTTG:F1:CAGT:F2:CAGT
                                         CGGTGTTTTCGAATTAGAAAAATATGTATAGAGGAAATAGATATAAAGGCGTATTCGTTATTG
                        R2: @HWI-D00436:407:CCAETANXX:1:1101:4105:1905 3:N:0: CGATGTTT:R1:ATCTAGTT:R2:CAATTTTG:F1:CAGT:F2:CAGT
                                         CAAAAATAATACCTCCTCTATTTATCCAAAATCACAAAAAACCACCCACTTAACTTTCCCTAA

                        Following clock trimming, the resulting files (.clock_UMI.R1.fq(.gz) and .clock_UMI.R2.fq(.gz))
                        should be adapter- and quality trimmed with Trim Galore as usual. In addition, reads need to be trimmed
                        by 15bp from their 3' end to get rid of potential UMI and fixed sequences. The command is:

                        trim_galore --paired --three_prime_clip_R1 15 --three_prime_clip_R2 15 *.clock_UMI.R1.fq.gz *.clock_UMI.R2.fq.gz

                        Following this, reads should be aligned with Bismark and deduplicated with UmiBam
                        in '--dual_index' mode (see here: https://github.com/FelixKrueger/Umi-Grinder). UmiBam recognises
                        the UMIs within this pattern: R1:(ATCTAGTT):R2:(CAATTTTG): as (UMI R1) and (UMI R2).

--polyA                 This is a new, still experimental, trimming mode to identify and remove poly-A tails from sequences.
                        When --polyA is selected, Trim Galore attempts to identify from the first supplied sample whether
                        sequences contain more often a stretch of either 'AAAAAAAAAA' or 'TTTTTTTTTT'. This determines
                        if Read 1 of a paired-end end file, or single-end files, are trimmed for PolyA or PolyT. In case of
                        paired-end sequencing, Read2 is trimmed for the complementary base from the start of the reads. The
                        auto-detection uses a default of A{20} for Read1 (3'-end trimming) and T{150} for Read2 (5'-end trimming).
                        These values may be changed manually using the options -a and -a2.

                        In addition to trimming the sequences, white spaces are replaced with _ and it records in the read ID
                        how many bases were trimmed so it can later be used to identify PolyA trimmed sequences. This is currently done
                        by writing tags to both the start ("32:A:") and end ("_PolyA:32") of the reads in the following example:

                        @READ-ID:1:1102:22039:36996 1:N:0:CCTAATCC
                        GCCTAAGGAAACAAGTACACTCCACACATGCATAAAGGAAATCAAATGTTATTTTTAAGAAAATGGAAAATAAAAACTTTATAAACACCAAAAAAAAAAAAAAAAAAAAAAAAAAAAAAAA

                        @32:A:READ-ID:1:1102:22039:36996_1:N:0:CCTAATCC_PolyA:32
                        GCCTAAGGAAACAAGTACACTCCACACATGCATAAAGGAAATCAAATGTTATTTTTAAGAAAATGGAAAATAAAAACTTTATAAACACC

                        PLEASE NOTE: The poly-A trimming mode expects that sequences were both adapter and quality trimmed
                        before looking for Poly-A tails, and it is the user's responsibility to carry out an initial round of
                        trimming. The following sequence:
 
                        1) trim_galore file.fastq.gz
                        2) trim_galore --polyA file_trimmed.fq.gz
                        3) zcat file_trimmed_trimmed.fq.gz | grep -A 3 PolyA | grep -v ^-- > PolyA_trimmed.fastq

                        Will 1) trim qualities and Illumina adapter contamination, 2) find and remove PolyA contamination.
                        Finally, if desired, 3) will specifically find PolyA trimmed sequences to a specific FastQ file of your choice.

--implicon              This is a special mode of operation for paired-end data, such as required for the IMPLICON method, where a UMI sequence
                        is getting transferred from the start of Read 2 to the readID of both reads. Following this, Trim Galore will exit.

                        In it's current implementation, the UMI carrying reads come in the following format:

                        Read 1  5' FFFFFFFFFFFFFFFFFFFFFFFFFFFFFFFFFFFF 3'
                        Read 2  3' UUUUUUUUFFFFFFFFFFFFFFFFFFFFFFFFFFFF 5'

                        Where UUUUUUUU is a random 8-mer unique molecular identifier (UMI) and FFFFFFF... is the actual fragment to be
                        sequenced. The UMI of Read 2 (R2) is written into the read ID of both reads and removed from the actual sequence.
                        Here is an example:

                        R1: @HWI-D00436:407:CCAETANXX:1:1101:4105:1905 1:N:0: CGATGTTT
                            ATCTAGTTCAGTACGGTGTTTTCGAATTAGAAAAATATGTATAGAGGAAATAGATATAAAGGCGTATTCGTTATTG
                        R2: @HWI-D00436:407:CCAETANXX:1:1101:4105:1905 3:N:0: CGATGTTT
                            CAATTTTGCAGTACAAAAATAATACCTCCTCTATTTATCCAAAATCACAAAAAACCACCCACTTAACTTTCCCTAA
                        
                        After --implicon trimming:
                        R1: @HWI-D00436:407:CCAETANXX:1:1101:4105:1905 1:N:0: CGATGTTT:CAATTTTG
                            ATCTAGTTCAGTACGGTGTTTTCGAATTAGAAAAATATGTATAGAGGAAATAGATATAAAGGCGTATTCGTTATTG
                        R2: @HWI-D00436:407:CCAETANXX:1:1101:4105:1905 3:N:0: CGATGTTT:CAATTTTG
                                    CAGTACAAAAATAATACCTCCTCTATTTATCCAAAATCACAAAAAACCACCCACTTAACTTTCCCTAA

RRBS-specific options (MspI digested material):

--rrbs                  Specifies that the input file was an MspI digested RRBS sample (recognition
                        site: CCGG). Single-end or Read 1 sequences (paired-end) which were adapter-trimmed
                        will have a further 2 bp removed from their 3' end. Sequences which were merely
                        trimmed because of poor quality will not be shortened further. Read 2 of paired-end
                        libraries will in addition have the first 2 bp removed from the 5' end (by setting
                        '--clip_r2 2'). This is to avoid using artificial methylation calls from the filled-in
                        cytosine positions close to the 3' MspI site in sequenced fragments.
                        This option is not recommended for users of the NuGEN ovation RRBS System 1-16
                        kit (see below).

--non_directional       Selecting this option for non-directional RRBS libraries will screen
                        quality-trimmed sequences for 'CAA' or 'CGA' at the start of the read
                        and, if found, removes the first two basepairs. Like with the option
                        '--rrbs' this avoids using cytosine positions that were filled-in
                        during the end-repair step. '--non_directional' requires '--rrbs' to
                        be specified as well. Note that this option does not set '--clip_r2 2' in
                        paired-end mode.

--keep                  Keep the quality trimmed intermediate file. Default: off, which means
                        the temporary file is being deleted after adapter trimming. Only has
                        an effect for RRBS samples since other FastQ files are not trimmed
                        for poor qualities separately.


Note for RRBS using the NuGEN Ovation RRBS System 1-16 kit:

Owing to the fact that the NuGEN Ovation kit attaches a varying number of nucleotides (0-3) after each MspI
site Trim Galore should be run WITHOUT the option --rrbs. This trimming is accomplished in a subsequent
diversity trimming step afterwards (see their manual).



Note for RRBS using MseI:

If your DNA material was digested with MseI (recognition motif: TTAA) instead of MspI it is NOT necessary
to specify --rrbs or --non_directional since virtually all reads should start with the sequence
'TAA', and this holds true for both directional and non-directional libraries. As the end-repair of 'TAA'
restricted sites does not involve any cytosines it does not need to be treated especially. Instead, simply
run Trim Galore! in the standard (i.e. non-RRBS) mode.




Paired-end specific options:

--paired                This option performs length trimming of quality/adapter/RRBS trimmed reads for
                        paired-end files. To pass the validation test, both sequences of a sequence pair
                        are required to have a certain minimum length which is governed by the option
                        --length (see above). If only one read passes this length threshold the
                        other read can be rescued (see option --retain_unpaired). Using this option lets
                        you discard too short read pairs without disturbing the sequence-by-sequence order
                        of FastQ files which is required by many aligners.

                        Trim Galore! expects paired-end files to be supplied in a pairwise fashion, e.g.
                        file1_1.fq file1_2.fq SRR2_1.fq.gz SRR2_2.fq.gz ... .

-t/--trim1              Trims 1 bp off every read from its 3' end. This may be needed for FastQ files that
                        are to be aligned as paired-end data with Bowtie. This is because Bowtie (1) regards
                        alignments like this:

                          R1 --------------------------->     or this:    ----------------------->  R1
                          R2 <---------------------------                       <-----------------  R2

                        as invalid (whenever a start/end coordinate is contained within the other read).
                        NOTE: If you are planning to use Bowtie2, BWA etc. you don't need to specify this option.

--retain_unpaired       If only one of the two paired-end reads became too short, the longer
                        read will be written to either '.unpaired_1.fq' or '.unpaired_2.fq'
                        output files. The length cutoff for unpaired single-end reads is
                        governed by the parameters -r1/--length_1 and -r2/--length_2. Default: OFF.

-r1/--length_1 <INT>    Unpaired single-end read length cutoff needed for read 1 to be written to
                        '.unpaired_1.fq' output file. These reads may be mapped in single-end mode.
                        Default: 35 bp.

-r2/--length_2 <INT>    Unpaired single-end read length cutoff needed for read 2 to be written to
                        '.unpaired_2.fq' output file. These reads may be mapped in single-end mode.
                        Default: 35 bp.

Last modified on 07 October 2020.

(base) wanzi@WanziMacBook workflow % trim_galore \
> --quality 20 \
> --fastqc \
> --length 25 \
> --output_dir results/2_trimmed_output/ \
>                   

>  
(base) wanzi@WanziMacBook workflow % cd input           
(base) wanzi@WanziMacBook input % ls
SRR1374921.fastq.gz	SRR1374922.fastq.gz	SRR1374923.fastq.gz	SRR1374924.fastq.gz
(base) wanzi@WanziMacBook input % for file in .:
for> do gunzip *.gz
for> done
(base) wanzi@WanziMacBook input % for file in .:
for> do fastqc \
-o results/1_initial_qc/ \
--noextract \
*.fastq           
for> done
Specified output directory 'results/1_initial_qc/' does not exist
(base) wanzi@WanziMacBook input % cd ..
(base) wanzi@WanziMacBook workflow % for file in ./input:
for> fastqc \
-o results/1_initial_qc/ \
--noextract \
input/*.fastq     
Started analysis of SRR1374921.fastq
Approx 5% complete for SRR1374921.fastq
Approx 10% complete for SRR1374921.fastq
Approx 15% complete for SRR1374921.fastq
Approx 20% complete for SRR1374921.fastq
Approx 25% complete for SRR1374921.fastq
Approx 30% complete for SRR1374921.fastq
Approx 35% complete for SRR1374921.fastq
Approx 40% complete for SRR1374921.fastq
Approx 45% complete for SRR1374921.fastq
Approx 50% complete for SRR1374921.fastq
Approx 55% complete for SRR1374921.fastq
Approx 60% complete for SRR1374921.fastq
Approx 65% complete for SRR1374921.fastq
Approx 70% complete for SRR1374921.fastq
Approx 75% complete for SRR1374921.fastq
Approx 80% complete for SRR1374921.fastq
Approx 85% complete for SRR1374921.fastq
Approx 90% complete for SRR1374921.fastq
Approx 95% complete for SRR1374921.fastq
Analysis complete for SRR1374921.fastq
2023-01-12 16:22:40.051 java[94894:10471861] CoreText note: Client requested name ".NewYork-BoldG1", it will get Times-Roman rather than the intended font. All system UI font access should be through proper APIs such as CTFontCreateUIFontForLanguage() or +[NSFont systemFontOfSize:].
2023-01-12 16:22:40.051 java[94894:10471861] CoreText note: Set a breakpoint on CTFontLogSystemFontNameRequest to debug.
2023-01-12 16:22:40.064 java[94894:10471861] CoreText note: Client requested name ".NewYork-BoldG2", it will get Times-Roman rather than the intended font. All system UI font access should be through proper APIs such as CTFontCreateUIFontForLanguage() or +[NSFont systemFontOfSize:].
2023-01-12 16:22:40.069 java[94894:10471861] CoreText note: Client requested name ".NewYork-BoldG3", it will get Times-Roman rather than the intended font. All system UI font access should be through proper APIs such as CTFontCreateUIFontForLanguage() or +[NSFont systemFontOfSize:].
2023-01-12 16:22:40.073 java[94894:10471861] CoreText note: Client requested name ".NewYork-BoldG4", it will get Times-Roman rather than the intended font. All system UI font access should be through proper APIs such as CTFontCreateUIFontForLanguage() or +[NSFont systemFontOfSize:].
2023-01-12 16:22:40.077 java[94894:10471861] CoreText note: Client requested name ".NewYork-BoldItalicG1", it will get Times-Roman rather than the intended font. All system UI font access should be through proper APIs such as CTFontCreateUIFontForLanguage() or +[NSFont systemFontOfSize:].
2023-01-12 16:22:40.081 java[94894:10471861] CoreText note: Client requested name ".NewYork-BoldItalicG2", it will get Times-Roman rather than the intended font. All system UI font access should be through proper APIs such as CTFontCreateUIFontForLanguage() or +[NSFont systemFontOfSize:].
2023-01-12 16:22:40.086 java[94894:10471861] CoreText note: Client requested name ".NewYork-BoldItalicG3", it will get Times-Roman rather than the intended font. All system UI font access should be through proper APIs such as CTFontCreateUIFontForLanguage() or +[NSFont systemFontOfSize:].
2023-01-12 16:22:40.090 java[94894:10471861] CoreText note: Client requested name ".NewYork-BoldItalicG4", it will get Times-Roman rather than the intended font. All system UI font access should be through proper APIs such as CTFontCreateUIFontForLanguage() or +[NSFont systemFontOfSize:].
2023-01-12 16:22:40.097 java[94894:10471861] CoreText note: Client requested name ".NewYork-RegularG1", it will get Times-Roman rather than the intended font. All system UI font access should be through proper APIs such as CTFontCreateUIFontForLanguage() or +[NSFont systemFontOfSize:].
2023-01-12 16:22:40.101 java[94894:10471861] CoreText note: Client requested name ".NewYork-RegularG2", it will get Times-Roman rather than the intended font. All system UI font access should be through proper APIs such as CTFontCreateUIFontForLanguage() or +[NSFont systemFontOfSize:].
2023-01-12 16:22:40.105 java[94894:10471861] CoreText note: Client requested name ".NewYork-RegularG3", it will get Times-Roman rather than the intended font. All system UI font access should be through proper APIs such as CTFontCreateUIFontForLanguage() or +[NSFont systemFontOfSize:].
2023-01-12 16:22:40.110 java[94894:10471861] CoreText note: Client requested name ".NewYork-RegularG4", it will get Times-Roman rather than the intended font. All system UI font access should be through proper APIs such as CTFontCreateUIFontForLanguage() or +[NSFont systemFontOfSize:].
2023-01-12 16:22:40.114 java[94894:10471861] CoreText note: Client requested name ".NewYork-RegularItalicG1", it will get Times-Roman rather than the intended font. All system UI font access should be through proper APIs such as CTFontCreateUIFontForLanguage() or +[NSFont systemFontOfSize:].
2023-01-12 16:22:40.119 java[94894:10471861] CoreText note: Client requested name ".NewYork-RegularItalicG2", it will get Times-Roman rather than the intended font. All system UI font access should be through proper APIs such as CTFontCreateUIFontForLanguage() or +[NSFont systemFontOfSize:].
2023-01-12 16:22:40.123 java[94894:10471861] CoreText note: Client requested name ".NewYork-RegularItalicG3", it will get Times-Roman rather than the intended font. All system UI font access should be through proper APIs such as CTFontCreateUIFontForLanguage() or +[NSFont systemFontOfSize:].
2023-01-12 16:22:40.127 java[94894:10471861] CoreText note: Client requested name ".NewYork-RegularItalicG4", it will get Times-Roman rather than the intended font. All system UI font access should be through proper APIs such as CTFontCreateUIFontForLanguage() or +[NSFont systemFontOfSize:].
2023-01-12 16:22:40.132 java[94894:10471861] CoreText note: Client requested name ".SFArabic-Black", it will get Times-Roman rather than the intended font. All system UI font access should be through proper APIs such as CTFontCreateUIFontForLanguage() or +[NSFont systemFontOfSize:].
2023-01-12 16:22:40.136 java[94894:10471861] CoreText note: Client requested name ".SFArabic-Bold", it will get Times-Roman rather than the intended font. All system UI font access should be through proper APIs such as CTFontCreateUIFontForLanguage() or +[NSFont systemFontOfSize:].
2023-01-12 16:22:40.141 java[94894:10471861] CoreText note: Client requested name ".SFArabic-Heavy", it will get Times-Roman rather than the intended font. All system UI font access should be through proper APIs such as CTFontCreateUIFontForLanguage() or +[NSFont systemFontOfSize:].
2023-01-12 16:22:40.145 java[94894:10471861] CoreText note: Client requested name ".SFArabic-Light", it will get Times-Roman rather than the intended font. All system UI font access should be through proper APIs such as CTFontCreateUIFontForLanguage() or +[NSFont systemFontOfSize:].
2023-01-12 16:22:40.149 java[94894:10471861] CoreText note: Client requested name ".SFArabic-Medium", it will get Times-Roman rather than the intended font. All system UI font access should be through proper APIs such as CTFontCreateUIFontForLanguage() or +[NSFont systemFontOfSize:].
2023-01-12 16:22:40.154 java[94894:10471861] CoreText note: Client requested name ".SFArabic-Regular", it will get Times-Roman rather than the intended font. All system UI font access should be through proper APIs such as CTFontCreateUIFontForLanguage() or +[NSFont systemFontOfSize:].
2023-01-12 16:22:40.159 java[94894:10471861] CoreText note: Client requested name ".SFArabic-Semibold", it will get Times-Roman rather than the intended font. All system UI font access should be through proper APIs such as CTFontCreateUIFontForLanguage() or +[NSFont systemFontOfSize:].
2023-01-12 16:22:40.163 java[94894:10471861] CoreText note: Client requested name ".SFArabic-Thin", it will get Times-Roman rather than the intended font. All system UI font access should be through proper APIs such as CTFontCreateUIFontForLanguage() or +[NSFont systemFontOfSize:].
2023-01-12 16:22:40.167 java[94894:10471861] CoreText note: Client requested name ".SFArabic-Ultralight", it will get Times-Roman rather than the intended font. All system UI font access should be through proper APIs such as CTFontCreateUIFontForLanguage() or +[NSFont systemFontOfSize:].
Started analysis of SRR1374922.fastq
Approx 5% complete for SRR1374922.fastq
Approx 10% complete for SRR1374922.fastq
Approx 15% complete for SRR1374922.fastq
Approx 20% complete for SRR1374922.fastq
Approx 25% complete for SRR1374922.fastq
Approx 30% complete for SRR1374922.fastq
Approx 35% complete for SRR1374922.fastq
Approx 40% complete for SRR1374922.fastq
Approx 45% complete for SRR1374922.fastq
Approx 50% complete for SRR1374922.fastq
Approx 55% complete for SRR1374922.fastq
Approx 60% complete for SRR1374922.fastq
Approx 65% complete for SRR1374922.fastq
Approx 70% complete for SRR1374922.fastq
Approx 75% complete for SRR1374922.fastq
Approx 80% complete for SRR1374922.fastq
Approx 85% complete for SRR1374922.fastq
Approx 90% complete for SRR1374922.fastq
Approx 95% complete for SRR1374922.fastq
Analysis complete for SRR1374922.fastq
Started analysis of SRR1374923.fastq
Approx 5% complete for SRR1374923.fastq
Approx 10% complete for SRR1374923.fastq
Approx 15% complete for SRR1374923.fastq
Approx 20% complete for SRR1374923.fastq
Approx 25% complete for SRR1374923.fastq
Approx 30% complete for SRR1374923.fastq
Approx 35% complete for SRR1374923.fastq
Approx 40% complete for SRR1374923.fastq
Approx 45% complete for SRR1374923.fastq
Approx 50% complete for SRR1374923.fastq
Approx 55% complete for SRR1374923.fastq
Approx 60% complete for SRR1374923.fastq
Approx 65% complete for SRR1374923.fastq
Approx 70% complete for SRR1374923.fastq
Approx 75% complete for SRR1374923.fastq
Approx 80% complete for SRR1374923.fastq
Approx 85% complete for SRR1374923.fastq
Approx 90% complete for SRR1374923.fastq
Approx 95% complete for SRR1374923.fastq
Analysis complete for SRR1374923.fastq
Started analysis of SRR1374924.fastq
Approx 5% complete for SRR1374924.fastq
Approx 10% complete for SRR1374924.fastq
Approx 15% complete for SRR1374924.fastq
Approx 20% complete for SRR1374924.fastq
Approx 25% complete for SRR1374924.fastq
Approx 30% complete for SRR1374924.fastq
Approx 35% complete for SRR1374924.fastq
Approx 40% complete for SRR1374924.fastq
Approx 45% complete for SRR1374924.fastq
Approx 50% complete for SRR1374924.fastq
Approx 55% complete for SRR1374924.fastq
Approx 60% complete for SRR1374924.fastq
Approx 65% complete for SRR1374924.fastq
Approx 70% complete for SRR1374924.fastq
Approx 75% complete for SRR1374924.fastq
Approx 80% complete for SRR1374924.fastq
Approx 85% complete for SRR1374924.fastq
Approx 90% complete for SRR1374924.fastq
Approx 95% complete for SRR1374924.fastq
Analysis complete for SRR1374924.fastq
(base) wanzi@WanziMacBook workflow % ls ./result/1_initial_qc
ls: ./result/1_initial_qc: No such file or directory
(base) wanzi@WanziMacBook workflow % ls
Marmota_marmota_marmota.marMar2.1.dna.nonchromosomal.fa.gz	genome
README.Rmd							input
README.md							nohup.out
README_files							results
annotation							sortmerna_db
example								star_index
ftp.ensembl.org
(base) wanzi@WanziMacBook workflow % ls ./result 
ls: ./result: No such file or directory
(base) wanzi@WanziMacBook workflow % ls ./results/1_initial_qc
SRR1374921_fastqc.html	SRR1374922_fastqc.html	SRR1374923_fastqc.html	SRR1374924_fastqc.html
SRR1374921_fastqc.zip	SRR1374922_fastqc.zip	SRR1374923_fastqc.zip	SRR1374924_fastqc.zip
(base) wanzi@WanziMacBook workflow % conda install -c bioconda trim-galore --yes
Collecting package metadata (current_repodata.json): done
Solving environment: done

# All requested packages already installed.

(base) wanzi@WanziMacBook workflow % for file in ./input:
for> trim_galore \
--quality 20 \
--fastqc \
--length 25 \
--output_dir results/2_trimmed_output/ \
input/*.fastq     
Multicore support not enabled. Proceeding with single-core trimming.
Path to Cutadapt set as: 'cutadapt' (default)
Cutadapt seems to be working fine (tested command 'cutadapt --version')
Cutadapt version: 4.2
single-core operation.
No quality encoding type selected. Assuming that the data provided uses Sanger encoded Phred scores (default)

Output will be written into the directory: /Users/wanzi/R/Transcript_workflow/workflow/results/2_trimmed_output/


AUTO-DETECTING ADAPTER TYPE
===========================
Attempting to auto-detect adapter type from the first 1 million sequences of the first file (>> input/SRR1374921.fastq <<)

Found perfect matches for the following adapter sequences:
Adapter type	Count	Sequence	Sequences analysed	Percentage
Illumina	1152	AGATCGGAAGAGC	1000000	0.12
smallRNA	34	TGGAATTCTCGG	1000000	0.00
Nextera	4	CTGTCTCTTATA	1000000	0.00
Using Illumina adapter for trimming (count: 1152). Second best hit was smallRNA (count: 34)

Writing report to '/Users/wanzi/R/Transcript_workflow/workflow/results/2_trimmed_output/SRR1374921.fastq_trimming_report.txt'

SUMMARISING RUN PARAMETERS
==========================
Input filename: input/SRR1374921.fastq
Trimming mode: single-end
Trim Galore version: 0.6.7
Cutadapt version: 4.2
Number of cores used for trimming: 1
Quality Phred score cutoff: 20
Quality encoding type selected: ASCII+33
Adapter sequence: 'AGATCGGAAGAGC' (Illumina TruSeq, Sanger iPCR; auto-detected)
Maximum trimming error rate: 0.1 (default)
Minimum required adapter overlap (stringency): 1 bp
Minimum required sequence length before a sequence gets removed: 25 bp
Running FastQC on the data once trimming has completed

Cutadapt seems to be fairly up-to-date (version 4.2). Setting -j 1
Writing final adapter and quality trimmed output to SRR1374921_trimmed.fq


  >>> Now performing quality (cutoff '-q 20') and adapter trimming in a single pass for the adapter sequence: 'AGATCGGAAGAGC' from file input/SRR1374921.fastq <<< 
10000000 sequences processed
20000000 sequences processed
30000000 sequences processed
This is cutadapt 4.2 with Python 3.9.12
Command line parameters: -j 1 -e 0.1 -q 20 -O 1 -a AGATCGGAAGAGC input/SRR1374921.fastq
Processing single-end reads on 1 core ...
Finished in 138.037 s (3.694 µs/read; 16.24 M reads/minute).

=== Summary ===

Total reads processed:              37,372,273
Reads with adapters:                12,541,780 (33.6%)
Reads written (passing filters):    37,372,273 (100.0%)

Total basepairs processed: 1,868,613,650 bp
Quality-trimmed:              11,556,532 bp (0.6%)
Total written (filtered):  1,835,797,161 bp (98.2%)

=== Adapter 1 ===

Sequence: AGATCGGAAGAGC; Type: regular 3'; Length: 13; Trimmed: 12541780 times

Minimum overlap: 1
No. of allowed errors:
1-9 bp: 0; 10-13 bp: 1

Bases preceding removed adapters:
  A: 29.3%
  C: 33.7%
  G: 20.5%
  T: 16.0%
  none/other: 0.5%

Overview of removed sequences
length	count	expect	max.err	error counts
1	8603464	9343068.2	0	8603464
2	2849883	2335767.1	0	2849883
3	806663	583941.8	0	806663
4	156411	145985.4	0	156411
5	34931	36496.4	0	34931
6	3503	9124.1	0	3503
7	1219	2281.0	0	1219
8	586	570.3	0	586
9	1366	142.6	0	515 851
10	1641	35.6	1	516 1125
11	1127	8.9	1	457 670
12	613	2.2	1	396 217
13	482	0.6	1	433 49
14	463	0.6	1	396 67
15	472	0.6	1	402 70
16	482	0.6	1	425 57
17	558	0.6	1	487 71
18	601	0.6	1	500 101
19	445	0.6	1	382 63
20	458	0.6	1	396 62
21	481	0.6	1	405 76
22	466	0.6	1	406 60
23	508	0.6	1	450 58
24	487	0.6	1	405 82
25	474	0.6	1	404 70
26	477	0.6	1	406 71
27	499	0.6	1	430 69
28	569	0.6	1	503 66
29	558	0.6	1	470 88
30	710	0.6	1	645 65
31	563	0.6	1	492 71
32	633	0.6	1	572 61
33	633	0.6	1	577 56
34	613	0.6	1	539 74
35	702	0.6	1	628 74
36	631	0.6	1	566 65
37	581	0.6	1	513 68
38	562	0.6	1	489 73
39	398	0.6	1	343 55
40	391	0.6	1	336 55
41	572	0.6	1	471 101
42	299	0.6	1	225 74
43	251	0.6	1	188 63
44	196	0.6	1	137 59
45	381	0.6	1	241 140
46	427	0.6	1	172 255
47	1250	0.6	1	705 545
48	1071	0.6	1	666 405
49	1143	0.6	1	539 604
50	59886	0.6	1	26952 32934

RUN STATISTICS FOR INPUT FILE: input/SRR1374921.fastq
=============================================
37372273 sequences processed in total
Sequences removed because they became shorter than the length cutoff of 25 bp:	135761 (0.4%)


  >>> Now running FastQC on the data <<<

Started analysis of SRR1374921_trimmed.fq
Approx 5% complete for SRR1374921_trimmed.fq
Approx 10% complete for SRR1374921_trimmed.fq
Approx 15% complete for SRR1374921_trimmed.fq
Approx 20% complete for SRR1374921_trimmed.fq
Approx 25% complete for SRR1374921_trimmed.fq
Approx 30% complete for SRR1374921_trimmed.fq
Approx 35% complete for SRR1374921_trimmed.fq
Approx 40% complete for SRR1374921_trimmed.fq
Approx 45% complete for SRR1374921_trimmed.fq
Approx 50% complete for SRR1374921_trimmed.fq
Approx 55% complete for SRR1374921_trimmed.fq
Approx 60% complete for SRR1374921_trimmed.fq
Approx 65% complete for SRR1374921_trimmed.fq
Approx 70% complete for SRR1374921_trimmed.fq
Approx 75% complete for SRR1374921_trimmed.fq
Approx 80% complete for SRR1374921_trimmed.fq
Approx 85% complete for SRR1374921_trimmed.fq
Approx 90% complete for SRR1374921_trimmed.fq
Approx 95% complete for SRR1374921_trimmed.fq
Analysis complete for SRR1374921_trimmed.fq
2023-01-12 16:54:51.829 java[95244:10493374] CoreText note: Client requested name ".NewYork-BoldG1", it will get Times-Roman rather than the intended font. All system UI font access should be through proper APIs such as CTFontCreateUIFontForLanguage() or +[NSFont systemFontOfSize:].
2023-01-12 16:54:51.829 java[95244:10493374] CoreText note: Set a breakpoint on CTFontLogSystemFontNameRequest to debug.
2023-01-12 16:54:51.841 java[95244:10493374] CoreText note: Client requested name ".NewYork-BoldG2", it will get Times-Roman rather than the intended font. All system UI font access should be through proper APIs such as CTFontCreateUIFontForLanguage() or +[NSFont systemFontOfSize:].
2023-01-12 16:54:51.848 java[95244:10493374] CoreText note: Client requested name ".NewYork-BoldG3", it will get Times-Roman rather than the intended font. All system UI font access should be through proper APIs such as CTFontCreateUIFontForLanguage() or +[NSFont systemFontOfSize:].
2023-01-12 16:54:51.853 java[95244:10493374] CoreText note: Client requested name ".NewYork-BoldG4", it will get Times-Roman rather than the intended font. All system UI font access should be through proper APIs such as CTFontCreateUIFontForLanguage() or +[NSFont systemFontOfSize:].
2023-01-12 16:54:51.857 java[95244:10493374] CoreText note: Client requested name ".NewYork-BoldItalicG1", it will get Times-Roman rather than the intended font. All system UI font access should be through proper APIs such as CTFontCreateUIFontForLanguage() or +[NSFont systemFontOfSize:].
2023-01-12 16:54:51.861 java[95244:10493374] CoreText note: Client requested name ".NewYork-BoldItalicG2", it will get Times-Roman rather than the intended font. All system UI font access should be through proper APIs such as CTFontCreateUIFontForLanguage() or +[NSFont systemFontOfSize:].
2023-01-12 16:54:51.865 java[95244:10493374] CoreText note: Client requested name ".NewYork-BoldItalicG3", it will get Times-Roman rather than the intended font. All system UI font access should be through proper APIs such as CTFontCreateUIFontForLanguage() or +[NSFont systemFontOfSize:].
2023-01-12 16:54:51.870 java[95244:10493374] CoreText note: Client requested name ".NewYork-BoldItalicG4", it will get Times-Roman rather than the intended font. All system UI font access should be through proper APIs such as CTFontCreateUIFontForLanguage() or +[NSFont systemFontOfSize:].
2023-01-12 16:54:51.874 java[95244:10493374] CoreText note: Client requested name ".NewYork-RegularG1", it will get Times-Roman rather than the intended font. All system UI font access should be through proper APIs such as CTFontCreateUIFontForLanguage() or +[NSFont systemFontOfSize:].
2023-01-12 16:54:51.878 java[95244:10493374] CoreText note: Client requested name ".NewYork-RegularG2", it will get Times-Roman rather than the intended font. All system UI font access should be through proper APIs such as CTFontCreateUIFontForLanguage() or +[NSFont systemFontOfSize:].
2023-01-12 16:54:51.883 java[95244:10493374] CoreText note: Client requested name ".NewYork-RegularG3", it will get Times-Roman rather than the intended font. All system UI font access should be through proper APIs such as CTFontCreateUIFontForLanguage() or +[NSFont systemFontOfSize:].
2023-01-12 16:54:51.887 java[95244:10493374] CoreText note: Client requested name ".NewYork-RegularG4", it will get Times-Roman rather than the intended font. All system UI font access should be through proper APIs such as CTFontCreateUIFontForLanguage() or +[NSFont systemFontOfSize:].
2023-01-12 16:54:51.891 java[95244:10493374] CoreText note: Client requested name ".NewYork-RegularItalicG1", it will get Times-Roman rather than the intended font. All system UI font access should be through proper APIs such as CTFontCreateUIFontForLanguage() or +[NSFont systemFontOfSize:].
2023-01-12 16:54:51.895 java[95244:10493374] CoreText note: Client requested name ".NewYork-RegularItalicG2", it will get Times-Roman rather than the intended font. All system UI font access should be through proper APIs such as CTFontCreateUIFontForLanguage() or +[NSFont systemFontOfSize:].
2023-01-12 16:54:51.900 java[95244:10493374] CoreText note: Client requested name ".NewYork-RegularItalicG3", it will get Times-Roman rather than the intended font. All system UI font access should be through proper APIs such as CTFontCreateUIFontForLanguage() or +[NSFont systemFontOfSize:].
2023-01-12 16:54:51.905 java[95244:10493374] CoreText note: Client requested name ".NewYork-RegularItalicG4", it will get Times-Roman rather than the intended font. All system UI font access should be through proper APIs such as CTFontCreateUIFontForLanguage() or +[NSFont systemFontOfSize:].
2023-01-12 16:54:51.909 java[95244:10493374] CoreText note: Client requested name ".SFArabic-Black", it will get Times-Roman rather than the intended font. All system UI font access should be through proper APIs such as CTFontCreateUIFontForLanguage() or +[NSFont systemFontOfSize:].
2023-01-12 16:54:51.914 java[95244:10493374] CoreText note: Client requested name ".SFArabic-Bold", it will get Times-Roman rather than the intended font. All system UI font access should be through proper APIs such as CTFontCreateUIFontForLanguage() or +[NSFont systemFontOfSize:].
2023-01-12 16:54:51.919 java[95244:10493374] CoreText note: Client requested name ".SFArabic-Heavy", it will get Times-Roman rather than the intended font. All system UI font access should be through proper APIs such as CTFontCreateUIFontForLanguage() or +[NSFont systemFontOfSize:].
2023-01-12 16:54:51.923 java[95244:10493374] CoreText note: Client requested name ".SFArabic-Light", it will get Times-Roman rather than the intended font. All system UI font access should be through proper APIs such as CTFontCreateUIFontForLanguage() or +[NSFont systemFontOfSize:].
2023-01-12 16:54:51.927 java[95244:10493374] CoreText note: Client requested name ".SFArabic-Medium", it will get Times-Roman rather than the intended font. All system UI font access should be through proper APIs such as CTFontCreateUIFontForLanguage() or +[NSFont systemFontOfSize:].
2023-01-12 16:54:51.931 java[95244:10493374] CoreText note: Client requested name ".SFArabic-Regular", it will get Times-Roman rather than the intended font. All system UI font access should be through proper APIs such as CTFontCreateUIFontForLanguage() or +[NSFont systemFontOfSize:].
2023-01-12 16:54:51.936 java[95244:10493374] CoreText note: Client requested name ".SFArabic-Semibold", it will get Times-Roman rather than the intended font. All system UI font access should be through proper APIs such as CTFontCreateUIFontForLanguage() or +[NSFont systemFontOfSize:].
2023-01-12 16:54:51.940 java[95244:10493374] CoreText note: Client requested name ".SFArabic-Thin", it will get Times-Roman rather than the intended font. All system UI font access should be through proper APIs such as CTFontCreateUIFontForLanguage() or +[NSFont systemFontOfSize:].
2023-01-12 16:54:51.944 java[95244:10493374] CoreText note: Client requested name ".SFArabic-Ultralight", it will get Times-Roman rather than the intended font. All system UI font access should be through proper APIs such as CTFontCreateUIFontForLanguage() or +[NSFont systemFontOfSize:].
Writing report to '/Users/wanzi/R/Transcript_workflow/workflow/results/2_trimmed_output/SRR1374922.fastq_trimming_report.txt'

SUMMARISING RUN PARAMETERS
==========================
Input filename: input/SRR1374922.fastq
Trimming mode: single-end
Trim Galore version: 0.6.7
Cutadapt version: 4.2
Number of cores used for trimming: 1
Quality Phred score cutoff: 20
Quality encoding type selected: ASCII+33
Adapter sequence: 'AGATCGGAAGAGC' (Illumina TruSeq, Sanger iPCR; auto-detected)
Maximum trimming error rate: 0.1 (default)
Minimum required adapter overlap (stringency): 1 bp
Minimum required sequence length before a sequence gets removed: 25 bp
Running FastQC on the data once trimming has completed

Cutadapt seems to be fairly up-to-date (version 4.2). Setting -j -j 1
Writing final adapter and quality trimmed output to SRR1374922_trimmed.fq


  >>> Now performing quality (cutoff '-q 20') and adapter trimming in a single pass for the adapter sequence: 'AGATCGGAAGAGC' from file input/SRR1374922.fastq <<< 
10000000 sequences processed
20000000 sequences processed
30000000 sequences processed
This is cutadapt 4.2 with Python 3.9.12
Command line parameters: -j 1 -e 0.1 -q 20 -O 1 -a AGATCGGAAGAGC input/SRR1374922.fastq
Processing single-end reads on 1 core ...
Finished in 120.619 s (3.662 µs/read; 16.38 M reads/minute).

=== Summary ===

Total reads processed:              32,935,114
Reads with adapters:                10,981,211 (33.3%)
Reads written (passing filters):    32,935,114 (100.0%)

Total basepairs processed: 1,646,755,700 bp
Quality-trimmed:              11,929,664 bp (0.7%)
Total written (filtered):  1,617,148,470 bp (98.2%)

=== Adapter 1 ===

Sequence: AGATCGGAAGAGC; Type: regular 3'; Length: 13; Trimmed: 10981211 times

Minimum overlap: 1
No. of allowed errors:
1-9 bp: 0; 10-13 bp: 1

Bases preceding removed adapters:
  A: 29.3%
  C: 33.5%
  G: 20.7%
  T: 16.1%
  none/other: 0.3%

Overview of removed sequences
length	count	expect	max.err	error counts
1	7562492	8233778.5	0	7562492
2	2499648	2058444.6	0	2499648
3	694159	514611.2	0	694159
4	133538	128652.8	0	133538
5	30672	32163.2	0	30672
6	3117	8040.8	0	3117
7	1029	2010.2	0	1029
8	560	502.5	0	560
9	1158	125.6	0	456 702
10	1503	31.4	1	494 1009
11	1009	7.9	1	464 545
12	603	2.0	1	419 184
13	382	0.5	1	338 44
14	418	0.5	1	350 68
15	443	0.5	1	385 58
16	422	0.5	1	383 39
17	519	0.5	1	453 66
18	500	0.5	1	429 71
19	348	0.5	1	302 46
20	397	0.5	1	350 47
21	460	0.5	1	397 63
22	414	0.5	1	350 64
23	489	0.5	1	435 54
24	381	0.5	1	315 66
25	392	0.5	1	350 42
26	401	0.5	1	351 50
27	466	0.5	1	409 57
28	506	0.5	1	447 59
29	490	0.5	1	409 81
30	558	0.5	1	477 81
31	446	0.5	1	376 70
32	576	0.5	1	513 63
33	519	0.5	1	461 58
34	493	0.5	1	437 56
35	630	0.5	1	574 56
36	530	0.5	1	486 44
37	497	0.5	1	435 62
38	500	0.5	1	436 64
39	358	0.5	1	298 60
40	350	0.5	1	309 41
41	494	0.5	1	415 79
42	233	0.5	1	198 35
43	220	0.5	1	154 66
44	170	0.5	1	117 53
45	304	0.5	1	179 125
46	297	0.5	1	120 177
47	940	0.5	1	549 391
48	706	0.5	1	457 249
49	776	0.5	1	350 426
50	34698	0.5	1	15316 19382

RUN STATISTICS FOR INPUT FILE: input/SRR1374922.fastq
=============================================
32935114 sequences processed in total
Sequences removed because they became shorter than the length cutoff of 25 bp:	112557 (0.3%)


  >>> Now running FastQC on the data <<<

Started analysis of SRR1374922_trimmed.fq
Approx 5% complete for SRR1374922_trimmed.fq
Approx 10% complete for SRR1374922_trimmed.fq
Approx 15% complete for SRR1374922_trimmed.fq
Approx 20% complete for SRR1374922_trimmed.fq
Approx 25% complete for SRR1374922_trimmed.fq
Approx 30% complete for SRR1374922_trimmed.fq
Approx 35% complete for SRR1374922_trimmed.fq
Approx 40% complete for SRR1374922_trimmed.fq
Approx 45% complete for SRR1374922_trimmed.fq
Approx 50% complete for SRR1374922_trimmed.fq
Approx 55% complete for SRR1374922_trimmed.fq
Approx 60% complete for SRR1374922_trimmed.fq
Approx 65% complete for SRR1374922_trimmed.fq
Approx 70% complete for SRR1374922_trimmed.fq
Approx 75% complete for SRR1374922_trimmed.fq
Approx 80% complete for SRR1374922_trimmed.fq
Approx 85% complete for SRR1374922_trimmed.fq
Approx 90% complete for SRR1374922_trimmed.fq
Approx 95% complete for SRR1374922_trimmed.fq
Analysis complete for SRR1374922_trimmed.fq
2023-01-12 17:01:38.962 java[95286:10496162] CoreText note: Client requested name ".NewYork-BoldG1", it will get Times-Roman rather than the intended font. All system UI font access should be through proper APIs such as CTFontCreateUIFontForLanguage() or +[NSFont systemFontOfSize:].
2023-01-12 17:01:38.962 java[95286:10496162] CoreText note: Set a breakpoint on CTFontLogSystemFontNameRequest to debug.
2023-01-12 17:01:38.971 java[95286:10496162] CoreText note: Client requested name ".NewYork-BoldG2", it will get Times-Roman rather than the intended font. All system UI font access should be through proper APIs such as CTFontCreateUIFontForLanguage() or +[NSFont systemFontOfSize:].
2023-01-12 17:01:38.976 java[95286:10496162] CoreText note: Client requested name ".NewYork-BoldG3", it will get Times-Roman rather than the intended font. All system UI font access should be through proper APIs such as CTFontCreateUIFontForLanguage() or +[NSFont systemFontOfSize:].
2023-01-12 17:01:38.981 java[95286:10496162] CoreText note: Client requested name ".NewYork-BoldG4", it will get Times-Roman rather than the intended font. All system UI font access should be through proper APIs such as CTFontCreateUIFontForLanguage() or +[NSFont systemFontOfSize:].
2023-01-12 17:01:38.985 java[95286:10496162] CoreText note: Client requested name ".NewYork-BoldItalicG1", it will get Times-Roman rather than the intended font. All system UI font access should be through proper APIs such as CTFontCreateUIFontForLanguage() or +[NSFont systemFontOfSize:].
2023-01-12 17:01:38.989 java[95286:10496162] CoreText note: Client requested name ".NewYork-BoldItalicG2", it will get Times-Roman rather than the intended font. All system UI font access should be through proper APIs such as CTFontCreateUIFontForLanguage() or +[NSFont systemFontOfSize:].
2023-01-12 17:01:38.994 java[95286:10496162] CoreText note: Client requested name ".NewYork-BoldItalicG3", it will get Times-Roman rather than the intended font. All system UI font access should be through proper APIs such as CTFontCreateUIFontForLanguage() or +[NSFont systemFontOfSize:].
2023-01-12 17:01:39.002 java[95286:10496162] CoreText note: Client requested name ".NewYork-BoldItalicG4", it will get Times-Roman rather than the intended font. All system UI font access should be through proper APIs such as CTFontCreateUIFontForLanguage() or +[NSFont systemFontOfSize:].
2023-01-12 17:01:39.007 java[95286:10496162] CoreText note: Client requested name ".NewYork-RegularG1", it will get Times-Roman rather than the intended font. All system UI font access should be through proper APIs such as CTFontCreateUIFontForLanguage() or +[NSFont systemFontOfSize:].
2023-01-12 17:01:39.011 java[95286:10496162] CoreText note: Client requested name ".NewYork-RegularG2", it will get Times-Roman rather than the intended font. All system UI font access should be through proper APIs such as CTFontCreateUIFontForLanguage() or +[NSFont systemFontOfSize:].
2023-01-12 17:01:39.016 java[95286:10496162] CoreText note: Client requested name ".NewYork-RegularG3", it will get Times-Roman rather than the intended font. All system UI font access should be through proper APIs such as CTFontCreateUIFontForLanguage() or +[NSFont systemFontOfSize:].
2023-01-12 17:01:39.020 java[95286:10496162] CoreText note: Client requested name ".NewYork-RegularG4", it will get Times-Roman rather than the intended font. All system UI font access should be through proper APIs such as CTFontCreateUIFontForLanguage() or +[NSFont systemFontOfSize:].
2023-01-12 17:01:39.025 java[95286:10496162] CoreText note: Client requested name ".NewYork-RegularItalicG1", it will get Times-Roman rather than the intended font. All system UI font access should be through proper APIs such as CTFontCreateUIFontForLanguage() or +[NSFont systemFontOfSize:].
2023-01-12 17:01:39.029 java[95286:10496162] CoreText note: Client requested name ".NewYork-RegularItalicG2", it will get Times-Roman rather than the intended font. All system UI font access should be through proper APIs such as CTFontCreateUIFontForLanguage() or +[NSFont systemFontOfSize:].
2023-01-12 17:01:39.034 java[95286:10496162] CoreText note: Client requested name ".NewYork-RegularItalicG3", it will get Times-Roman rather than the intended font. All system UI font access should be through proper APIs such as CTFontCreateUIFontForLanguage() or +[NSFont systemFontOfSize:].
2023-01-12 17:01:39.038 java[95286:10496162] CoreText note: Client requested name ".NewYork-RegularItalicG4", it will get Times-Roman rather than the intended font. All system UI font access should be through proper APIs such as CTFontCreateUIFontForLanguage() or +[NSFont systemFontOfSize:].
2023-01-12 17:01:39.042 java[95286:10496162] CoreText note: Client requested name ".SFArabic-Black", it will get Times-Roman rather than the intended font. All system UI font access should be through proper APIs such as CTFontCreateUIFontForLanguage() or +[NSFont systemFontOfSize:].
2023-01-12 17:01:39.047 java[95286:10496162] CoreText note: Client requested name ".SFArabic-Bold", it will get Times-Roman rather than the intended font. All system UI font access should be through proper APIs such as CTFontCreateUIFontForLanguage() or +[NSFont systemFontOfSize:].
2023-01-12 17:01:39.051 java[95286:10496162] CoreText note: Client requested name ".SFArabic-Heavy", it will get Times-Roman rather than the intended font. All system UI font access should be through proper APIs such as CTFontCreateUIFontForLanguage() or +[NSFont systemFontOfSize:].
2023-01-12 17:01:39.055 java[95286:10496162] CoreText note: Client requested name ".SFArabic-Light", it will get Times-Roman rather than the intended font. All system UI font access should be through proper APIs such as CTFontCreateUIFontForLanguage() or +[NSFont systemFontOfSize:].
2023-01-12 17:01:39.059 java[95286:10496162] CoreText note: Client requested name ".SFArabic-Medium", it will get Times-Roman rather than the intended font. All system UI font access should be through proper APIs such as CTFontCreateUIFontForLanguage() or +[NSFont systemFontOfSize:].
2023-01-12 17:01:39.064 java[95286:10496162] CoreText note: Client requested name ".SFArabic-Regular", it will get Times-Roman rather than the intended font. All system UI font access should be through proper APIs such as CTFontCreateUIFontForLanguage() or +[NSFont systemFontOfSize:].
2023-01-12 17:01:39.068 java[95286:10496162] CoreText note: Client requested name ".SFArabic-Semibold", it will get Times-Roman rather than the intended font. All system UI font access should be through proper APIs such as CTFontCreateUIFontForLanguage() or +[NSFont systemFontOfSize:].
2023-01-12 17:01:39.072 java[95286:10496162] CoreText note: Client requested name ".SFArabic-Thin", it will get Times-Roman rather than the intended font. All system UI font access should be through proper APIs such as CTFontCreateUIFontForLanguage() or +[NSFont systemFontOfSize:].
2023-01-12 17:01:39.077 java[95286:10496162] CoreText note: Client requested name ".SFArabic-Ultralight", it will get Times-Roman rather than the intended font. All system UI font access should be through proper APIs such as CTFontCreateUIFontForLanguage() or +[NSFont systemFontOfSize:].
Writing report to '/Users/wanzi/R/Transcript_workflow/workflow/results/2_trimmed_output/SRR1374923.fastq_trimming_report.txt'

SUMMARISING RUN PARAMETERS
==========================
Input filename: input/SRR1374923.fastq
Trimming mode: single-end
Trim Galore version: 0.6.7
Cutadapt version: 4.2
Number of cores used for trimming: 1
Quality Phred score cutoff: 20
Quality encoding type selected: ASCII+33
Adapter sequence: 'AGATCGGAAGAGC' (Illumina TruSeq, Sanger iPCR; auto-detected)
Maximum trimming error rate: 0.1 (default)
Minimum required adapter overlap (stringency): 1 bp
Minimum required sequence length before a sequence gets removed: 25 bp
Running FastQC on the data once trimming has completed

Cutadapt seems to be fairly up-to-date (version 4.2). Setting -j -j 1
Writing final adapter and quality trimmed output to SRR1374923_trimmed.fq


  >>> Now performing quality (cutoff '-q 20') and adapter trimming in a single pass for the adapter sequence: 'AGATCGGAAGAGC' from file input/SRR1374923.fastq <<< 
10000000 sequences processed
20000000 sequences processed
30000000 sequences processed
This is cutadapt 4.2 with Python 3.9.12
Command line parameters: -j 1 -e 0.1 -q 20 -O 1 -a AGATCGGAAGAGC input/SRR1374923.fastq
Processing single-end reads on 1 core ...
Finished in 142.310 s (3.705 µs/read; 16.19 M reads/minute).

=== Summary ===

Total reads processed:              38,409,221
Reads with adapters:                12,751,604 (33.2%)
Reads written (passing filters):    38,409,221 (100.0%)

Total basepairs processed: 1,920,461,050 bp
Quality-trimmed:              12,278,793 bp (0.6%)
Total written (filtered):  1,888,945,248 bp (98.4%)

=== Adapter 1 ===

Sequence: AGATCGGAAGAGC; Type: regular 3'; Length: 13; Trimmed: 12751604 times

Minimum overlap: 1
No. of allowed errors:
1-9 bp: 0; 10-13 bp: 1

Bases preceding removed adapters:
  A: 28.9%
  C: 34.3%
  G: 20.4%
  T: 16.3%
  none/other: 0.2%

Overview of removed sequences
length	count	expect	max.err	error counts
1	8787176	9602305.2	0	8787176
2	2912229	2400576.3	0	2912229
3	825028	600144.1	0	825028
4	154082	150036.0	0	154082
5	33613	37509.0	0	33613
6	3357	9377.3	0	3357
7	993	2344.3	0	993
8	412	586.1	0	412
9	1083	146.5	0	334 749
10	1440	36.6	1	369 1071
11	1007	9.2	1	340 667
12	554	2.3	1	342 212
13	337	0.6	1	283 54
14	298	0.6	1	257 41
15	359	0.6	1	302 57
16	334	0.6	1	282 52
17	371	0.6	1	323 48
18	369	0.6	1	301 68
19	343	0.6	1	273 70
20	303	0.6	1	257 46
21	326	0.6	1	255 71
22	306	0.6	1	260 46
23	325	0.6	1	275 50
24	321	0.6	1	254 67
25	317	0.6	1	261 56
26	310	0.6	1	258 52
27	333	0.6	1	278 55
28	359	0.6	1	314 45
29	392	0.6	1	316 76
30	448	0.6	1	367 81
31	342	0.6	1	275 67
32	410	0.6	1	361 49
33	375	0.6	1	320 55
34	363	0.6	1	314 49
35	438	0.6	1	379 59
36	372	0.6	1	333 39
37	321	0.6	1	270 51
38	355	0.6	1	287 68
39	275	0.6	1	229 46
40	248	0.6	1	192 56
41	352	0.6	1	275 77
42	167	0.6	1	111 56
43	169	0.6	1	101 68
44	187	0.6	1	75 112
45	374	0.6	1	170 204
46	287	0.6	1	156 131
47	470	0.6	1	272 198
48	200	0.6	1	95 105
49	300	0.6	1	138 162
50	18474	0.6	1	6154 12320

RUN STATISTICS FOR INPUT FILE: input/SRR1374923.fastq
=============================================
38409221 sequences processed in total
Sequences removed because they became shorter than the length cutoff of 25 bp:	91300 (0.2%)


  >>> Now running FastQC on the data <<<

Started analysis of SRR1374923_trimmed.fq
Approx 5% complete for SRR1374923_trimmed.fq
Approx 10% complete for SRR1374923_trimmed.fq
Approx 15% complete for SRR1374923_trimmed.fq
Approx 20% complete for SRR1374923_trimmed.fq
Approx 25% complete for SRR1374923_trimmed.fq
Approx 30% complete for SRR1374923_trimmed.fq
Approx 35% complete for SRR1374923_trimmed.fq
Approx 40% complete for SRR1374923_trimmed.fq
Approx 45% complete for SRR1374923_trimmed.fq
Approx 50% complete for SRR1374923_trimmed.fq
Approx 55% complete for SRR1374923_trimmed.fq
Approx 60% complete for SRR1374923_trimmed.fq
Approx 65% complete for SRR1374923_trimmed.fq
Approx 70% complete for SRR1374923_trimmed.fq
Approx 75% complete for SRR1374923_trimmed.fq
Approx 80% complete for SRR1374923_trimmed.fq
Approx 85% complete for SRR1374923_trimmed.fq
Approx 90% complete for SRR1374923_trimmed.fq
Approx 95% complete for SRR1374923_trimmed.fq
Analysis complete for SRR1374923_trimmed.fq
2023-01-12 17:09:29.187 java[97178:10503588] CoreText note: Client requested name ".NewYork-BoldG1", it will get Times-Roman rather than the intended font. All system UI font access should be through proper APIs such as CTFontCreateUIFontForLanguage() or +[NSFont systemFontOfSize:].
2023-01-12 17:09:29.187 java[97178:10503588] CoreText note: Set a breakpoint on CTFontLogSystemFontNameRequest to debug.
2023-01-12 17:09:29.199 java[97178:10503588] CoreText note: Client requested name ".NewYork-BoldG2", it will get Times-Roman rather than the intended font. All system UI font access should be through proper APIs such as CTFontCreateUIFontForLanguage() or +[NSFont systemFontOfSize:].
2023-01-12 17:09:29.204 java[97178:10503588] CoreText note: Client requested name ".NewYork-BoldG3", it will get Times-Roman rather than the intended font. All system UI font access should be through proper APIs such as CTFontCreateUIFontForLanguage() or +[NSFont systemFontOfSize:].
2023-01-12 17:09:29.208 java[97178:10503588] CoreText note: Client requested name ".NewYork-BoldG4", it will get Times-Roman rather than the intended font. All system UI font access should be through proper APIs such as CTFontCreateUIFontForLanguage() or +[NSFont systemFontOfSize:].
2023-01-12 17:09:29.213 java[97178:10503588] CoreText note: Client requested name ".NewYork-BoldItalicG1", it will get Times-Roman rather than the intended font. All system UI font access should be through proper APIs such as CTFontCreateUIFontForLanguage() or +[NSFont systemFontOfSize:].
2023-01-12 17:09:29.218 java[97178:10503588] CoreText note: Client requested name ".NewYork-BoldItalicG2", it will get Times-Roman rather than the intended font. All system UI font access should be through proper APIs such as CTFontCreateUIFontForLanguage() or +[NSFont systemFontOfSize:].
2023-01-12 17:09:29.222 java[97178:10503588] CoreText note: Client requested name ".NewYork-BoldItalicG3", it will get Times-Roman rather than the intended font. All system UI font access should be through proper APIs such as CTFontCreateUIFontForLanguage() or +[NSFont systemFontOfSize:].
2023-01-12 17:09:29.226 java[97178:10503588] CoreText note: Client requested name ".NewYork-BoldItalicG4", it will get Times-Roman rather than the intended font. All system UI font access should be through proper APIs such as CTFontCreateUIFontForLanguage() or +[NSFont systemFontOfSize:].
2023-01-12 17:09:29.231 java[97178:10503588] CoreText note: Client requested name ".NewYork-RegularG1", it will get Times-Roman rather than the intended font. All system UI font access should be through proper APIs such as CTFontCreateUIFontForLanguage() or +[NSFont systemFontOfSize:].
2023-01-12 17:09:29.235 java[97178:10503588] CoreText note: Client requested name ".NewYork-RegularG2", it will get Times-Roman rather than the intended font. All system UI font access should be through proper APIs such as CTFontCreateUIFontForLanguage() or +[NSFont systemFontOfSize:].
2023-01-12 17:09:29.239 java[97178:10503588] CoreText note: Client requested name ".NewYork-RegularG3", it will get Times-Roman rather than the intended font. All system UI font access should be through proper APIs such as CTFontCreateUIFontForLanguage() or +[NSFont systemFontOfSize:].
2023-01-12 17:09:29.243 java[97178:10503588] CoreText note: Client requested name ".NewYork-RegularG4", it will get Times-Roman rather than the intended font. All system UI font access should be through proper APIs such as CTFontCreateUIFontForLanguage() or +[NSFont systemFontOfSize:].
2023-01-12 17:09:29.248 java[97178:10503588] CoreText note: Client requested name ".NewYork-RegularItalicG1", it will get Times-Roman rather than the intended font. All system UI font access should be through proper APIs such as CTFontCreateUIFontForLanguage() or +[NSFont systemFontOfSize:].
2023-01-12 17:09:29.252 java[97178:10503588] CoreText note: Client requested name ".NewYork-RegularItalicG2", it will get Times-Roman rather than the intended font. All system UI font access should be through proper APIs such as CTFontCreateUIFontForLanguage() or +[NSFont systemFontOfSize:].
2023-01-12 17:09:29.257 java[97178:10503588] CoreText note: Client requested name ".NewYork-RegularItalicG3", it will get Times-Roman rather than the intended font. All system UI font access should be through proper APIs such as CTFontCreateUIFontForLanguage() or +[NSFont systemFontOfSize:].
2023-01-12 17:09:29.261 java[97178:10503588] CoreText note: Client requested name ".NewYork-RegularItalicG4", it will get Times-Roman rather than the intended font. All system UI font access should be through proper APIs such as CTFontCreateUIFontForLanguage() or +[NSFont systemFontOfSize:].
2023-01-12 17:09:29.266 java[97178:10503588] CoreText note: Client requested name ".SFArabic-Black", it will get Times-Roman rather than the intended font. All system UI font access should be through proper APIs such as CTFontCreateUIFontForLanguage() or +[NSFont systemFontOfSize:].
2023-01-12 17:09:29.270 java[97178:10503588] CoreText note: Client requested name ".SFArabic-Bold", it will get Times-Roman rather than the intended font. All system UI font access should be through proper APIs such as CTFontCreateUIFontForLanguage() or +[NSFont systemFontOfSize:].
2023-01-12 17:09:29.274 java[97178:10503588] CoreText note: Client requested name ".SFArabic-Heavy", it will get Times-Roman rather than the intended font. All system UI font access should be through proper APIs such as CTFontCreateUIFontForLanguage() or +[NSFont systemFontOfSize:].
2023-01-12 17:09:29.279 java[97178:10503588] CoreText note: Client requested name ".SFArabic-Light", it will get Times-Roman rather than the intended font. All system UI font access should be through proper APIs such as CTFontCreateUIFontForLanguage() or +[NSFont systemFontOfSize:].
2023-01-12 17:09:29.284 java[97178:10503588] CoreText note: Client requested name ".SFArabic-Medium", it will get Times-Roman rather than the intended font. All system UI font access should be through proper APIs such as CTFontCreateUIFontForLanguage() or +[NSFont systemFontOfSize:].
2023-01-12 17:09:29.288 java[97178:10503588] CoreText note: Client requested name ".SFArabic-Regular", it will get Times-Roman rather than the intended font. All system UI font access should be through proper APIs such as CTFontCreateUIFontForLanguage() or +[NSFont systemFontOfSize:].
2023-01-12 17:09:29.292 java[97178:10503588] CoreText note: Client requested name ".SFArabic-Semibold", it will get Times-Roman rather than the intended font. All system UI font access should be through proper APIs such as CTFontCreateUIFontForLanguage() or +[NSFont systemFontOfSize:].
2023-01-12 17:09:29.297 java[97178:10503588] CoreText note: Client requested name ".SFArabic-Thin", it will get Times-Roman rather than the intended font. All system UI font access should be through proper APIs such as CTFontCreateUIFontForLanguage() or +[NSFont systemFontOfSize:].
2023-01-12 17:09:29.302 java[97178:10503588] CoreText note: Client requested name ".SFArabic-Ultralight", it will get Times-Roman rather than the intended font. All system UI font access should be through proper APIs such as CTFontCreateUIFontForLanguage() or +[NSFont systemFontOfSize:].
Writing report to '/Users/wanzi/R/Transcript_workflow/workflow/results/2_trimmed_output/SRR1374924.fastq_trimming_report.txt'

SUMMARISING RUN PARAMETERS
==========================
Input filename: input/SRR1374924.fastq
Trimming mode: single-end
Trim Galore version: 0.6.7
Cutadapt version: 4.2
Number of cores used for trimming: 1
Quality Phred score cutoff: 20
Quality encoding type selected: ASCII+33
Adapter sequence: 'AGATCGGAAGAGC' (Illumina TruSeq, Sanger iPCR; auto-detected)
Maximum trimming error rate: 0.1 (default)
Minimum required adapter overlap (stringency): 1 bp
Minimum required sequence length before a sequence gets removed: 25 bp
Running FastQC on the data once trimming has completed

Cutadapt seems to be fairly up-to-date (version 4.2). Setting -j -j 1
Writing final adapter and quality trimmed output to SRR1374924_trimmed.fq


  >>> Now performing quality (cutoff '-q 20') and adapter trimming in a single pass for the adapter sequence: 'AGATCGGAAGAGC' from file input/SRR1374924.fastq <<< 
10000000 sequences processed
20000000 sequences processed
30000000 sequences processed
This is cutadapt 4.2 with Python 3.9.12
Command line parameters: -j 1 -e 0.1 -q 20 -O 1 -a AGATCGGAAGAGC input/SRR1374924.fastq
Processing single-end reads on 1 core ...
Finished in 119.940 s (3.735 µs/read; 16.07 M reads/minute).

=== Summary ===

Total reads processed:              32,114,782
Reads with adapters:                10,549,150 (32.8%)
Reads written (passing filters):    32,114,782 (100.0%)

Total basepairs processed: 1,605,739,100 bp
Quality-trimmed:              12,385,354 bp (0.8%)
Total written (filtered):  1,577,553,250 bp (98.2%)

=== Adapter 1 ===

Sequence: AGATCGGAAGAGC; Type: regular 3'; Length: 13; Trimmed: 10549150 times

Minimum overlap: 1
No. of allowed errors:
1-9 bp: 0; 10-13 bp: 1

Bases preceding removed adapters:
  A: 28.9%
  C: 34.0%
  G: 20.7%
  T: 16.3%
  none/other: 0.1%

Overview of removed sequences
length	count	expect	max.err	error counts
1	7282839	8028695.5	0	7282839
2	2414596	2007173.9	0	2414596
3	666749	501793.5	0	666749
4	124646	125448.4	0	124646
5	27783	31362.1	0	27783
6	2948	7840.5	0	2948
7	919	1960.1	0	919
8	432	490.0	0	432
9	956	122.5	0	350 606
10	1205	30.6	1	371 834
11	868	7.7	1	355 513
12	471	1.9	1	305 166
13	312	0.5	1	273 39
14	311	0.5	1	269 42
15	331	0.5	1	292 39
16	279	0.5	1	242 37
17	338	0.5	1	298 40
18	383	0.5	1	307 76
19	315	0.5	1	277 38
20	333	0.5	1	293 40
21	344	0.5	1	287 57
22	349	0.5	1	299 50
23	411	0.5	1	363 48
24	379	0.5	1	323 56
25	378	0.5	1	327 51
26	322	0.5	1	275 47
27	411	0.5	1	359 52
28	391	0.5	1	343 48
29	429	0.5	1	335 94
30	495	0.5	1	415 80
31	362	0.5	1	297 65
32	442	0.5	1	408 34
33	412	0.5	1	366 46
34	360	0.5	1	315 45
35	482	0.5	1	409 73
36	420	0.5	1	375 45
37	374	0.5	1	310 64
38	386	0.5	1	326 60
39	309	0.5	1	259 50
40	224	0.5	1	173 51
41	365	0.5	1	304 61
42	195	0.5	1	145 50
43	191	0.5	1	138 53
44	171	0.5	1	77 94
45	342	0.5	1	162 180
46	239	0.5	1	157 82
47	486	0.5	1	285 201
48	212	0.5	1	110 102
49	198	0.5	1	102 96
50	12057	0.5	1	3617 8440

RUN STATISTICS FOR INPUT FILE: input/SRR1374924.fastq
=============================================
32114782 sequences processed in total
Sequences removed because they became shorter than the length cutoff of 25 bp:	88689 (0.3%)


  >>> Now running FastQC on the data <<<

Started analysis of SRR1374924_trimmed.fq
Approx 5% complete for SRR1374924_trimmed.fq
Approx 10% complete for SRR1374924_trimmed.fq
Approx 15% complete for SRR1374924_trimmed.fq
Approx 20% complete for SRR1374924_trimmed.fq
Approx 25% complete for SRR1374924_trimmed.fq
Approx 30% complete for SRR1374924_trimmed.fq
Approx 35% complete for SRR1374924_trimmed.fq
Approx 40% complete for SRR1374924_trimmed.fq
Approx 45% complete for SRR1374924_trimmed.fq
Approx 50% complete for SRR1374924_trimmed.fq
Approx 55% complete for SRR1374924_trimmed.fq
Approx 60% complete for SRR1374924_trimmed.fq
Approx 65% complete for SRR1374924_trimmed.fq
Approx 70% complete for SRR1374924_trimmed.fq
Approx 75% complete for SRR1374924_trimmed.fq
Approx 80% complete for SRR1374924_trimmed.fq
Approx 85% complete for SRR1374924_trimmed.fq
Approx 90% complete for SRR1374924_trimmed.fq
Approx 95% complete for SRR1374924_trimmed.fq
Analysis complete for SRR1374924_trimmed.fq
2023-01-12 17:16:06.738 java[97205:10506405] CoreText note: Client requested name ".NewYork-BoldG1", it will get Times-Roman rather than the intended font. All system UI font access should be through proper APIs such as CTFontCreateUIFontForLanguage() or +[NSFont systemFontOfSize:].
2023-01-12 17:16:06.738 java[97205:10506405] CoreText note: Set a breakpoint on CTFontLogSystemFontNameRequest to debug.
2023-01-12 17:16:06.751 java[97205:10506405] CoreText note: Client requested name ".NewYork-BoldG2", it will get Times-Roman rather than the intended font. All system UI font access should be through proper APIs such as CTFontCreateUIFontForLanguage() or +[NSFont systemFontOfSize:].
2023-01-12 17:16:06.755 java[97205:10506405] CoreText note: Client requested name ".NewYork-BoldG3", it will get Times-Roman rather than the intended font. All system UI font access should be through proper APIs such as CTFontCreateUIFontForLanguage() or +[NSFont systemFontOfSize:].
2023-01-12 17:16:06.759 java[97205:10506405] CoreText note: Client requested name ".NewYork-BoldG4", it will get Times-Roman rather than the intended font. All system UI font access should be through proper APIs such as CTFontCreateUIFontForLanguage() or +[NSFont systemFontOfSize:].
2023-01-12 17:16:06.764 java[97205:10506405] CoreText note: Client requested name ".NewYork-BoldItalicG1", it will get Times-Roman rather than the intended font. All system UI font access should be through proper APIs such as CTFontCreateUIFontForLanguage() or +[NSFont systemFontOfSize:].
2023-01-12 17:16:06.769 java[97205:10506405] CoreText note: Client requested name ".NewYork-BoldItalicG2", it will get Times-Roman rather than the intended font. All system UI font access should be through proper APIs such as CTFontCreateUIFontForLanguage() or +[NSFont systemFontOfSize:].
2023-01-12 17:16:06.773 java[97205:10506405] CoreText note: Client requested name ".NewYork-BoldItalicG3", it will get Times-Roman rather than the intended font. All system UI font access should be through proper APIs such as CTFontCreateUIFontForLanguage() or +[NSFont systemFontOfSize:].
2023-01-12 17:16:06.777 java[97205:10506405] CoreText note: Client requested name ".NewYork-BoldItalicG4", it will get Times-Roman rather than the intended font. All system UI font access should be through proper APIs such as CTFontCreateUIFontForLanguage() or +[NSFont systemFontOfSize:].
2023-01-12 17:16:06.783 java[97205:10506405] CoreText note: Client requested name ".NewYork-RegularG1", it will get Times-Roman rather than the intended font. All system UI font access should be through proper APIs such as CTFontCreateUIFontForLanguage() or +[NSFont systemFontOfSize:].
2023-01-12 17:16:06.787 java[97205:10506405] CoreText note: Client requested name ".NewYork-RegularG2", it will get Times-Roman rather than the intended font. All system UI font access should be through proper APIs such as CTFontCreateUIFontForLanguage() or +[NSFont systemFontOfSize:].
2023-01-12 17:16:06.792 java[97205:10506405] CoreText note: Client requested name ".NewYork-RegularG3", it will get Times-Roman rather than the intended font. All system UI font access should be through proper APIs such as CTFontCreateUIFontForLanguage() or +[NSFont systemFontOfSize:].
2023-01-12 17:16:06.797 java[97205:10506405] CoreText note: Client requested name ".NewYork-RegularG4", it will get Times-Roman rather than the intended font. All system UI font access should be through proper APIs such as CTFontCreateUIFontForLanguage() or +[NSFont systemFontOfSize:].
2023-01-12 17:16:06.801 java[97205:10506405] CoreText note: Client requested name ".NewYork-RegularItalicG1", it will get Times-Roman rather than the intended font. All system UI font access should be through proper APIs such as CTFontCreateUIFontForLanguage() or +[NSFont systemFontOfSize:].
2023-01-12 17:16:06.805 java[97205:10506405] CoreText note: Client requested name ".NewYork-RegularItalicG2", it will get Times-Roman rather than the intended font. All system UI font access should be through proper APIs such as CTFontCreateUIFontForLanguage() or +[NSFont systemFontOfSize:].
2023-01-12 17:16:06.810 java[97205:10506405] CoreText note: Client requested name ".NewYork-RegularItalicG3", it will get Times-Roman rather than the intended font. All system UI font access should be through proper APIs such as CTFontCreateUIFontForLanguage() or +[NSFont systemFontOfSize:].
2023-01-12 17:16:06.814 java[97205:10506405] CoreText note: Client requested name ".NewYork-RegularItalicG4", it will get Times-Roman rather than the intended font. All system UI font access should be through proper APIs such as CTFontCreateUIFontForLanguage() or +[NSFont systemFontOfSize:].
2023-01-12 17:16:06.819 java[97205:10506405] CoreText note: Client requested name ".SFArabic-Black", it will get Times-Roman rather than the intended font. All system UI font access should be through proper APIs such as CTFontCreateUIFontForLanguage() or +[NSFont systemFontOfSize:].
2023-01-12 17:16:06.823 java[97205:10506405] CoreText note: Client requested name ".SFArabic-Bold", it will get Times-Roman rather than the intended font. All system UI font access should be through proper APIs such as CTFontCreateUIFontForLanguage() or +[NSFont systemFontOfSize:].
2023-01-12 17:16:06.827 java[97205:10506405] CoreText note: Client requested name ".SFArabic-Heavy", it will get Times-Roman rather than the intended font. All system UI font access should be through proper APIs such as CTFontCreateUIFontForLanguage() or +[NSFont systemFontOfSize:].
2023-01-12 17:16:06.832 java[97205:10506405] CoreText note: Client requested name ".SFArabic-Light", it will get Times-Roman rather than the intended font. All system UI font access should be through proper APIs such as CTFontCreateUIFontForLanguage() or +[NSFont systemFontOfSize:].
2023-01-12 17:16:06.836 java[97205:10506405] CoreText note: Client requested name ".SFArabic-Medium", it will get Times-Roman rather than the intended font. All system UI font access should be through proper APIs such as CTFontCreateUIFontForLanguage() or +[NSFont systemFontOfSize:].
2023-01-12 17:16:06.840 java[97205:10506405] CoreText note: Client requested name ".SFArabic-Regular", it will get Times-Roman rather than the intended font. All system UI font access should be through proper APIs such as CTFontCreateUIFontForLanguage() or +[NSFont systemFontOfSize:].
2023-01-12 17:16:06.845 java[97205:10506405] CoreText note: Client requested name ".SFArabic-Semibold", it will get Times-Roman rather than the intended font. All system UI font access should be through proper APIs such as CTFontCreateUIFontForLanguage() or +[NSFont systemFontOfSize:].
2023-01-12 17:16:06.849 java[97205:10506405] CoreText note: Client requested name ".SFArabic-Thin", it will get Times-Roman rather than the intended font. All system UI font access should be through proper APIs such as CTFontCreateUIFontForLanguage() or +[NSFont systemFontOfSize:].
2023-01-12 17:16:06.854 java[97205:10506405] CoreText note: Client requested name ".SFArabic-Ultralight", it will get Times-Roman rather than the intended font. All system UI font access should be through proper APIs such as CTFontCreateUIFontForLanguage() or +[NSFont systemFontOfSize:].
(base) wanzi@WanziMacBook workflow % ls ./results/2_trimmed_output/
SRR1374921.fastq_trimming_report.txt	SRR1374922.fastq_trimming_report.txt	SRR1374923.fastq_trimming_report.txt	SRR1374924.fastq_trimming_report.txt
SRR1374921_trimmed.fq			SRR1374922_trimmed.fq			SRR1374923_trimmed.fq			SRR1374924_trimmed.fq
SRR1374921_trimmed_fastqc.html		SRR1374922_trimmed_fastqc.html		SRR1374923_trimmed_fastqc.html		SRR1374924_trimmed_fastqc.html
SRR1374921_trimmed_fastqc.zip		SRR1374922_trimmed_fastqc.zip		SRR1374923_trimmed_fastqc.zip		SRR1374924_trimmed_fastqc.zip
(base) wanzi@WanziMacBook workflow % conda install -c bioconda sortmerna --yes
Collecting package metadata (current_repodata.json): done
Solving environment: done

## Package Plan ##

  environment location: /Users/wanzi/opt/anaconda3

  added / updated specs:
    - sortmerna


The following packages will be downloaded:

    package                    |            build
    ---------------------------|-----------------
    sortmerna-2.1b             |       h5c9b4e4_4         272 KB  bioconda
    ------------------------------------------------------------
                                           Total:         272 KB

The following NEW packages will be INSTALLED:

  sortmerna          bioconda/osx-64::sortmerna-2.1b-h5c9b4e4_4 



Downloading and Extracting Packages
                                                                                                                                                                                      
Preparing transaction: done
Verifying transaction: done
Executing transaction: done
(base) wanzi@WanziMacBook workflow % wget -P sortmerna_db https://github.com/biocore/sortmerna/archive/2.1b.zip
--2023-01-12 17:18:45--  https://github.com/biocore/sortmerna/archive/2.1b.zip
Resolving github.com (github.com)... 140.82.113.4
Connecting to github.com (github.com)|140.82.113.4|:443... connected.
HTTP request sent, awaiting response... 302 Found
Location: https://codeload.github.com/biocore/sortmerna/zip/refs/tags/2.1b [following]
--2023-01-12 17:18:45--  https://codeload.github.com/biocore/sortmerna/zip/refs/tags/2.1b
Resolving codeload.github.com (codeload.github.com)... 140.82.113.9
Connecting to codeload.github.com (codeload.github.com)|140.82.113.9|:443... connected.
HTTP request sent, awaiting response... 200 OK
Length: unspecified [application/zip]
Saving to: 'sortmerna_db/2.1b.zip'

2.1b.zip                                          [                                           <=>                                                  ]  25.46M  2.19MB/s    in 13s     

2023-01-12 17:18:58 (2.01 MB/s) - 'sortmerna_db/2.1b.zip' saved [26702331]

(base) wanzi@WanziMacBook workflow % unzip sortmerna_db/2.1b.zip -d sortmerna_db
Archive:  sortmerna_db/2.1b.zip
200f613c4dfae4b6cf07114b3e26f714d3bb895a
   creating: sortmerna_db/sortmerna-2.1b/
  inflating: sortmerna_db/sortmerna-2.1b/.gitignore  
  inflating: sortmerna_db/sortmerna-2.1b/.travis.yml  
  inflating: sortmerna_db/sortmerna-2.1b/AUTHORS  
  inflating: sortmerna_db/sortmerna-2.1b/COPYING  
  inflating: sortmerna_db/sortmerna-2.1b/COPYING.LESSER.txt  
  inflating: sortmerna_db/sortmerna-2.1b/ChangeLog  
  inflating: sortmerna_db/sortmerna-2.1b/INSTALL  
  inflating: sortmerna_db/sortmerna-2.1b/LICENSE.LESSER.txt  
  inflating: sortmerna_db/sortmerna-2.1b/LICENSE.txt  
  inflating: sortmerna_db/sortmerna-2.1b/Makefile.am  
  inflating: sortmerna_db/sortmerna-2.1b/Makefile.in  
 extracting: sortmerna_db/sortmerna-2.1b/NEWS  
  inflating: sortmerna_db/sortmerna-2.1b/README  
  inflating: sortmerna_db/sortmerna-2.1b/README.md  
  inflating: sortmerna_db/sortmerna-2.1b/SortMeRNA-User-Manual-2.1.pdf  
  inflating: sortmerna_db/sortmerna-2.1b/SortMeRNA-User-Manual.tex  
  inflating: sortmerna_db/sortmerna-2.1b/_autotools_batch_.sh  
  inflating: sortmerna_db/sortmerna-2.1b/aclocal.m4  
   creating: sortmerna_db/sortmerna-2.1b/algorithm/
  inflating: sortmerna_db/sortmerna-2.1b/algorithm/min_lis.png  
  inflating: sortmerna_db/sortmerna-2.1b/algorithm/min_lis_small.png  
   creating: sortmerna_db/sortmerna-2.1b/alp/
  inflating: sortmerna_db/sortmerna-2.1b/alp/njn_approx.hpp  
  inflating: sortmerna_db/sortmerna-2.1b/alp/njn_doubletype.hpp  
  inflating: sortmerna_db/sortmerna-2.1b/alp/njn_dynprogprob.cpp  
  inflating: sortmerna_db/sortmerna-2.1b/alp/njn_dynprogprob.hpp  
  inflating: sortmerna_db/sortmerna-2.1b/alp/njn_dynprogproblim.cpp  
  inflating: sortmerna_db/sortmerna-2.1b/alp/njn_dynprogproblim.hpp  
  inflating: sortmerna_db/sortmerna-2.1b/alp/njn_dynprogprobproto.cpp  
  inflating: sortmerna_db/sortmerna-2.1b/alp/njn_dynprogprobproto.hpp  
  inflating: sortmerna_db/sortmerna-2.1b/alp/njn_function.hpp  
  inflating: sortmerna_db/sortmerna-2.1b/alp/njn_integer.hpp  
  inflating: sortmerna_db/sortmerna-2.1b/alp/njn_ioutil.cpp  
  inflating: sortmerna_db/sortmerna-2.1b/alp/njn_ioutil.hpp  
  inflating: sortmerna_db/sortmerna-2.1b/alp/njn_localmaxstat.cpp  
  inflating: sortmerna_db/sortmerna-2.1b/alp/njn_localmaxstat.hpp  
  inflating: sortmerna_db/sortmerna-2.1b/alp/njn_localmaxstatmatrix.cpp  
  inflating: sortmerna_db/sortmerna-2.1b/alp/njn_localmaxstatmatrix.hpp  
  inflating: sortmerna_db/sortmerna-2.1b/alp/njn_localmaxstatutil.cpp  
  inflating: sortmerna_db/sortmerna-2.1b/alp/njn_localmaxstatutil.hpp  
  inflating: sortmerna_db/sortmerna-2.1b/alp/njn_matrix.hpp  
  inflating: sortmerna_db/sortmerna-2.1b/alp/njn_memutil.hpp  
  inflating: sortmerna_db/sortmerna-2.1b/alp/njn_random.cpp  
  inflating: sortmerna_db/sortmerna-2.1b/alp/njn_random.hpp  
  inflating: sortmerna_db/sortmerna-2.1b/alp/njn_root.hpp  
  inflating: sortmerna_db/sortmerna-2.1b/alp/njn_uniform.hpp  
  inflating: sortmerna_db/sortmerna-2.1b/alp/njn_vector.hpp  
  inflating: sortmerna_db/sortmerna-2.1b/alp/sls_alignment_evaluer.cpp  
  inflating: sortmerna_db/sortmerna-2.1b/alp/sls_alignment_evaluer.hpp  
  inflating: sortmerna_db/sortmerna-2.1b/alp/sls_alp.cpp  
  inflating: sortmerna_db/sortmerna-2.1b/alp/sls_alp.hpp  
  inflating: sortmerna_db/sortmerna-2.1b/alp/sls_alp_data.cpp  
  inflating: sortmerna_db/sortmerna-2.1b/alp/sls_alp_data.hpp  
  inflating: sortmerna_db/sortmerna-2.1b/alp/sls_alp_regression.cpp  
  inflating: sortmerna_db/sortmerna-2.1b/alp/sls_alp_regression.hpp  
  inflating: sortmerna_db/sortmerna-2.1b/alp/sls_alp_sim.cpp  
  inflating: sortmerna_db/sortmerna-2.1b/alp/sls_alp_sim.hpp  
  inflating: sortmerna_db/sortmerna-2.1b/alp/sls_basic.cpp  
  inflating: sortmerna_db/sortmerna-2.1b/alp/sls_basic.hpp  
  inflating: sortmerna_db/sortmerna-2.1b/alp/sls_normal_distr_array.hpp  
  inflating: sortmerna_db/sortmerna-2.1b/alp/sls_pvalues.cpp  
  inflating: sortmerna_db/sortmerna-2.1b/alp/sls_pvalues.hpp  
  inflating: sortmerna_db/sortmerna-2.1b/build.sh  
   creating: sortmerna_db/sortmerna-2.1b/cmph/
   creating: sortmerna_db/sortmerna-2.1b/cmph/.deps/
 extracting: sortmerna_db/sortmerna-2.1b/cmph/.deps/.dirstamp  
 extracting: sortmerna_db/sortmerna-2.1b/cmph/.dirstamp  
  inflating: sortmerna_db/sortmerna-2.1b/cmph/bdz.c  
  inflating: sortmerna_db/sortmerna-2.1b/cmph/bdz.h  
  inflating: sortmerna_db/sortmerna-2.1b/cmph/bdz_ph.c  
  inflating: sortmerna_db/sortmerna-2.1b/cmph/bdz_ph.h  
  inflating: sortmerna_db/sortmerna-2.1b/cmph/bdz_structs.h  
  inflating: sortmerna_db/sortmerna-2.1b/cmph/bdz_structs_ph.h  
  inflating: sortmerna_db/sortmerna-2.1b/cmph/bitbool.h  
  inflating: sortmerna_db/sortmerna-2.1b/cmph/bmz.c  
  inflating: sortmerna_db/sortmerna-2.1b/cmph/bmz.h  
  inflating: sortmerna_db/sortmerna-2.1b/cmph/bmz8.c  
  inflating: sortmerna_db/sortmerna-2.1b/cmph/bmz8.h  
  inflating: sortmerna_db/sortmerna-2.1b/cmph/bmz8_structs.h  
  inflating: sortmerna_db/sortmerna-2.1b/cmph/bmz_structs.h  
  inflating: sortmerna_db/sortmerna-2.1b/cmph/brz.c  
  inflating: sortmerna_db/sortmerna-2.1b/cmph/brz.h  
  inflating: sortmerna_db/sortmerna-2.1b/cmph/brz_structs.h  
  inflating: sortmerna_db/sortmerna-2.1b/cmph/buffer_entry.c  
  inflating: sortmerna_db/sortmerna-2.1b/cmph/buffer_entry.h  
  inflating: sortmerna_db/sortmerna-2.1b/cmph/buffer_manager.c  
  inflating: sortmerna_db/sortmerna-2.1b/cmph/buffer_manager.h  
  inflating: sortmerna_db/sortmerna-2.1b/cmph/chd.c  
  inflating: sortmerna_db/sortmerna-2.1b/cmph/chd.h  
  inflating: sortmerna_db/sortmerna-2.1b/cmph/chd_ph.c  
  inflating: sortmerna_db/sortmerna-2.1b/cmph/chd_ph.h  
  inflating: sortmerna_db/sortmerna-2.1b/cmph/chd_structs.h  
  inflating: sortmerna_db/sortmerna-2.1b/cmph/chd_structs_ph.h  
  inflating: sortmerna_db/sortmerna-2.1b/cmph/chm.c  
  inflating: sortmerna_db/sortmerna-2.1b/cmph/chm.h  
  inflating: sortmerna_db/sortmerna-2.1b/cmph/chm_structs.h  
  inflating: sortmerna_db/sortmerna-2.1b/cmph/cmph.c  
  inflating: sortmerna_db/sortmerna-2.1b/cmph/cmph.h  
  inflating: sortmerna_db/sortmerna-2.1b/cmph/cmph_structs.c  
  inflating: sortmerna_db/sortmerna-2.1b/cmph/cmph_structs.h  
  inflating: sortmerna_db/sortmerna-2.1b/cmph/cmph_time.h  
  inflating: sortmerna_db/sortmerna-2.1b/cmph/cmph_types.h  
  inflating: sortmerna_db/sortmerna-2.1b/cmph/compressed_rank.c  
  inflating: sortmerna_db/sortmerna-2.1b/cmph/compressed_rank.h  
  inflating: sortmerna_db/sortmerna-2.1b/cmph/compressed_seq.c  
  inflating: sortmerna_db/sortmerna-2.1b/cmph/compressed_seq.h  
  inflating: sortmerna_db/sortmerna-2.1b/cmph/debug.h  
  inflating: sortmerna_db/sortmerna-2.1b/cmph/fch.c  
  inflating: sortmerna_db/sortmerna-2.1b/cmph/fch.h  
  inflating: sortmerna_db/sortmerna-2.1b/cmph/fch_buckets.c  
  inflating: sortmerna_db/sortmerna-2.1b/cmph/fch_buckets.h  
  inflating: sortmerna_db/sortmerna-2.1b/cmph/fch_structs.h  
  inflating: sortmerna_db/sortmerna-2.1b/cmph/graph.c  
  inflating: sortmerna_db/sortmerna-2.1b/cmph/graph.h  
  inflating: sortmerna_db/sortmerna-2.1b/cmph/hash.c  
  inflating: sortmerna_db/sortmerna-2.1b/cmph/hash.h  
  inflating: sortmerna_db/sortmerna-2.1b/cmph/hash_state.h  
  inflating: sortmerna_db/sortmerna-2.1b/cmph/jenkins_hash.c  
  inflating: sortmerna_db/sortmerna-2.1b/cmph/jenkins_hash.h  
  inflating: sortmerna_db/sortmerna-2.1b/cmph/miller_rabin.c  
  inflating: sortmerna_db/sortmerna-2.1b/cmph/miller_rabin.h  
  inflating: sortmerna_db/sortmerna-2.1b/cmph/select.c  
  inflating: sortmerna_db/sortmerna-2.1b/cmph/select.h  
  inflating: sortmerna_db/sortmerna-2.1b/cmph/select_lookup_tables.h  
  inflating: sortmerna_db/sortmerna-2.1b/cmph/vqueue.c  
  inflating: sortmerna_db/sortmerna-2.1b/cmph/vqueue.h  
  inflating: sortmerna_db/sortmerna-2.1b/cmph/vstack.c  
  inflating: sortmerna_db/sortmerna-2.1b/cmph/vstack.h  
  inflating: sortmerna_db/sortmerna-2.1b/compile  
  inflating: sortmerna_db/sortmerna-2.1b/configure  
  inflating: sortmerna_db/sortmerna-2.1b/configure.ac  
  inflating: sortmerna_db/sortmerna-2.1b/depcomp  
  inflating: sortmerna_db/sortmerna-2.1b/doxygen_configure.txt  
   creating: sortmerna_db/sortmerna-2.1b/include/
  inflating: sortmerna_db/sortmerna-2.1b/include/alignment.hpp  
  inflating: sortmerna_db/sortmerna-2.1b/include/bitvector.hpp  
  inflating: sortmerna_db/sortmerna-2.1b/include/common.hpp  
  inflating: sortmerna_db/sortmerna-2.1b/include/config.h  
  inflating: sortmerna_db/sortmerna-2.1b/include/config.h.in  
  inflating: sortmerna_db/sortmerna-2.1b/include/indexdb.hpp  
  inflating: sortmerna_db/sortmerna-2.1b/include/load_index.hpp  
  inflating: sortmerna_db/sortmerna-2.1b/include/loadgenome.hpp  
  inflating: sortmerna_db/sortmerna-2.1b/include/memcheck.h  
  inflating: sortmerna_db/sortmerna-2.1b/include/minoccur.hpp  
  inflating: sortmerna_db/sortmerna-2.1b/include/mmap.hpp  
  inflating: sortmerna_db/sortmerna-2.1b/include/outputformats.hpp  
  inflating: sortmerna_db/sortmerna-2.1b/include/paralleltraversal.hpp  
  inflating: sortmerna_db/sortmerna-2.1b/include/ssw.h  
 extracting: sortmerna_db/sortmerna-2.1b/include/stamp-h1  
  inflating: sortmerna_db/sortmerna-2.1b/include/traverse_bursttrie.hpp  
  inflating: sortmerna_db/sortmerna-2.1b/include/triestats.hpp  
   creating: sortmerna_db/sortmerna-2.1b/index/
 extracting: sortmerna_db/sortmerna-2.1b/index/.tobuild  
  inflating: sortmerna_db/sortmerna-2.1b/indexdb_rna.1  
  inflating: sortmerna_db/sortmerna-2.1b/install-sh  
  inflating: sortmerna_db/sortmerna-2.1b/missing  
   creating: sortmerna_db/sortmerna-2.1b/rRNA_databases/
  inflating: sortmerna_db/sortmerna-2.1b/rRNA_databases/README.txt  
  inflating: sortmerna_db/sortmerna-2.1b/rRNA_databases/rfam-5.8s-database-id98.fasta  
  inflating: sortmerna_db/sortmerna-2.1b/rRNA_databases/rfam-5s-database-id98.fasta  
   creating: sortmerna_db/sortmerna-2.1b/rRNA_databases/scripts/
  inflating: sortmerna_db/sortmerna-2.1b/rRNA_databases/scripts/edit_U_to_T_rna.py  
  inflating: sortmerna_db/sortmerna-2.1b/rRNA_databases/scripts/generate_databases.sh  
  inflating: sortmerna_db/sortmerna-2.1b/rRNA_databases/scripts/hmmer_clean.sh  
  inflating: sortmerna_db/sortmerna-2.1b/rRNA_databases/silva-arc-16s-id95.fasta  
  inflating: sortmerna_db/sortmerna-2.1b/rRNA_databases/silva-arc-23s-id98.fasta  
  inflating: sortmerna_db/sortmerna-2.1b/rRNA_databases/silva-bac-16s-id90.fasta  
  inflating: sortmerna_db/sortmerna-2.1b/rRNA_databases/silva-bac-23s-id98.fasta  
  inflating: sortmerna_db/sortmerna-2.1b/rRNA_databases/silva-euk-18s-id95.fasta  
  inflating: sortmerna_db/sortmerna-2.1b/rRNA_databases/silva-euk-28s-id98.fasta  
 extracting: sortmerna_db/sortmerna-2.1b/rRNA_databases/silva_ids_acc_tax.tar.gz  
   creating: sortmerna_db/sortmerna-2.1b/scripts/
  inflating: sortmerna_db/sortmerna-2.1b/scripts/merge-paired-reads.sh  
  inflating: sortmerna_db/sortmerna-2.1b/scripts/unmerge-paired-reads.sh  
  inflating: sortmerna_db/sortmerna-2.1b/sortmerna.1  
   creating: sortmerna_db/sortmerna-2.1b/src/
   creating: sortmerna_db/sortmerna-2.1b/src/.deps/
 extracting: sortmerna_db/sortmerna-2.1b/src/.deps/.dirstamp  
 extracting: sortmerna_db/sortmerna-2.1b/src/.dirstamp  
  inflating: sortmerna_db/sortmerna-2.1b/src/alignment.cpp  
  inflating: sortmerna_db/sortmerna-2.1b/src/bitvector.cpp  
  inflating: sortmerna_db/sortmerna-2.1b/src/indexdb.cpp  
  inflating: sortmerna_db/sortmerna-2.1b/src/load_index.cpp  
  inflating: sortmerna_db/sortmerna-2.1b/src/main.cpp  
  inflating: sortmerna_db/sortmerna-2.1b/src/minoccur.cpp  
  inflating: sortmerna_db/sortmerna-2.1b/src/mmap.cpp  
  inflating: sortmerna_db/sortmerna-2.1b/src/outputformats.cpp  
  inflating: sortmerna_db/sortmerna-2.1b/src/paralleltraversal.cpp  
  inflating: sortmerna_db/sortmerna-2.1b/src/ssw.c  
  inflating: sortmerna_db/sortmerna-2.1b/src/ssw_example.c  
  inflating: sortmerna_db/sortmerna-2.1b/src/traverse_bursttrie.cpp  
   creating: sortmerna_db/sortmerna-2.1b/tests/
   creating: sortmerna_db/sortmerna-2.1b/tests/data/
 extracting: sortmerna_db/sortmerna-2.1b/tests/data/empty_file.fasta  
  inflating: sortmerna_db/sortmerna-2.1b/tests/data/gg_13_8_ref_set.fasta  
  inflating: sortmerna_db/sortmerna-2.1b/tests/data/illumina_GQ099317.fasta  
  inflating: sortmerna_db/sortmerna-2.1b/tests/data/ref_GQ099317_forward_and_rc.fasta  
  inflating: sortmerna_db/sortmerna-2.1b/tests/data/ref_short_seqs.fasta  
  inflating: sortmerna_db/sortmerna-2.1b/tests/data/set2_environmental_study_550_amplicon.fasta  
  inflating: sortmerna_db/sortmerna-2.1b/tests/data/set4_mate_pairs_metatranscriptomics.fastq  
  inflating: sortmerna_db/sortmerna-2.1b/tests/data/set5_simulated_amplicon_silva_bac_16s.fasta  
  inflating: sortmerna_db/sortmerna-2.1b/tests/data/set7_arc_bac_16S_database_match.fasta  
  inflating: sortmerna_db/sortmerna-2.1b/tests/data/silva-arc-16s-database-id95.fasta  
  inflating: sortmerna_db/sortmerna-2.1b/tests/data/silva-bac-16s-database-id85.fasta  
  inflating: sortmerna_db/sortmerna-2.1b/tests/test_sortmerna.py  
(base) wanzi@WanziMacBook workflow % mv sortmerna_db/sortmerna-2.1b/rRNA_databases/ sortmerna_db/
(base) wanzi@WanziMacBook workflow % rm sortmerna_db/2.1b.zip
(base) wanzi@WanziMacBook workflow % rm -r sortmerna_db/sortmerna-2.1b
(base) wanzi@WanziMacBook workflow % sortmernaREF=sortmerna_db/rRNA_databases/silva-arc-16s-id95.fasta,sortmerna_db/index/silva-arc-16s-id95:\
sortmerna_db/rRNA_databases/silva-arc-23s-id98.fasta,sortmerna_db/index/silva-arc-23s-id98:\
sortmerna_db/rRNA_databases/silva-bac-16s-id90.fasta,sortmerna_db/index/silva-bac-16s-id95:\
sortmerna_db/rRNA_databases/silva-bac-23s-id98.fasta,sortmerna_db/index/silva-bac-23s-id98:\
sortmerna_db/rRNA_databases/silva-euk-18s-id95.fasta,sortmerna_db/index/silva-euk-18s-id95:\
sortmerna_db/rRNA_databases/silva-euk-28s-id98.fasta,sortmerna_db/index/silva-euk-28s-id98
(base) wanzi@WanziMacBook workflow % indexdb_rna --ref $sortmernaREF
(base) wanzi@WanziMacBook workflow % sortmerna -h

  Program:     SortMeRNA version 2.1b, 03/03/2016
  Copyright:   2012-16 Bonsai Bioinformatics Research Group:
               LIFL, University Lille 1, CNRS UMR 8022, INRIA Nord-Europe
               2014-16 Knight Lab:
               Department of Pediatrics, UCSD, La Jolla,
  Disclaimer:  SortMeRNA comes with ABSOLUTELY NO WARRANTY; without even the
               implied warranty of MERCHANTABILITY or FITNESS FOR A PARTICULAR PURPOSE.
               See the GNU Lesser General Public License for more details.
  Contact:     Evguenia Kopylova, jenya.kopylov@gmail.com 
               Laurent Noé, laurent.noe@lifl.fr
               Hélène Touzet, helene.touzet@lifl.fr


  usage:   ./sortmerna --ref db.fasta,db.idx --reads file.fa --aligned base_name_output [OPTIONS]:

  -------------------------------------------------------------------------------------------------------------
  | parameter          value           description                                                    default |
  -------------------------------------------------------------------------------------------------------------
     --ref             STRING,STRING   FASTA reference file, index file                               mandatory
                                         (ex. --ref /path/to/file1.fasta,/path/to/index1)
                                         If passing multiple reference files, separate 
                                         them using the delimiter ':',
                                         (ex. --ref /path/to/file1.fasta,/path/to/index1:/path/to/file2.fasta,path/to/index2)
     --reads           STRING          FASTA/FASTQ reads file                                         mandatory
     --aligned         STRING          aligned reads filepath + base file name                        mandatory
                                         (appropriate extension will be added)

   [COMMON OPTIONS]: 
     --other           STRING          rejected reads filepath + base file name
                                         (appropriate extension will be added)
     --fastx           BOOL            output FASTA/FASTQ file                                        off
                                         (for aligned and/or rejected reads)
     --sam             BOOL            output SAM alignment                                           off
                                         (for aligned reads only)
     --SQ              BOOL            add SQ tags to the SAM file                                    off
     --blast           STRING          output alignments in various Blast-like formats                
                                        '0' - pairwise
                                        '1' - tabular (Blast -m 8 format)
                                        '1 cigar' - tabular + column for CIGAR 
                                        '1 cigar qcov' - tabular + columns for CIGAR
                                                         and query coverage
                                        '1 cigar qcov qstrand' - tabular + columns for CIGAR,
                                                                query coverage and strand
     --log             BOOL            output overall statistics                                      off
     --num_alignments  INT             report first INT alignments per read reaching E-value          -1
                                        (--num_alignments 0 signifies all alignments will be output)
       or (default)
     --best            INT             report INT best alignments per read reaching E-value           1
                                         by searching --min_lis INT candidate alignments
                                        (--best 0 signifies all candidate alignments will be searched)
     --min_lis         INT             search all alignments having the first INT longest LIS         2
                                         LIS stands for Longest Increasing Subsequence, it is 
                                         computed using seeds' positions to expand hits into
                                         longer matches prior to Smith-Waterman alignment. 
     --print_all_reads BOOL            output null alignment strings for non-aligned reads            off
                                         to SAM and/or BLAST tabular files
     --paired_in       BOOL            both paired-end reads go in --aligned fasta/q file             off
                                         (interleaved reads only, see Section 4.2.4 of User Manual)
     --paired_out      BOOL            both paired-end reads go in --other fasta/q file               off
                                         (interleaved reads only, see Section 4.2.4 of User Manual)
     --match           INT             SW score (positive integer) for a match                        2
     --mismatch        INT             SW penalty (negative integer) for a mismatch                   -3
     --gap_open        INT             SW penalty (positive integer) for introducing a gap            5
     --gap_ext         INT             SW penalty (positive integer) for extending a gap              2
     -N                INT             SW penalty for ambiguous letters (N's)                         scored as --mismatch
     -F                BOOL            search only the forward strand                                 off
     -R                BOOL            search only the reverse-complementary strand                   off
     -a                INT             number of threads to use                                       1
     -e                DOUBLE          E-value threshold                                              1
     -m                INT             INT Mbytes for loading the reads into memory                   1024
                                        (maximum -m INT is 4096)
     -v                BOOL            verbose                                                        off


   [OTU PICKING OPTIONS]: 
     --id              DOUBLE          %id similarity threshold (the alignment must                   0.97
                                         still pass the E-value threshold)
     --coverage        DOUBLE          %query coverage threshold (the alignment must                  0.97
                                         still pass the E-value threshold)
     --de_novo_otu     BOOL            FASTA/FASTQ file for reads matching database < %id             off
                                         (set using --id) and < %cov (set using --coverage) 
                                         (alignment must still pass the E-value threshold)
     --otu_map         BOOL            output OTU map (input to QIIME's make_otu_table.py)            off


   [ADVANCED OPTIONS] (see SortMeRNA user manual for more details): 
    --passes           INT,INT,INT     three intervals at which to place the seed on the read         L,L/2,3
                                         (L is the seed length set in ./indexdb_rna)
    --edges            INT             number (or percent if INT followed by % sign) of               4
                                         nucleotides to add to each edge of the read
                                         prior to SW local alignment 
    --num_seeds        INT             number of seeds matched before searching                       2
                                         for candidate LIS 
    --full_search      BOOL            search for all 0-error and 1-error seed                        off
                                         matches in the index rather than stopping
                                         after finding a 0-error match (<1% gain in
                                         sensitivity with up four-fold decrease in speed)
    --pid              BOOL            add pid to output file names                                   off


   [HELP]:
     -h                BOOL            help
     --version         BOOL            SortMeRNA version number


(base) wanzi@WanziMacBook workflow % sortmernaREF=sortmerna_db/rRNA_databases/silva-arc-16s-id95.fasta,sortmerna_db/index/silva-arc-16s-id95:\
sortmerna_db/rRNA_databases/silva-arc-23s-id98.fasta,sortmerna_db/index/silva-arc-23s-id98:\
sortmerna_db/rRNA_databases/silva-bac-16s-id90.fasta,sortmerna_db/index/silva-bac-16s-id95:\
sortmerna_db/rRNA_databases/silva-bac-23s-id98.fasta,sortmerna_db/index/silva-bac-23s-id98:\
sortmerna_db/rRNA_databases/silva-euk-18s-id95.fasta,sortmerna_db/index/silva-euk-18s-id95:\
sortmerna_db/rRNA_databases/silva-euk-28s-id98.fasta,sortmerna_db/index/silva-euk-28s-id98
(base) wanzi@WanziMacBook workflow % sortmerna \
--ref $sortmernaREF \
--reads results/2_trimmed_output/sample_trimmed.fq \
--aligned results/3_rRNA/aligned/sample_aligned.fq \
--other results/3_rRNA/filtered/sample_filtered.fq \
--fastx \
--log \
-a 4 \
-v

  ERROR: the file results/2_trimmed_output/sample_trimmed.fq could not be opened: No such file or directory.

(base) wanzi@WanziMacBook workflow % sortmerna \
--ref $sortmernaREF \
--reads ./results/2_trimmed_output/sample_trimmed.fq \
--aligned ./results/3_rRNA/aligned/sample_aligned.fq \
--other ./results/3_rRNA/filtered/sample_filtered.fq \
--fastx \
--log \
-a 4 \
-v

  ERROR: the file ./results/2_trimmed_output/sample_trimmed.fq could not be opened: No such file or directory.

(base) wanzi@WanziMacBook workflow % for file in ./results/2_trimmed_output:
for> --ref $sortmernaREF \
--reads ./results/2_trimmed_output/*_trimmed.fq \
--aligned ./results/3_rRNA/aligned/*_aligned.fq \
--other ./results/3_rRNA/filtered/8_filtered.fq \
--fastx \
--log \
-a 4 \
-v
zsh: no matches found: ./results/3_rRNA/aligned/*_aligned.fq
(base) wanzi@WanziMacBook workflow % for file in ./results/2_trimmed_output:
--ref $sortmernaREF \
--reads ./results/2_trimmed_output/*_trimmed.fq \
--aligned ./results/3_rRNA/aligned/*_aligned.fq \
--other ./results/3_rRNA/filtered/*_filtered.fq \
--fastx \
--log \
-a 4 \
-v
zsh: no matches found: ./results/3_rRNA/aligned/*_aligned.fq
(base) wanzi@WanziMacBook workflow % for file in ./results/2_trimmed_output:
--ref $sortmernaREF \
--reads ./results/2_trimmed_output/*_trimmed.fq \
--aligned ./results/3_rRNA/aligned/file_aligned.fq \
--other ./results/3_rRNA/filtered/file_filtered.fq \
--fastx \
--log \
-a 4 \
-v
zsh: command not found: --ref
(base) wanzi@WanziMacBook workflow % for file in ./results/2_trimmed_output:
do --ref $sortmernaREF \
--reads ./results/2_trimmed_output/*_trimmed.fq \
--aligned ./results/3_rRNA/aligned/file_aligned.fq \
--other ./results/3_rRNA/filtered/file_filtered.fq \
--fastx \
--log \
-a 4 \
-v
for> --ref $sortmernaREF \
--reads ./results/2_trimmed_output/*_trimmed.fq \
--aligned ./results/3_rRNA/aligned/file_aligned.fq \
--other ./results/3_rRNA/filtered/file_filtered.fq \
--fastx \
--log \
-a 4 \
-v
for> done
zsh: command not found: --ref
zsh: command not found: --ref
(base) wanzi@WanziMacBook workflow % ls ./results/2_trimmed_output          
SRR1374921.fastq_trimming_report.txt	SRR1374922.fastq_trimming_report.txt	SRR1374923.fastq_trimming_report.txt	SRR1374924.fastq_trimming_report.txt
SRR1374921_trimmed.fq			SRR1374922_trimmed.fq			SRR1374923_trimmed.fq			SRR1374924_trimmed.fq
SRR1374921_trimmed_fastqc.html		SRR1374922_trimmed_fastqc.html		SRR1374923_trimmed_fastqc.html		SRR1374924_trimmed_fastqc.html
SRR1374921_trimmed_fastqc.zip		SRR1374922_trimmed_fastqc.zip		SRR1374923_trimmed_fastqc.zip		SRR1374924_trimmed_fastqc.zip
(base) wanzi@WanziMacBook workflow % sortmerna \
--ref $sortmernaREF \
--reads results/2_trimmed_output/SRR1374921_trimmed.fq \ 
--aligned results/3_rRNA/aligned/SRR1374921_aligned.fq \ 
--other results/3_rRNA/filtered/SRR1374921_filtered.fq \ 
--fastx \
--log \
-a 4 \                  
-v

  Program:     SortMeRNA version 2.1b, 03/03/2016
  Copyright:   2012-16 Bonsai Bioinformatics Research Group:
               LIFL, University Lille 1, CNRS UMR 8022, INRIA Nord-Europe
               2014-16 Knight Lab:
               Department of Pediatrics, UCSD, La Jolla,
  Disclaimer:  SortMeRNA comes with ABSOLUTELY NO WARRANTY; without even the
               implied warranty of MERCHANTABILITY or FITNESS FOR A PARTICULAR PURPOSE.
               See the GNU Lesser General Public License for more details.
  Contact:     Evguenia Kopylova, jenya.kopylov@gmail.com 
               Laurent Noé, laurent.noe@lifl.fr
               Hélène Touzet, helene.touzet@lifl.fr


  Computing read file statistics ... done [150.83 sec]
  size of reads file: 6059475486 bytes
  partial section(s) to be executed: 6 of size 1073741824 bytes 
  Parameters summary:
    Number of seeds = 2
    Edges = 4 (as integer)
    SW match = 2
    SW mismatch = -3
    SW gap open penalty = 5
    SW gap extend penalty = 2
    SW ambiguous nucleotide = -3
    SQ tags are not output
    Number of threads = 1 (OpenMP is not supported with your current C++ compiler).

  Begin mmap reads section # 1:
  Time to mmap reads and set up pointers [4.52 sec]

  Begin analysis of: sortmerna_db/rRNA_databases/silva-arc-16s-id95.fasta
    Seed length = 18
    Pass 1 = 18, Pass 2 = 9, Pass 3 = 3
    Gumbel lambda = 0.596286
    Gumbel K = 0.322254
    Minimal SW score based on E-value = 58
    Loading index part 1/1 ...  done [0.48 sec]
    Begin index search ...  done [114.60 sec]
    Freeing index ...  done [0.05 sec]

  Begin analysis of: sortmerna_db/rRNA_databases/silva-arc-23s-id98.fasta
    Seed length = 18
    Pass 1 = 18, Pass 2 = 9, Pass 3 = 3
    Gumbel lambda = 0.597507
    Gumbel K = 0.331576
    Minimal SW score based on E-value = 55
    Loading index part 1/1 ...  done [0.23 sec]
    Begin index search ...  done [99.22 sec]
    Freeing index ...  done [0.02 sec]

  Begin analysis of: sortmerna_db/rRNA_databases/silva-bac-16s-id90.fasta
    Seed length = 18
    Pass 1 = 18, Pass 2 = 9, Pass 3 = 3
    Gumbel lambda = 0.602725
    Gumbel K = 0.329559
    Minimal SW score based on E-value = 60
    Loading index part 1/1 ...  done [1.52 sec]
    Begin index search ...  done [178.11 sec]
    Freeing index ...  done [0.18 sec]

  Begin analysis of: sortmerna_db/rRNA_databases/silva-bac-23s-id98.fasta
    Seed length = 18
    Pass 1 = 18, Pass 2 = 9, Pass 3 = 3
    Gumbel lambda = 0.602436
    Gumbel K = 0.335011
    Minimal SW score based on E-value = 59
    Loading index part 1/1 ...  done [1.00 sec]
    Begin index search ...  done [166.25 sec]
    Freeing index ...  done [0.14 sec]

  Begin analysis of: sortmerna_db/rRNA_databases/silva-euk-18s-id95.fasta
    Seed length = 18
    Pass 1 = 18, Pass 2 = 9, Pass 3 = 3
    Gumbel lambda = 0.612551
    Gumbel K = 0.339810
    Minimal SW score based on E-value = 58
    Loading index part 1/1 ...  done [1.08 sec]
    Begin index search ...  done [195.45 sec]
    Freeing index ...  done [0.14 sec]

  Begin analysis of: sortmerna_db/rRNA_databases/silva-euk-28s-id98.fasta
    Seed length = 18
    Pass 1 = 18, Pass 2 = 9, Pass 3 = 3
    Gumbel lambda = 0.612082
    Gumbel K = 0.345772
    Minimal SW score based on E-value = 59
    Loading index part 1/1 ...  done [1.13 sec]
    Begin index search ...  done [211.05 sec]
    Freeing index ...  done [0.16 sec]
    Total number of reads mapped (incl. all reads file sections searched): 164230
    Writing aligned FASTA/FASTQ ...  done [0.48 sec]
    Writing not-aligned FASTA/FASTQ ...  done [18.50 sec]

  Begin mmap reads section # 2:
  Time to mmap reads and set up pointers [8.03 sec]

  Begin analysis of: sortmerna_db/rRNA_databases/silva-arc-16s-id95.fasta
    Loading index part 1/1 ...  done [0.49 sec]
    Begin index search ...  done [117.46 sec]
    Freeing index ...  done [0.05 sec]

  Begin analysis of: sortmerna_db/rRNA_databases/silva-arc-23s-id98.fasta
    Loading index part 1/1 ...  done [0.23 sec]
    Begin index search ...  done [96.35 sec]
    Freeing index ...  done [0.01 sec]

  Begin analysis of: sortmerna_db/rRNA_databases/silva-bac-16s-id90.fasta
    Loading index part 1/1 ...  done [1.53 sec]
    Begin index search ...  done [182.53 sec]
    Freeing index ...  done [0.21 sec]

  Begin analysis of: sortmerna_db/rRNA_databases/silva-bac-23s-id98.fasta
    Loading index part 1/1 ...  done [1.11 sec]
    Begin index search ...  done [166.37 sec]
    Freeing index ...  done [0.15 sec]

  Begin analysis of: sortmerna_db/rRNA_databases/silva-euk-18s-id95.fasta
    Loading index part 1/1 ...  done [1.05 sec]
    Begin index search ...  done [196.48 sec]
    Freeing index ...  done [0.16 sec]

  Begin analysis of: sortmerna_db/rRNA_databases/silva-euk-28s-id98.fasta
    Loading index part 1/1 ...  done [1.14 sec]
    Begin index search ...  done [209.59 sec]
    Freeing index ...  done [0.15 sec]
    Total number of reads mapped (incl. all reads file sections searched): 328843
    Writing aligned FASTA/FASTQ ...  done [0.46 sec]
    Writing not-aligned FASTA/FASTQ ...  done [49.99 sec]

  Begin mmap reads section # 3:
  Time to mmap reads and set up pointers [4.96 sec]

  Begin analysis of: sortmerna_db/rRNA_databases/silva-arc-16s-id95.fasta
    Loading index part 1/1 ...  done [0.50 sec]
    Begin index search ...  done [1072.34 sec]
    Freeing index ...  done [0.05 sec]

  Begin analysis of: sortmerna_db/rRNA_databases/silva-arc-23s-id98.fasta
    Loading index part 1/1 ...  done [0.24 sec]
    Begin index search ...  done [95.45 sec]
    Freeing index ...  done [0.02 sec]

  Begin analysis of: sortmerna_db/rRNA_databases/silva-bac-16s-id90.fasta
    Loading index part 1/1 ...  done [1.52 sec]
    Begin index search ...  done [179.77 sec]
    Freeing index ...  done [0.18 sec]

  Begin analysis of: sortmerna_db/rRNA_databases/silva-bac-23s-id98.fasta
    Loading index part 1/1 ...  done [1.03 sec]
    Begin index search ...  done [165.14 sec]
    Freeing index ...  done [0.12 sec]

  Begin analysis of: sortmerna_db/rRNA_databases/silva-euk-18s-id95.fasta
    Loading index part 1/1 ...  done [1.08 sec]
    Begin index search ...  done [198.49 sec]
    Freeing index ...  done [0.27 sec]

  Begin analysis of: sortmerna_db/rRNA_databases/silva-euk-28s-id98.fasta
    Loading index part 1/1 ...  done [1.16 sec]
    Begin index search ...  done [208.35 sec]
    Freeing index ...  done [0.16 sec]
    Total number of reads mapped (incl. all reads file sections searched): 494013
    Writing aligned FASTA/FASTQ ...  done [0.47 sec]
    Writing not-aligned FASTA/FASTQ ...  done [17.94 sec]

  Begin mmap reads section # 4:
  Time to mmap reads and set up pointers [5.82 sec]

  Begin analysis of: sortmerna_db/rRNA_databases/silva-arc-16s-id95.fasta
    Loading index part 1/1 ...  done [0.52 sec]
    Begin index search ...  done [115.55 sec]
    Freeing index ...  done [0.04 sec]

  Begin analysis of: sortmerna_db/rRNA_databases/silva-arc-23s-id98.fasta
    Loading index part 1/1 ...  done [0.25 sec]
    Begin index search ...  done [93.30 sec]
    Freeing index ...  done [0.01 sec]

  Begin analysis of: sortmerna_db/rRNA_databases/silva-bac-16s-id90.fasta
    Loading index part 1/1 ...  done [1.62 sec]
    Begin index search ...  done [181.45 sec]
    Freeing index ...  done [0.23 sec]

  Begin analysis of: sortmerna_db/rRNA_databases/silva-bac-23s-id98.fasta
    Loading index part 1/1 ...  done [1.05 sec]
    Begin index search ...  done [170.10 sec]
    Freeing index ...  done [0.14 sec]

  Begin analysis of: sortmerna_db/rRNA_databases/silva-euk-18s-id95.fasta
    Loading index part 1/1 ...  done [1.17 sec]
    Begin index search ...  done [211.42 sec]
    Freeing index ...  done [0.18 sec]

  Begin analysis of: sortmerna_db/rRNA_databases/silva-euk-28s-id98.fasta
    Loading index part 1/1 ...  done [1.14 sec]
    Begin index search ...  done [226.81 sec]
    Freeing index ...  done [0.18 sec]
    Total number of reads mapped (incl. all reads file sections searched): 656319
    Writing aligned FASTA/FASTQ ...  done [0.58 sec]
    Writing not-aligned FASTA/FASTQ ...  done [21.13 sec]

  Begin mmap reads section # 5:
  Time to mmap reads and set up pointers [8.34 sec]

  Begin analysis of: sortmerna_db/rRNA_databases/silva-arc-16s-id95.fasta
    Loading index part 1/1 ...  done [0.57 sec]
    Begin index search ...  done [126.50 sec]
    Freeing index ...  done [0.05 sec]

  Begin analysis of: sortmerna_db/rRNA_databases/silva-arc-23s-id98.fasta
    Loading index part 1/1 ...  done [0.23 sec]
    Begin index search ...  done [103.59 sec]
    Freeing index ...  done [0.02 sec]

  Begin analysis of: sortmerna_db/rRNA_databases/silva-bac-16s-id90.fasta
    Loading index part 1/1 ...  done [1.47 sec]
    Begin index search ...  done [200.96 sec]
    Freeing index ...  done [0.36 sec]

  Begin analysis of: sortmerna_db/rRNA_databases/silva-bac-23s-id98.fasta
    Loading index part 1/1 ...  done [1.14 sec]
    Begin index search ...  done [195.66 sec]
    Freeing index ...  done [0.21 sec]

  Begin analysis of: sortmerna_db/rRNA_databases/silva-euk-18s-id95.fasta
    Loading index part 1/1 ...  done [1.49 sec]
    Begin index search ...  done [224.12 sec]
    Freeing index ...  done [0.19 sec]

  Begin analysis of: sortmerna_db/rRNA_databases/silva-euk-28s-id98.fasta
    Loading index part 1/1 ...  done [1.60 sec]
    Begin index search ...  done [236.44 sec]
    Freeing index ...  done [0.22 sec]
    Total number of reads mapped (incl. all reads file sections searched): 820636
    Writing aligned FASTA/FASTQ ...  done [0.55 sec]
    Writing not-aligned FASTA/FASTQ ...  done [21.61 sec]

  Begin mmap reads section # 6:
  Time to mmap reads and set up pointers [4.18 sec]

  Begin analysis of: sortmerna_db/rRNA_databases/silva-arc-16s-id95.fasta
    Loading index part 1/1 ...  done [0.60 sec]
    Begin index search ...  done [88.32 sec]
    Freeing index ...  done [0.05 sec]

  Begin analysis of: sortmerna_db/rRNA_databases/silva-arc-23s-id98.fasta
    Loading index part 1/1 ...  done [0.24 sec]
    Begin index search ...  done [70.61 sec]
    Freeing index ...  done [0.02 sec]

  Begin analysis of: sortmerna_db/rRNA_databases/silva-bac-16s-id90.fasta
    Loading index part 1/1 ...  done [1.76 sec]
    Begin index search ...  done [123.51 sec]
    Freeing index ...  done [0.21 sec]

  Begin analysis of: sortmerna_db/rRNA_databases/silva-bac-23s-id98.fasta
    Loading index part 1/1 ...  done [1.06 sec]
    Begin index search ...  done [109.63 sec]
    Freeing index ...  done [0.41 sec]

  Begin analysis of: sortmerna_db/rRNA_databases/silva-euk-18s-id95.fasta
    Loading index part 1/1 ...  done [1.09 sec]
    Begin index search ...  done [129.74 sec]
    Freeing index ...  done [0.15 sec]

  Begin analysis of: sortmerna_db/rRNA_databases/silva-euk-28s-id98.fasta
    Loading index part 1/1 ...  done [1.16 sec]
    Begin index search ...  done [137.35 sec]
    Freeing index ...  done [0.17 sec]
    Total number of reads mapped (incl. all reads file sections searched): 926488
    Writing aligned FASTA/FASTQ ...  done [0.32 sec]
    Writing not-aligned FASTA/FASTQ ...  done [12.76 sec]
(base) wanzi@WanziMacBook workflow % 
